Archive member included to satisfy reference by file (symbol)

/home/emanuel/Desktop/arm-gnu-toolchain-13.3.rel1-x86_64-arm-none-eabi/bin/../lib/gcc/arm-none-eabi/13.3.1/../../../../arm-none-eabi/lib/thumb/v6-m/nofp/libc_nano.a(libc_a-exit.o)
                              /home/emanuel/Desktop/arm-gnu-toolchain-13.3.rel1-x86_64-arm-none-eabi/bin/../lib/gcc/arm-none-eabi/13.3.1/../../../../arm-none-eabi/lib/thumb/v6-m/nofp/crt0.o (exit)
/home/emanuel/Desktop/arm-gnu-toolchain-13.3.rel1-x86_64-arm-none-eabi/bin/../lib/gcc/arm-none-eabi/13.3.1/../../../../arm-none-eabi/lib/thumb/v6-m/nofp/libc_nano.a(libc_a-errno.o)
                              ./Core/Src/syscalls.o (__errno)
/home/emanuel/Desktop/arm-gnu-toolchain-13.3.rel1-x86_64-arm-none-eabi/bin/../lib/gcc/arm-none-eabi/13.3.1/../../../../arm-none-eabi/lib/thumb/v6-m/nofp/libc_nano.a(libc_a-init.o)
                              /home/emanuel/Desktop/arm-gnu-toolchain-13.3.rel1-x86_64-arm-none-eabi/bin/../lib/gcc/arm-none-eabi/13.3.1/../../../../arm-none-eabi/lib/thumb/v6-m/nofp/crt0.o (__libc_init_array)
/home/emanuel/Desktop/arm-gnu-toolchain-13.3.rel1-x86_64-arm-none-eabi/bin/../lib/gcc/arm-none-eabi/13.3.1/../../../../arm-none-eabi/lib/thumb/v6-m/nofp/libc_nano.a(libc_a-nano-vfprintf_float.o)
                              (_printf_float)
/home/emanuel/Desktop/arm-gnu-toolchain-13.3.rel1-x86_64-arm-none-eabi/bin/../lib/gcc/arm-none-eabi/13.3.1/../../../../arm-none-eabi/lib/thumb/v6-m/nofp/libc_nano.a(libc_a-memset.o)
                              /home/emanuel/Desktop/arm-gnu-toolchain-13.3.rel1-x86_64-arm-none-eabi/bin/../lib/gcc/arm-none-eabi/13.3.1/../../../../arm-none-eabi/lib/thumb/v6-m/nofp/crt0.o (memset)
/home/emanuel/Desktop/arm-gnu-toolchain-13.3.rel1-x86_64-arm-none-eabi/bin/../lib/gcc/arm-none-eabi/13.3.1/../../../../arm-none-eabi/lib/thumb/v6-m/nofp/libc_nano.a(libc_a-localeconv.o)
                              /home/emanuel/Desktop/arm-gnu-toolchain-13.3.rel1-x86_64-arm-none-eabi/bin/../lib/gcc/arm-none-eabi/13.3.1/../../../../arm-none-eabi/lib/thumb/v6-m/nofp/libc_nano.a(libc_a-nano-vfprintf_float.o) (_localeconv_r)
/home/emanuel/Desktop/arm-gnu-toolchain-13.3.rel1-x86_64-arm-none-eabi/bin/../lib/gcc/arm-none-eabi/13.3.1/../../../../arm-none-eabi/lib/thumb/v6-m/nofp/libc_nano.a(libc_a-strcmp.o)
                              ./Core/Src/debug_handler.o (strcmp)
/home/emanuel/Desktop/arm-gnu-toolchain-13.3.rel1-x86_64-arm-none-eabi/bin/../lib/gcc/arm-none-eabi/13.3.1/../../../../arm-none-eabi/lib/thumb/v6-m/nofp/libc_nano.a(libc_a-nano-vfprintf_i.o)
                              /home/emanuel/Desktop/arm-gnu-toolchain-13.3.rel1-x86_64-arm-none-eabi/bin/../lib/gcc/arm-none-eabi/13.3.1/../../../../arm-none-eabi/lib/thumb/v6-m/nofp/libc_nano.a(libc_a-nano-vfprintf_float.o) (_printf_common)
/home/emanuel/Desktop/arm-gnu-toolchain-13.3.rel1-x86_64-arm-none-eabi/bin/../lib/gcc/arm-none-eabi/13.3.1/../../../../arm-none-eabi/lib/thumb/v6-m/nofp/libc_nano.a(libc_a-nano-vfscanf_float.o)
                              (_scanf_float)
/home/emanuel/Desktop/arm-gnu-toolchain-13.3.rel1-x86_64-arm-none-eabi/bin/../lib/gcc/arm-none-eabi/13.3.1/../../../../arm-none-eabi/lib/thumb/v6-m/nofp/libc_nano.a(libc_a-reent.o)
                              ./Middlewares/Third_Party/FreeRTOS/Source/tasks.o (_reclaim_reent)
/home/emanuel/Desktop/arm-gnu-toolchain-13.3.rel1-x86_64-arm-none-eabi/bin/../lib/gcc/arm-none-eabi/13.3.1/../../../../arm-none-eabi/lib/thumb/v6-m/nofp/libc_nano.a(libc_a-impure.o)
                              ./Middlewares/Third_Party/FreeRTOS/Source/tasks.o (_impure_ptr)
/home/emanuel/Desktop/arm-gnu-toolchain-13.3.rel1-x86_64-arm-none-eabi/bin/../lib/gcc/arm-none-eabi/13.3.1/../../../../arm-none-eabi/lib/thumb/v6-m/nofp/libc_nano.a(libc_a-memchr-stub.o)
                              /home/emanuel/Desktop/arm-gnu-toolchain-13.3.rel1-x86_64-arm-none-eabi/bin/../lib/gcc/arm-none-eabi/13.3.1/../../../../arm-none-eabi/lib/thumb/v6-m/nofp/libc_nano.a(libc_a-nano-vfprintf_i.o) (memchr)
/home/emanuel/Desktop/arm-gnu-toolchain-13.3.rel1-x86_64-arm-none-eabi/bin/../lib/gcc/arm-none-eabi/13.3.1/../../../../arm-none-eabi/lib/thumb/v6-m/nofp/libc_nano.a(libc_a-memcpy-stub.o)
                              ./Middlewares/Third_Party/FreeRTOS/Source/CMSIS_RTOS_V2/cmsis_os2.o (memcpy)
/home/emanuel/Desktop/arm-gnu-toolchain-13.3.rel1-x86_64-arm-none-eabi/bin/../lib/gcc/arm-none-eabi/13.3.1/../../../../arm-none-eabi/lib/thumb/v6-m/nofp/libc_nano.a(libc_a-strlen.o)
                              /home/emanuel/Desktop/arm-gnu-toolchain-13.3.rel1-x86_64-arm-none-eabi/bin/../lib/gcc/arm-none-eabi/13.3.1/../../../../arm-none-eabi/lib/thumb/v6-m/nofp/libc_nano.a(libc_a-nano-vfprintf_float.o) (strlen)
/home/emanuel/Desktop/arm-gnu-toolchain-13.3.rel1-x86_64-arm-none-eabi/bin/../lib/gcc/arm-none-eabi/13.3.1/../../../../arm-none-eabi/lib/thumb/v6-m/nofp/libc_nano.a(libc_a-findfp.o)
                              ./Middlewares/Third_Party/FreeRTOS/Source/tasks.o (__sf)
[...]
Memory Configuration

Name             Origin             Length             Attributes
RAM              0x20000000         0x00005000         xrw
FLASH            0x08000000         0x00030000         xr
*default*        0x00000000         0xffffffff

Linker script and memory map

LOAD /home/emanuel/Desktop/arm-gnu-toolchain-13.3.rel1-x86_64-arm-none-eabi/bin/../lib/gcc/arm-none-eabi/13.3.1/thumb/v6-m/nofp/crti.o
LOAD /home/emanuel/Desktop/arm-gnu-toolchain-13.3.rel1-x86_64-arm-none-eabi/bin/../lib/gcc/arm-none-eabi/13.3.1/thumb/v6-m/nofp/crtbegin.o
LOAD /home/emanuel/Desktop/arm-gnu-toolchain-13.3.rel1-x86_64-arm-none-eabi/bin/../lib/gcc/arm-none-eabi/13.3.1/../../../../arm-none-eabi/lib/thumb/v6-m/nofp/crt0.o
LOAD ./Core/Src/debug_handler.o
LOAD ./Core/Src/freertos.o
LOAD ./Core/Src/main.o
LOAD ./Core/Src/main_task.o
LOAD ./Core/Src/stm32l0xx_hal_msp.o
LOAD ./Core/Src/stm32l0xx_hal_timebase_tim.o
LOAD ./Core/Src/stm32l0xx_it.o
LOAD ./Core/Src/syscalls.o
LOAD ./Core/Src/sysmem.o
LOAD ./Core/Src/system_stm32l0xx.o
LOAD ./Core/Src/touchscreen_task.o
LOAD ./Core/Src/uart_utilities.o
LOAD ./Core/Startup/startup_stm32l073rztx.o
LOAD ./Drivers/STM32L0xx_HAL_Driver/Src/stm32l0xx_hal.o
LOAD ./Drivers/STM32L0xx_HAL_Driver/Src/stm32l0xx_hal_cortex.o
LOAD ./Drivers/STM32L0xx_HAL_Driver/Src/stm32l0xx_hal_dma.o
LOAD ./Drivers/STM32L0xx_HAL_Driver/Src/stm32l0xx_hal_exti.o
LOAD ./Drivers/STM32L0xx_HAL_Driver/Src/stm32l0xx_hal_flash.o
LOAD ./Drivers/STM32L0xx_HAL_Driver/Src/stm32l0xx_hal_flash_ex.o
LOAD ./Drivers/STM32L0xx_HAL_Driver/Src/stm32l0xx_hal_flash_ramfunc.o
LOAD ./Drivers/STM32L0xx_HAL_Driver/Src/stm32l0xx_hal_gpio.o
LOAD ./Drivers/STM32L0xx_HAL_Driver/Src/stm32l0xx_hal_i2c.o
LOAD ./Drivers/STM32L0xx_HAL_Driver/Src/stm32l0xx_hal_i2c_ex.o
LOAD ./Drivers/STM32L0xx_HAL_Driver/Src/stm32l0xx_hal_pwr.o
LOAD ./Drivers/STM32L0xx_HAL_Driver/Src/stm32l0xx_hal_pwr_ex.o
LOAD ./Drivers/STM32L0xx_HAL_Driver/Src/stm32l0xx_hal_rcc.o
LOAD ./Drivers/STM32L0xx_HAL_Driver/Src/stm32l0xx_hal_rcc_ex.o
LOAD ./Drivers/STM32L0xx_HAL_Driver/Src/stm32l0xx_hal_spi.o
LOAD ./Drivers/STM32L0xx_HAL_Driver/Src/stm32l0xx_hal_tim.o
LOAD ./Drivers/STM32L0xx_HAL_Driver/Src/stm32l0xx_hal_tim_ex.o
LOAD ./Drivers/STM32L0xx_HAL_Driver/Src/stm32l0xx_hal_uart.o
LOAD ./Drivers/STM32L0xx_HAL_Driver/Src/stm32l0xx_hal_uart_ex.o
LOAD ./External/ili9341/fonts.o
LOAD ./External/ili9341/ili9341.o
LOAD ./External/ili9341/ili9341_touch.o
LOAD ./Middlewares/Third_Party/FreeRTOS/Source/CMSIS_RTOS_V2/cmsis_os2.o
LOAD ./Middlewares/Third_Party/FreeRTOS/Source/croutine.o
LOAD ./Middlewares/Third_Party/FreeRTOS/Source/event_groups.o
LOAD ./Middlewares/Third_Party/FreeRTOS/Source/list.o
LOAD ./Middlewares/Third_Party/FreeRTOS/Source/queue.o
LOAD ./Middlewares/Third_Party/FreeRTOS/Source/stream_buffer.o
LOAD ./Middlewares/Third_Party/FreeRTOS/Source/tasks.o
LOAD ./Middlewares/Third_Party/FreeRTOS/Source/timers.o
LOAD ./Middlewares/Third_Party/FreeRTOS/Source/portable/GCC/ARM_CM0/port.o
LOAD ./Middlewares/Third_Party/FreeRTOS/Source/portable/MemMang/heap_4.o
START GROUP
LOAD /home/emanuel/Desktop/arm-gnu-toolchain-13.3.rel1-x86_64-arm-none-eabi/bin/../lib/gcc/arm-none-eabi/13.3.1/../../../../arm-none-eabi/lib/thumb/v6-m/nofp/libstdc++_nano.a
LOAD /home/emanuel/Desktop/arm-gnu-toolchain-13.3.rel1-x86_64-arm-none-eabi/bin/../lib/gcc/arm-none-eabi/13.3.1/../../../../arm-none-eabi/lib/thumb/v6-m/nofp/libsupc++_nano.a
END GROUP
LOAD /home/emanuel/Desktop/arm-gnu-toolchain-13.3.rel1-x86_64-arm-none-eabi/bin/../lib/gcc/arm-none-eabi/13.3.1/../../../../arm-none-eabi/lib/thumb/v6-m/nofp/libstdc++_nano.a
LOAD /home/emanuel/Desktop/arm-gnu-toolchain-13.3.rel1-x86_64-arm-none-eabi/bin/../lib/gcc/arm-none-eabi/13.3.1/../../../../arm-none-eabi/lib/thumb/v6-m/nofp/libm.a
LOAD /home/emanuel/Desktop/arm-gnu-toolchain-13.3.rel1-x86_64-arm-none-eabi/bin/../lib/gcc/arm-none-eabi/13.3.1/../../../../arm-none-eabi/lib/thumb/v6-m/nofp/libc_nano.a
START GROUP
LOAD /home/emanuel/Desktop/arm-gnu-toolchain-13.3.rel1-x86_64-arm-none-eabi/bin/../lib/gcc/arm-none-eabi/13.3.1/thumb/v6-m/nofp/libgcc.a
LOAD /home/emanuel/Desktop/arm-gnu-toolchain-13.3.rel1-x86_64-arm-none-eabi/bin/../lib/gcc/arm-none-eabi/13.3.1/../../../../arm-none-eabi/lib/thumb/v6-m/nofp/libc_nano.a
END GROUP
START GROUP
LOAD /home/emanuel/Desktop/arm-gnu-toolchain-13.3.rel1-x86_64-arm-none-eabi/bin/../lib/gcc/arm-none-eabi/13.3.1/thumb/v6-m/nofp/libgcc.a
LOAD /home/emanuel/Desktop/arm-gnu-toolchain-13.3.rel1-x86_64-arm-none-eabi/bin/../lib/gcc/arm-none-eabi/13.3.1/../../../../arm-none-eabi/lib/thumb/v6-m/nofp/libc_nano.a
END GROUP
LOAD /home/emanuel/Desktop/arm-gnu-toolchain-13.3.rel1-x86_64-arm-none-eabi/bin/../lib/gcc/arm-none-eabi/13.3.1/thumb/v6-m/nofp/crtend.o
LOAD /home/emanuel/Desktop/arm-gnu-toolchain-13.3.rel1-x86_64-arm-none-eabi/bin/../lib/gcc/arm-none-eabi/13.3.1/thumb/v6-m/nofp/crtn.o
                0x20005000                        _estack = (ORIGIN (RAM) + LENGTH (RAM))
                0x00000200                        _Min_Heap_Size = 0x200
                0x00000400                        _Min_Stack_Size = 0x400

.isr_vector     0x08000000       0xc0
                0x08000000                        . = ALIGN (0x4)
 *(.isr_vector)
 .isr_vector    0x08000000       0xc0 ./Core/Startup/startup_stm32l073rztx.o
                0x08000000                g_pfnVectors
                0x080000c0                        . = ALIGN (0x4)

.text           0x080000c0    0x10448
                0x080000c0                        . = ALIGN (0x4)
 *(.text)
 .text          0x080000c0        0xe /home/emanuel/Desktop/arm-gnu-toolchain-13.3.rel1-x86_64-arm-none-eabi/bin/../lib/gcc/arm-none-eabi/13.3.1/../../../../arm-none-eabi/lib/thumb/v6-m/nofp/libc_nano.a(libc_a-strlen.o)
                0x080000c0                strlen
 *fill*         0x080000ce        0x2 
 .text          0x080000d0       0x14 /home/emanuel/Desktop/arm-gnu-toolchain-13.3.rel1-x86_64-arm-none-eabi/bin/../lib/gcc/arm-none-eabi/13.3.1/thumb/v6-m/nofp/libgcc.a(_thumb1_case_uqi.o)
                0x080000d0                __gnu_thumb1_case_uqi
 .text          0x080000e4       0x14 /home/emanuel/Desktop/arm-gnu-toolchain-13.3.rel1-x86_64-arm-none-eabi/bin/../lib/gcc/arm-none-eabi/13.3.1/thumb/v6-m/nofp/libgcc.a(_thumb1_case_shi.o)
                0x080000e4                __gnu_thumb1_case_shi
 .text          0x080000f8      0x114 /home/emanuel/Desktop/arm-gnu-toolchain-13.3.rel1-x86_64-arm-none-eabi/bin/../lib/gcc/arm-none-eabi/13.3.1/thumb/v6-m/nofp/libgcc.a(_udivsi3.o)
                0x080000f8                __udivsi3
                0x080000f8                __aeabi_uidiv
                0x08000204                __aeabi_uidivmod
 .text          0x0800020c      0x1d4 /home/emanuel/Desktop/arm-gnu-toolchain-13.3.rel1-x86_64-arm-none-eabi/bin/../lib/gcc/arm-none-eabi/13.3.1/thumb/v6-m/nofp/libgcc.a(_divsi3.o)
                0x0800020c                __aeabi_idiv
                0x0800020c                __divsi3
                0x080003d8                __aeabi_idivmod
 .text          0x080003e0        0x4 /home/emanuel/Desktop/arm-gnu-toolchain-13.3.rel1-x86_64-arm-none-eabi/bin/../lib/gcc/arm-none-eabi/13.3.1/thumb/v6-m/nofp/libgcc.a(_dvmd_tls.o)
                0x080003e0                __aeabi_ldiv0
                0x080003e0                __aeabi_idiv0
 .text          0x080003e4       0x7c /home/emanuel/Desktop/arm-gnu-toolchain-13.3.rel1-x86_64-arm-none-eabi/bin/../lib/gcc/arm-none-eabi/13.3.1/thumb/v6-m/nofp/libgcc.a(_arm_cmpdf2.o)
                0x080003e4                __aeabi_cdrcmple
                0x080003f4                __aeabi_cdcmple
                0x080003f4                __aeabi_cdcmpeq
                0x08000404                __aeabi_dcmpeq
                0x08000410                __aeabi_dcmplt
                0x08000424                __aeabi_dcmple
                0x08000438                __aeabi_dcmpgt
                0x0800044c                __aeabi_dcmpge
 .text          0x08000460       0x40 /home/emanuel/Desktop/arm-gnu-toolchain-13.3.rel1-x86_64-arm-none-eabi/bin/../lib/gcc/arm-none-eabi/13.3.1/thumb/v6-m/nofp/libgcc.a(_aeabi_uldivmod.o)
                0x08000460                __aeabi_uldivmod
 .text          0x080004a0       0x3c /home/emanuel/Desktop/arm-gnu-toolchain-13.3.rel1-x86_64-arm-none-eabi/bin/../lib/gcc/arm-none-eabi/13.3.1/thumb/v6-m/nofp/libgcc.a(_clzsi2.o)
                0x080004a0                __clzsi2
 .text          0x080004dc       0x18 /home/emanuel/Desktop/arm-gnu-toolchain-13.3.rel1-x86_64-arm-none-eabi/bin/../lib/gcc/arm-none-eabi/13.3.1/thumb/v6-m/nofp/libgcc.a(_clzdi2.o)
                0x080004dc                __clzdi2
 *(.text*)
 .text.deregister_tm_clones
                0x080004f4       0x20 /home/emanuel/Desktop/arm-gnu-toolchain-13.3.rel1-x86_64-arm-none-eabi/bin/../lib/gcc/arm-none-eabi/13.3.1/thumb/v6-m/nofp/crtbegin.o
 .text.register_tm_clones
                0x08000514       0x28 /home/emanuel/Desktop/arm-gnu-toolchain-13.3.rel1-x86_64-arm-none-eabi/bin/../lib/gcc/arm-none-eabi/13.3.1/thumb/v6-m/nofp/crtbegin.o
 .text.__do_global_dtors_aux
                0x0800053c       0x2c /home/emanuel/Desktop/arm-gnu-toolchain-13.3.rel1-x86_64-arm-none-eabi/bin/../lib/gcc/arm-none-eabi/13.3.1/thumb/v6-m/nofp/crtbegin.o
 .text.frame_dummy
                0x08000568       0x24 /home/emanuel/Desktop/arm-gnu-toolchain-13.3.rel1-x86_64-arm-none-eabi/bin/../lib/gcc/arm-none-eabi/13.3.1/thumb/v6-m/nofp/crtbegin.o
 .text.registerDebugCallbacks
                0x0800058c       0x30 ./Core/Src/debug_handler.o
                0x0800058c                registerDebugCallbacks
 .text.setupDebugRtosObjects
                0x080005bc       0x5c ./Core/Src/debug_handler.o
                0x080005bc                setupDebugRtosObjects
 .text._Z15debugRxCallbackP20__UART_HandleTypeDeft
                0x08000618       0x5c ./Core/Src/debug_handler.o
                0x08000618                debugRxCallback(__UART_HandleTypeDef*, unsigned short)
 .text._Z11debugTxDoneP20__UART_HandleTypeDef
                0x08000674       0x34 ./Core/Src/debug_handler.o
                0x08000674                debugTxDone(__UART_HandleTypeDef*)
 .text.debugTxHandler
                0x080006a8       0x94 ./Core/Src/debug_handler.o
                0x080006a8                debugTxHandler
 .text._ZN5Debug6printfEPKcz
                0x0800073c       0x4c ./Core/Src/debug_handler.o
                0x0800073c                Debug::printf(char const*, ...)
 .text._Z41__static_initialization_and_destruction_0v
                0x08000788       0x30 ./Core/Src/debug_handler.o
 .text._GLOBAL__sub_I_debug_buffer
                0x080007b8        0xc ./Core/Src/debug_handler.o
 .text.main     0x080007c4       0xd8 ./Core/Src/main.o
                0x080007c4                main
 .text.SystemClock_Config
                0x0800089c       0xd0 ./Core/Src/main.o
                0x0800089c                SystemClock_Config
 .text.MX_SPI1_Init
                0x0800096c       0x70 ./Core/Src/main.o
 .text.MX_USART2_UART_Init
                0x080009dc       0x60 ./Core/Src/main.o
 .text.MX_DMA_Init
                0x08000a3c       0x4c ./Core/Src/main.o
 .text.MX_GPIO_Init
                0x08000a88      0x144 ./Core/Src/main.o
 .text.HAL_SPI_TxRxCpltCallback
                0x08000bcc       0x2c ./Core/Src/main.o
                0x08000bcc                HAL_SPI_TxRxCpltCallback
 .text.HAL_SPI_TxCpltCallback
                0x08000bf8       0x2c ./Core/Src/main.o
                0x08000bf8                HAL_SPI_TxCpltCallback
 .text.HAL_SPI_RxCpltCallback
                0x08000c24       0x2c ./Core/Src/main.o
                0x08000c24                HAL_SPI_RxCpltCallback
 .text.HAL_SPI_ErrorCallback
                0x08000c50       0x2c ./Core/Src/main.o
                0x08000c50                HAL_SPI_ErrorCallback
 .text.HAL_SPI_AbortCpltCallback
                0x08000c7c       0x2c ./Core/Src/main.o
                0x08000c7c                HAL_SPI_AbortCpltCallback
 .text.HAL_TIM_PeriodElapsedCallback
                0x08000ca8       0x24 ./Core/Src/main.o
                0x08000ca8                HAL_TIM_PeriodElapsedCallback
 .text.Error_Handler
                0x08000ccc        0xc ./Core/Src/main.o
                0x08000ccc                Error_Handler
 .text.mainHandler
                0x08000cd8      0x134 ./Core/Src/main_task.o
                0x08000cd8                mainHandler
 .text.HAL_MspInit
                0x08000e0c       0x38 ./Core/Src/stm32l0xx_hal_msp.o
                0x08000e0c                HAL_MspInit
 .text.HAL_SPI_MspInit
                0x08000e44      0x13c ./Core/Src/stm32l0xx_hal_msp.o
                0x08000e44                HAL_SPI_MspInit
 .text.HAL_UART_MspInit
                0x08000f80      0x14c ./Core/Src/stm32l0xx_hal_msp.o
                0x08000f80                HAL_UART_MspInit
 .text.HAL_InitTick
                0x080010cc       0xfc ./Core/Src/stm32l0xx_hal_timebase_tim.o
                0x080010cc                HAL_InitTick
 .text.NMI_Handler
                0x080011c8        0x8 ./Core/Src/stm32l0xx_it.o
                0x080011c8                NMI_Handler
 .text.HardFault_Handler
                0x080011d0        0x8 ./Core/Src/stm32l0xx_it.o
                0x080011d0                HardFault_Handler
 .text.EXTI4_15_IRQHandler
                0x080011d8       0x1e ./Core/Src/stm32l0xx_it.o
                0x080011d8                EXTI4_15_IRQHandler
 *fill*         0x080011f6        0x2 
 .text.DMA1_Channel2_3_IRQHandler
                0x080011f8       0x24 ./Core/Src/stm32l0xx_it.o
                0x080011f8                DMA1_Channel2_3_IRQHandler
 .text.DMA1_Channel4_5_6_7_IRQHandler
                0x0800121c       0x24 ./Core/Src/stm32l0xx_it.o
                0x0800121c                DMA1_Channel4_5_6_7_IRQHandler
 .text.TIM6_DAC_IRQHandler
                0x08001240       0x18 ./Core/Src/stm32l0xx_it.o
                0x08001240                TIM6_DAC_IRQHandler
 .text.USART2_IRQHandler
                0x08001258       0x18 ./Core/Src/stm32l0xx_it.o
                0x08001258                USART2_IRQHandler
 .text._getpid  0x08001270        0xc ./Core/Src/syscalls.o
                0x08001270                _getpid
 .text._kill    0x0800127c       0x20 ./Core/Src/syscalls.o
                0x0800127c                _kill
 .text._exit    0x0800129c       0x1a ./Core/Src/syscalls.o
                0x0800129c                _exit
 .text._read    0x080012b6       0x3a ./Core/Src/syscalls.o
                0x080012b6                _read
 .text._write   0x080012f0       0x38 ./Core/Src/syscalls.o
                0x080012f0                _write
 .text._close   0x08001328       0x14 ./Core/Src/syscalls.o
                0x08001328                _close
 .text._fstat   0x0800133c       0x1c ./Core/Src/syscalls.o
                0x0800133c                _fstat
 .text._isatty  0x08001358       0x12 ./Core/Src/syscalls.o
                0x08001358                _isatty
 .text._lseek   0x0800136a       0x16 ./Core/Src/syscalls.o
                0x0800136a                _lseek
 .text._sbrk    0x08001380       0x6c ./Core/Src/sysmem.o
                0x08001380                _sbrk
 .text.SystemInit
                0x080013ec        0xa ./Core/Src/system_stm32l0xx.o
                0x080013ec                SystemInit
 .text._Z14touchscreen_onv
                0x080013f6        0xa ./Core/Src/touchscreen_task.o
                0x080013f6                touchscreen_on()
 .text._Z15touchscreen_offv
                0x08001400        0xa ./Core/Src/touchscreen_task.o
                0x08001400                touchscreen_off()
 .text._Z16touchscreen_initv
                0x0800140a       0x20 ./Core/Src/touchscreen_task.o
                0x0800140a                touchscreen_init()
 .text._Z18touchscreen_deinitv
                0x0800142a       0x16 ./Core/Src/touchscreen_task.o
                0x0800142a                touchscreen_deinit()
 .text.setupTouchscreenObjects
                0x08001440       0x24 ./Core/Src/touchscreen_task.o
                0x08001440                setupTouchscreenObjects
 .text.displayHandler
                0x08001464      0x1b8 ./Core/Src/touchscreen_task.o
                0x08001464                displayHandler
 .text.touchHandler
                0x0800161c       0x54 ./Core/Src/touchscreen_task.o
                0x0800161c                touchHandler
 .text.uartRxCallback
                0x08001670      0x31c ./Core/Src/uart_utilities.o
                0x08001670                uartRxCallback
 .text.Reset_Handler
                0x0800198c       0x50 ./Core/Startup/startup_stm32l073rztx.o
                0x0800198c                Reset_Handler
 .text.Default_Handler
                0x080019dc        0x2 ./Core/Startup/startup_stm32l073rztx.o
                0x080019dc                TSC_IRQHandler
                0x080019dc                ADC1_COMP_IRQHandler
                0x080019dc                PVD_IRQHandler
                0x080019dc                I2C1_IRQHandler
                0x080019dc                RCC_CRS_IRQHandler
                0x080019dc                SPI1_IRQHandler
                0x080019dc                EXTI2_3_IRQHandler
                0x080019dc                I2C2_IRQHandler
                0x080019dc                RTC_IRQHandler
                0x080019dc                LCD_IRQHandler
                0x080019dc                TIM3_IRQHandler
                0x080019dc                DMA1_Channel1_IRQHandler
                0x080019dc                USART4_5_IRQHandler
                0x080019dc                Default_Handler
                0x080019dc                TIM22_IRQHandler
                0x080019dc                TIM7_IRQHandler
                0x080019dc                EXTI0_1_IRQHandler
                0x080019dc                USB_IRQHandler
                0x080019dc                I2C3_IRQHandler
                0x080019dc                SPI2_IRQHandler
                0x080019dc                TIM21_IRQHandler
                0x080019dc                WWDG_IRQHandler
                0x080019dc                TIM2_IRQHandler
                0x080019dc                FLASH_IRQHandler
                0x080019dc                USART1_IRQHandler
                0x080019dc                RNG_LPUART1_IRQHandler
                0x080019dc                LPTIM1_IRQHandler
 *fill*         0x080019de        0x2 
 .text.HAL_Init
                0x080019e0       0x40 ./Drivers/STM32L0xx_HAL_Driver/Src/stm32l0xx_hal.o
                0x080019e0                HAL_Init
 .text.HAL_IncTick
                0x08001a20       0x24 ./Drivers/STM32L0xx_HAL_Driver/Src/stm32l0xx_hal.o
                0x08001a20                HAL_IncTick
 .text.HAL_GetTick
                0x08001a44       0x14 ./Drivers/STM32L0xx_HAL_Driver/Src/stm32l0xx_hal.o
                0x08001a44                HAL_GetTick
 .text.__NVIC_EnableIRQ
                0x08001a58       0x34 ./Drivers/STM32L0xx_HAL_Driver/Src/stm32l0xx_hal_cortex.o
 .text.__NVIC_SetPriority
                0x08001a8c       0xdc ./Drivers/STM32L0xx_HAL_Driver/Src/stm32l0xx_hal_cortex.o
 .text.HAL_NVIC_SetPriority
                0x08001b68       0x2a ./Drivers/STM32L0xx_HAL_Driver/Src/stm32l0xx_hal_cortex.o
                0x08001b68                HAL_NVIC_SetPriority
 .text.HAL_NVIC_EnableIRQ
                0x08001b92       0x20 ./Drivers/STM32L0xx_HAL_Driver/Src/stm32l0xx_hal_cortex.o
                0x08001b92                HAL_NVIC_EnableIRQ
 *fill*         0x08001bb2        0x2 
 .text.HAL_DMA_Init
                0x08001bb4       0xf0 ./Drivers/STM32L0xx_HAL_Driver/Src/stm32l0xx_hal_dma.o
                0x08001bb4                HAL_DMA_Init
 .text.HAL_DMA_Start_IT
                0x08001ca4       0xcc ./Drivers/STM32L0xx_HAL_Driver/Src/stm32l0xx_hal_dma.o
                0x08001ca4                HAL_DMA_Start_IT
 .text.HAL_DMA_Abort
                0x08001d70       0x80 ./Drivers/STM32L0xx_HAL_Driver/Src/stm32l0xx_hal_dma.o
                0x08001d70                HAL_DMA_Abort
 .text.HAL_DMA_Abort_IT
                0x08001df0       0x8e ./Drivers/STM32L0xx_HAL_Driver/Src/stm32l0xx_hal_dma.o
                0x08001df0                HAL_DMA_Abort_IT
 .text.HAL_DMA_IRQHandler
                0x08001e7e      0x15c ./Drivers/STM32L0xx_HAL_Driver/Src/stm32l0xx_hal_dma.o
                0x08001e7e                HAL_DMA_IRQHandler
 .text.DMA_SetConfig
                0x08001fda       0x5c ./Drivers/STM32L0xx_HAL_Driver/Src/stm32l0xx_hal_dma.o
 *fill*         0x08002036        0x2 
 .text.HAL_GPIO_Init
                0x08002038      0x2fc ./Drivers/STM32L0xx_HAL_Driver/Src/stm32l0xx_hal_gpio.o
                0x08002038                HAL_GPIO_Init
 .text.HAL_GPIO_WritePin
                0x08002334       0x3a ./Drivers/STM32L0xx_HAL_Driver/Src/stm32l0xx_hal_gpio.o
                0x08002334                HAL_GPIO_WritePin
 *fill*         0x0800236e        0x2 
 .text.HAL_GPIO_EXTI_IRQHandler
                0x08002370       0x38 ./Drivers/STM32L0xx_HAL_Driver/Src/stm32l0xx_hal_gpio.o
                0x08002370                HAL_GPIO_EXTI_IRQHandler
 .text.HAL_GPIO_EXTI_Callback
                0x080023a8       0x14 ./Drivers/STM32L0xx_HAL_Driver/Src/stm32l0xx_hal_gpio.o
                0x080023a8                HAL_GPIO_EXTI_Callback
 .text.HAL_RCC_OscConfig
                0x080023bc      0x7a8 ./Drivers/STM32L0xx_HAL_Driver/Src/stm32l0xx_hal_rcc.o
                0x080023bc                HAL_RCC_OscConfig
 .text.HAL_RCC_ClockConfig
                0x08002b64      0x290 ./Drivers/STM32L0xx_HAL_Driver/Src/stm32l0xx_hal_rcc.o
                0x08002b64                HAL_RCC_ClockConfig
 .text.HAL_RCC_GetSysClockFreq
                0x08002df4      0x10c ./Drivers/STM32L0xx_HAL_Driver/Src/stm32l0xx_hal_rcc.o
                0x08002df4                HAL_RCC_GetSysClockFreq
 .text.HAL_RCC_GetHCLKFreq
                0x08002f00       0x14 ./Drivers/STM32L0xx_HAL_Driver/Src/stm32l0xx_hal_rcc.o
                0x08002f00                HAL_RCC_GetHCLKFreq
 .text.HAL_RCC_GetPCLK1Freq
                0x08002f14       0x2c ./Drivers/STM32L0xx_HAL_Driver/Src/stm32l0xx_hal_rcc.o
                0x08002f14                HAL_RCC_GetPCLK1Freq
 .text.HAL_RCC_GetPCLK2Freq
                0x08002f40       0x2c ./Drivers/STM32L0xx_HAL_Driver/Src/stm32l0xx_hal_rcc.o
                0x08002f40                HAL_RCC_GetPCLK2Freq
 .text.HAL_RCC_GetClockConfig
                0x08002f6c       0x64 ./Drivers/STM32L0xx_HAL_Driver/Src/stm32l0xx_hal_rcc.o
                0x08002f6c                HAL_RCC_GetClockConfig
 .text.HAL_RCCEx_PeriphCLKConfig
                0x08002fd0      0x33c ./Drivers/STM32L0xx_HAL_Driver/Src/stm32l0xx_hal_rcc_ex.o
                0x08002fd0                HAL_RCCEx_PeriphCLKConfig
 .text.HAL_SPI_Init
                0x0800330c      0x18c ./Drivers/STM32L0xx_HAL_Driver/Src/stm32l0xx_hal_spi.o
                0x0800330c                HAL_SPI_Init
 .text.HAL_SPI_Transmit
                0x08003498      0x2a0 ./Drivers/STM32L0xx_HAL_Driver/Src/stm32l0xx_hal_spi.o
                0x08003498                HAL_SPI_Transmit
 .text.HAL_SPI_Transmit_DMA
                0x08003738      0x16c ./Drivers/STM32L0xx_HAL_Driver/Src/stm32l0xx_hal_spi.o
                0x08003738                HAL_SPI_Transmit_DMA
 .text.HAL_SPI_TxHalfCpltCallback
                0x080038a4       0x10 ./Drivers/STM32L0xx_HAL_Driver/Src/stm32l0xx_hal_spi.o
                0x080038a4                HAL_SPI_TxHalfCpltCallback
 .text.HAL_SPI_RxHalfCpltCallback
                0x080038b4       0x10 ./Drivers/STM32L0xx_HAL_Driver/Src/stm32l0xx_hal_spi.o
                0x080038b4                HAL_SPI_RxHalfCpltCallback
 .text.HAL_SPI_TxRxHalfCpltCallback
                0x080038c4       0x10 ./Drivers/STM32L0xx_HAL_Driver/Src/stm32l0xx_hal_spi.o
                0x080038c4                HAL_SPI_TxRxHalfCpltCallback
 .text.SPI_DMATransmitCplt
                0x080038d4       0xb0 ./Drivers/STM32L0xx_HAL_Driver/Src/stm32l0xx_hal_spi.o
 .text.SPI_DMAHalfTransmitCplt
                0x08003984       0x20 ./Drivers/STM32L0xx_HAL_Driver/Src/stm32l0xx_hal_spi.o
 .text.SPI_DMAError
                0x080039a4       0x44 ./Drivers/STM32L0xx_HAL_Driver/Src/stm32l0xx_hal_spi.o
 .text.SPI_WaitFlagStateUntilTimeout
                0x080039e8      0x11c ./Drivers/STM32L0xx_HAL_Driver/Src/stm32l0xx_hal_spi.o
 .text.SPI_EndRxTxTransaction
                0x08003b04       0xb4 ./Drivers/STM32L0xx_HAL_Driver/Src/stm32l0xx_hal_spi.o
 .text.HAL_TIM_Base_Init
                0x08003bb8       0x80 ./Drivers/STM32L0xx_HAL_Driver/Src/stm32l0xx_hal_tim.o
                0x08003bb8                HAL_TIM_Base_Init
 .text.HAL_TIM_Base_MspInit
                0x08003c38       0x10 ./Drivers/STM32L0xx_HAL_Driver/Src/stm32l0xx_hal_tim.o
                0x08003c38                HAL_TIM_Base_MspInit
 .text.HAL_TIM_Base_Start_IT
                0x08003c48       0xa4 ./Drivers/STM32L0xx_HAL_Driver/Src/stm32l0xx_hal_tim.o
                0x08003c48                HAL_TIM_Base_Start_IT
 .text.HAL_TIM_IRQHandler
                0x08003cec      0x198 ./Drivers/STM32L0xx_HAL_Driver/Src/stm32l0xx_hal_tim.o
                0x08003cec                HAL_TIM_IRQHandler
 .text.HAL_TIM_OC_DelayElapsedCallback
                0x08003e84       0x10 ./Drivers/STM32L0xx_HAL_Driver/Src/stm32l0xx_hal_tim.o
                0x08003e84                HAL_TIM_OC_DelayElapsedCallback
 .text.HAL_TIM_IC_CaptureCallback
                0x08003e94       0x10 ./Drivers/STM32L0xx_HAL_Driver/Src/stm32l0xx_hal_tim.o
                0x08003e94                HAL_TIM_IC_CaptureCallback
 .text.HAL_TIM_PWM_PulseFinishedCallback
                0x08003ea4       0x10 ./Drivers/STM32L0xx_HAL_Driver/Src/stm32l0xx_hal_tim.o
                0x08003ea4                HAL_TIM_PWM_PulseFinishedCallback
 .text.HAL_TIM_TriggerCallback
                0x08003eb4       0x10 ./Drivers/STM32L0xx_HAL_Driver/Src/stm32l0xx_hal_tim.o
                0x08003eb4                HAL_TIM_TriggerCallback
 .text.TIM_Base_SetConfig
                0x08003ec4       0xc8 ./Drivers/STM32L0xx_HAL_Driver/Src/stm32l0xx_hal_tim.o
 .text.HAL_UART_Init
                0x08003f8c       0xcc ./Drivers/STM32L0xx_HAL_Driver/Src/stm32l0xx_hal_uart.o
                0x08003f8c                HAL_UART_Init
 .text.HAL_UART_RegisterCallback
                0x08004058      0x148 ./Drivers/STM32L0xx_HAL_Driver/Src/stm32l0xx_hal_uart.o
                0x08004058                HAL_UART_RegisterCallback
 .text.HAL_UART_RegisterRxEventCallback
                0x080041a0       0x66 ./Drivers/STM32L0xx_HAL_Driver/Src/stm32l0xx_hal_uart.o
                0x080041a0                HAL_UART_RegisterRxEventCallback
 .text.HAL_UART_Transmit
                0x08004206      0x13e ./Drivers/STM32L0xx_HAL_Driver/Src/stm32l0xx_hal_uart.o
                0x08004206                HAL_UART_Transmit
 .text.HAL_UART_Transmit_DMA
                0x08004344      0x120 ./Drivers/STM32L0xx_HAL_Driver/Src/stm32l0xx_hal_uart.o
                0x08004344                HAL_UART_Transmit_DMA
 .text.HAL_UART_IRQHandler
                0x08004464      0x618 ./Drivers/STM32L0xx_HAL_Driver/Src/stm32l0xx_hal_uart.o
                0x08004464                HAL_UART_IRQHandler
 .text.HAL_UART_TxCpltCallback
                0x08004a7c       0x10 ./Drivers/STM32L0xx_HAL_Driver/Src/stm32l0xx_hal_uart.o
                0x08004a7c                HAL_UART_TxCpltCallback
 .text.HAL_UART_TxHalfCpltCallback
                0x08004a8c       0x10 ./Drivers/STM32L0xx_HAL_Driver/Src/stm32l0xx_hal_uart.o
                0x08004a8c                HAL_UART_TxHalfCpltCallback
 .text.HAL_UART_RxCpltCallback
                0x08004a9c       0x10 ./Drivers/STM32L0xx_HAL_Driver/Src/stm32l0xx_hal_uart.o
                0x08004a9c                HAL_UART_RxCpltCallback
 .text.HAL_UART_RxHalfCpltCallback
                0x08004aac       0x10 ./Drivers/STM32L0xx_HAL_Driver/Src/stm32l0xx_hal_uart.o
                0x08004aac                HAL_UART_RxHalfCpltCallback
 .text.HAL_UART_ErrorCallback
                0x08004abc       0x10 ./Drivers/STM32L0xx_HAL_Driver/Src/stm32l0xx_hal_uart.o
                0x08004abc                HAL_UART_ErrorCallback
 .text.HAL_UART_AbortCpltCallback
                0x08004acc       0x10 ./Drivers/STM32L0xx_HAL_Driver/Src/stm32l0xx_hal_uart.o
                0x08004acc                HAL_UART_AbortCpltCallback
 .text.HAL_UART_AbortTransmitCpltCallback
                0x08004adc       0x10 ./Drivers/STM32L0xx_HAL_Driver/Src/stm32l0xx_hal_uart.o
                0x08004adc                HAL_UART_AbortTransmitCpltCallback
 .text.HAL_UART_AbortReceiveCpltCallback
                0x08004aec       0x10 ./Drivers/STM32L0xx_HAL_Driver/Src/stm32l0xx_hal_uart.o
                0x08004aec                HAL_UART_AbortReceiveCpltCallback
 .text.HAL_UARTEx_RxEventCallback
                0x08004afc       0x16 ./Drivers/STM32L0xx_HAL_Driver/Src/stm32l0xx_hal_uart.o
                0x08004afc                HAL_UARTEx_RxEventCallback
 *fill*         0x08004b12        0x2 
 .text.UART_InitCallbacksToDefault
                0x08004b14       0x88 ./Drivers/STM32L0xx_HAL_Driver/Src/stm32l0xx_hal_uart.o
                0x08004b14                UART_InitCallbacksToDefault
 .text.UART_SetConfig
                0x08004b9c      0x53c ./Drivers/STM32L0xx_HAL_Driver/Src/stm32l0xx_hal_uart.o
                0x08004b9c                UART_SetConfig
 .text.UART_AdvFeatureConfig
                0x080050d8      0x168 ./Drivers/STM32L0xx_HAL_Driver/Src/stm32l0xx_hal_uart.o
                0x080050d8                UART_AdvFeatureConfig
 .text.UART_CheckIdleState
                0x08005240      0x150 ./Drivers/STM32L0xx_HAL_Driver/Src/stm32l0xx_hal_uart.o
                0x08005240                UART_CheckIdleState
 .text.UART_WaitOnFlagUntilTimeout
                0x08005390       0xde ./Drivers/STM32L0xx_HAL_Driver/Src/stm32l0xx_hal_uart.o
                0x08005390                UART_WaitOnFlagUntilTimeout
 .text.UART_EndTxTransfer
                0x0800546e       0x48 ./Drivers/STM32L0xx_HAL_Driver/Src/stm32l0xx_hal_uart.o
 *fill*         0x080054b6        0x2 
 .text.UART_EndRxTransfer
                0x080054b8       0xc8 ./Drivers/STM32L0xx_HAL_Driver/Src/stm32l0xx_hal_uart.o
 .text.UART_DMATransmitCplt
                0x08005580       0x9c ./Drivers/STM32L0xx_HAL_Driver/Src/stm32l0xx_hal_uart.o
 .text.UART_DMATxHalfCplt
                0x0800561c       0x22 ./Drivers/STM32L0xx_HAL_Driver/Src/stm32l0xx_hal_uart.o
 .text.UART_DMAError
                0x0800563e       0x88 ./Drivers/STM32L0xx_HAL_Driver/Src/stm32l0xx_hal_uart.o
 .text.UART_DMAAbortOnError
                0x080056c6       0x2a ./Drivers/STM32L0xx_HAL_Driver/Src/stm32l0xx_hal_uart.o
 .text.UART_EndTransmit_IT
                0x080056f0       0x5a ./Drivers/STM32L0xx_HAL_Driver/Src/stm32l0xx_hal_uart.o
 .text.HAL_UARTEx_WakeupCallback
                0x0800574a       0x10 ./Drivers/STM32L0xx_HAL_Driver/Src/stm32l0xx_hal_uart_ex.o
                0x0800574a                HAL_UARTEx_WakeupCallback
 *fill*         0x0800575a        0x2 
 .text.ILI9341_Select
                0x0800575c       0x1c ./External/ili9341/ili9341.o
 .text.ILI9341_Unselect
                0x08005778       0x1c ./External/ili9341/ili9341.o
                0x08005778                ILI9341_Unselect
 .text.ILI9341_Reset
                0x08005794        0xa ./External/ili9341/ili9341.o
 *fill*         0x0800579e        0x2 
 .text.ILI9341_WriteCommand
                0x080057a0       0x38 ./External/ili9341/ili9341.o
 .text.ILI9341_WriteData
                0x080057d8       0x88 ./External/ili9341/ili9341.o
 .text.ILI9341_SetAddressWindow
                0x08005860       0xb8 ./External/ili9341/ili9341.o
 .text.ILI9341_Init
                0x08005918      0x284 ./External/ili9341/ili9341.o
                0x08005918                ILI9341_Init
 .text.ILI9341_FillRectangle
                0x08005b9c      0x15c ./External/ili9341/ili9341.o
                0x08005b9c                ILI9341_FillRectangle
 .text.ILI9341_TouchUnselect
                0x08005cf8       0x1c ./External/ili9341/ili9341_touch.o
                0x08005cf8                ILI9341_TouchUnselect
 .text.SVC_Setup
                0x08005d14        0xa ./Middlewares/Third_Party/FreeRTOS/Source/CMSIS_RTOS_V2/cmsis_os2.o
 *fill*         0x08005d1e        0x2 
 .text.osKernelInitialize
                0x08005d20       0x58 ./Middlewares/Third_Party/FreeRTOS/Source/CMSIS_RTOS_V2/cmsis_os2.o
                0x08005d20                osKernelInitialize
 .text.osKernelStart
                0x08005d78       0x60 ./Middlewares/Third_Party/FreeRTOS/Source/CMSIS_RTOS_V2/cmsis_os2.o
                0x08005d78                osKernelStart
 .text.osKernelGetTickCount
                0x08005dd8       0x48 ./Middlewares/Third_Party/FreeRTOS/Source/CMSIS_RTOS_V2/cmsis_os2.o
                0x08005dd8                osKernelGetTickCount
 .text.osThreadNew
                0x08005e20      0x148 ./Middlewares/Third_Party/FreeRTOS/Source/CMSIS_RTOS_V2/cmsis_os2.o
                0x08005e20                osThreadNew
 .text.osDelay  0x08005f68       0x50 ./Middlewares/Third_Party/FreeRTOS/Source/CMSIS_RTOS_V2/cmsis_os2.o
                0x08005f68                osDelay
 .text.osDelayUntil
                0x08005fb8       0x74 ./Middlewares/Third_Party/FreeRTOS/Source/CMSIS_RTOS_V2/cmsis_os2.o
                0x08005fb8                osDelayUntil
 .text.osEventFlagsNew
                0x0800602c       0x9c ./Middlewares/Third_Party/FreeRTOS/Source/CMSIS_RTOS_V2/cmsis_os2.o
                0x0800602c                osEventFlagsNew
 .text.osEventFlagsSet
                0x080060c8       0xa0 ./Middlewares/Third_Party/FreeRTOS/Source/CMSIS_RTOS_V2/cmsis_os2.o
                0x080060c8                osEventFlagsSet
 .text.osEventFlagsClear
                0x08006168       0x88 ./Middlewares/Third_Party/FreeRTOS/Source/CMSIS_RTOS_V2/cmsis_os2.o
                0x08006168                osEventFlagsClear
 .text.osEventFlagsWait
                0x080061f0       0xdc ./Middlewares/Third_Party/FreeRTOS/Source/CMSIS_RTOS_V2/cmsis_os2.o
                0x080061f0                osEventFlagsWait
 .text.osSemaphoreNew
                0x080062cc      0x144 ./Middlewares/Third_Party/FreeRTOS/Source/CMSIS_RTOS_V2/cmsis_os2.o
                0x080062cc                osSemaphoreNew
 .text.osSemaphoreAcquire
                0x08006410       0xbc ./Middlewares/Third_Party/FreeRTOS/Source/CMSIS_RTOS_V2/cmsis_os2.o
                0x08006410                osSemaphoreAcquire
 .text.osSemaphoreRelease
                0x080064cc       0x9c ./Middlewares/Third_Party/FreeRTOS/Source/CMSIS_RTOS_V2/cmsis_os2.o
                0x080064cc                osSemaphoreRelease
 .text.osSemaphoreGetCount
                0x08006568       0x60 ./Middlewares/Third_Party/FreeRTOS/Source/CMSIS_RTOS_V2/cmsis_os2.o
                0x08006568                osSemaphoreGetCount
 .text.osMessageQueueNew
                0x080065c8      0x10c ./Middlewares/Third_Party/FreeRTOS/Source/CMSIS_RTOS_V2/cmsis_os2.o
                0x080065c8                osMessageQueueNew
 .text.osMessageQueuePut
                0x080066d4       0xd4 ./Middlewares/Third_Party/FreeRTOS/Source/CMSIS_RTOS_V2/cmsis_os2.o
                0x080066d4                osMessageQueuePut
 .text.osMessageQueueGet
                0x080067a8       0xd0 ./Middlewares/Third_Party/FreeRTOS/Source/CMSIS_RTOS_V2/cmsis_os2.o
                0x080067a8                osMessageQueueGet
 .text.osMessageQueueGetCount
                0x08006878       0x60 ./Middlewares/Third_Party/FreeRTOS/Source/CMSIS_RTOS_V2/cmsis_os2.o
                0x08006878                osMessageQueueGetCount
 .text.osMessageQueueReset
                0x080068d8       0x60 ./Middlewares/Third_Party/FreeRTOS/Source/CMSIS_RTOS_V2/cmsis_os2.o
                0x080068d8                osMessageQueueReset
 .text.vApplicationGetIdleTaskMemory
                0x08006938       0x30 ./Middlewares/Third_Party/FreeRTOS/Source/CMSIS_RTOS_V2/cmsis_os2.o
                0x08006938                vApplicationGetIdleTaskMemory
 .text.vApplicationGetTimerTaskMemory
                0x08006968       0x30 ./Middlewares/Third_Party/FreeRTOS/Source/CMSIS_RTOS_V2/cmsis_os2.o
                0x08006968                vApplicationGetTimerTaskMemory
 .text.xEventGroupCreateStatic
                0x08006998       0x4e ./Middlewares/Third_Party/FreeRTOS/Source/event_groups.o
                0x08006998                xEventGroupCreateStatic
 .text.xEventGroupCreate
                0x080069e6       0x36 ./Middlewares/Third_Party/FreeRTOS/Source/event_groups.o
                0x080069e6                xEventGroupCreate
 .text.xEventGroupWaitBits
                0x08006a1c      0x156 ./Middlewares/Third_Party/FreeRTOS/Source/event_groups.o
                0x08006a1c                xEventGroupWaitBits
 .text.xEventGroupClearBits
                0x08006b72       0x50 ./Middlewares/Third_Party/FreeRTOS/Source/event_groups.o
                0x08006b72                xEventGroupClearBits
 *fill*         0x08006bc2        0x2 
 .text.xEventGroupClearBitsFromISR
                0x08006bc4       0x28 ./Middlewares/Third_Party/FreeRTOS/Source/event_groups.o
                0x08006bc4                xEventGroupClearBitsFromISR
 .text.xEventGroupGetBitsFromISR
                0x08006bec       0x2c ./Middlewares/Third_Party/FreeRTOS/Source/event_groups.o
                0x08006bec                xEventGroupGetBitsFromISR
 .text.xEventGroupSetBits
                0x08006c18       0xf8 ./Middlewares/Third_Party/FreeRTOS/Source/event_groups.o
                0x08006c18                xEventGroupSetBits
 .text.vEventGroupSetBitsCallback
                0x08006d10       0x1e ./Middlewares/Third_Party/FreeRTOS/Source/event_groups.o
                0x08006d10                vEventGroupSetBitsCallback
 .text.vEventGroupClearBitsCallback
                0x08006d2e       0x1e ./Middlewares/Third_Party/FreeRTOS/Source/event_groups.o
                0x08006d2e                vEventGroupClearBitsCallback
 .text.prvTestWaitCondition
                0x08006d4c       0x3e ./Middlewares/Third_Party/FreeRTOS/Source/event_groups.o
 *fill*         0x08006d8a        0x2 
 .text.xEventGroupSetBitsFromISR
                0x08006d8c       0x2c ./Middlewares/Third_Party/FreeRTOS/Source/event_groups.o
                0x08006d8c                xEventGroupSetBitsFromISR
 .text.vListInitialise
                0x08006db8       0x3c ./Middlewares/Third_Party/FreeRTOS/Source/list.o
                0x08006db8                vListInitialise
 .text.vListInitialiseItem
                0x08006df4       0x16 ./Middlewares/Third_Party/FreeRTOS/Source/list.o
                0x08006df4                vListInitialiseItem
 .text.vListInsertEnd
                0x08006e0a       0x44 ./Middlewares/Third_Party/FreeRTOS/Source/list.o
                0x08006e0a                vListInsertEnd
 .text.vListInsert
                0x08006e4e       0x6c ./Middlewares/Third_Party/FreeRTOS/Source/list.o
                0x08006e4e                vListInsert
 .text.uxListRemove
                0x08006eba       0x50 ./Middlewares/Third_Party/FreeRTOS/Source/list.o
                0x08006eba                uxListRemove
 .text.xQueueGenericReset
                0x08006f0a       0xaa ./Middlewares/Third_Party/FreeRTOS/Source/queue.o
                0x08006f0a                xQueueGenericReset
 .text.xQueueGenericCreateStatic
                0x08006fb4       0xa2 ./Middlewares/Third_Party/FreeRTOS/Source/queue.o
                0x08006fb4                xQueueGenericCreateStatic
 .text.xQueueGenericCreate
                0x08007056       0x72 ./Middlewares/Third_Party/FreeRTOS/Source/queue.o
                0x08007056                xQueueGenericCreate
 .text.prvInitialiseNewQueue
                0x080070c8       0x4e ./Middlewares/Third_Party/FreeRTOS/Source/queue.o
 .text.xQueueCreateCountingSemaphoreStatic
                0x08007116       0x50 ./Middlewares/Third_Party/FreeRTOS/Source/queue.o
                0x08007116                xQueueCreateCountingSemaphoreStatic
 .text.xQueueCreateCountingSemaphore
                0x08007166       0x4a ./Middlewares/Third_Party/FreeRTOS/Source/queue.o
                0x08007166                xQueueCreateCountingSemaphore
 .text.xQueueGenericSend
                0x080071b0      0x190 ./Middlewares/Third_Party/FreeRTOS/Source/queue.o
                0x080071b0                xQueueGenericSend
 .text.xQueueGenericSendFromISR
                0x08007340       0xe8 ./Middlewares/Third_Party/FreeRTOS/Source/queue.o
                0x08007340                xQueueGenericSendFromISR
 .text.xQueueGiveFromISR
                0x08007428       0xd0 ./Middlewares/Third_Party/FreeRTOS/Source/queue.o
                0x08007428                xQueueGiveFromISR
 .text.xQueueReceive
                0x080074f8      0x170 ./Middlewares/Third_Party/FreeRTOS/Source/queue.o
                0x080074f8                xQueueReceive
 .text.xQueueSemaphoreTake
                0x08007668      0x1bc ./Middlewares/Third_Party/FreeRTOS/Source/queue.o
                0x08007668                xQueueSemaphoreTake
 .text.xQueueReceiveFromISR
                0x08007824       0xca ./Middlewares/Third_Party/FreeRTOS/Source/queue.o
                0x08007824                xQueueReceiveFromISR
 .text.uxQueueMessagesWaiting
                0x080078ee       0x2c ./Middlewares/Third_Party/FreeRTOS/Source/queue.o
                0x080078ee                uxQueueMessagesWaiting
 .text.uxQueueMessagesWaitingFromISR
                0x0800791a       0x28 ./Middlewares/Third_Party/FreeRTOS/Source/queue.o
                0x0800791a                uxQueueMessagesWaitingFromISR
 .text.vQueueDelete
                0x08007942       0x3a ./Middlewares/Third_Party/FreeRTOS/Source/queue.o
                0x08007942                vQueueDelete
 .text.prvGetDisinheritPriorityAfterTimeout
                0x0800797c       0x2c ./Middlewares/Third_Party/FreeRTOS/Source/queue.o
 .text.prvCopyDataToQueue
                0x080079a8       0xd6 ./Middlewares/Third_Party/FreeRTOS/Source/queue.o
 .text.prvCopyDataFromQueue
                0x08007a7e       0x4c ./Middlewares/Third_Party/FreeRTOS/Source/queue.o
 .text.prvUnlockQueue
                0x08007aca       0xbc ./Middlewares/Third_Party/FreeRTOS/Source/queue.o
 .text.prvIsQueueEmpty
                0x08007b86       0x2c ./Middlewares/Third_Party/FreeRTOS/Source/queue.o
 .text.prvIsQueueFull
                0x08007bb2       0x30 ./Middlewares/Third_Party/FreeRTOS/Source/queue.o
 *fill*         0x08007be2        0x2 
 .text.vQueueAddToRegistry
                0x08007be4       0x50 ./Middlewares/Third_Party/FreeRTOS/Source/queue.o
                0x08007be4                vQueueAddToRegistry
 .text.vQueueUnregisterQueue
                0x08007c34       0x54 ./Middlewares/Third_Party/FreeRTOS/Source/queue.o
                0x08007c34                vQueueUnregisterQueue
 .text.vQueueWaitForMessageRestricted
                0x08007c88       0x66 ./Middlewares/Third_Party/FreeRTOS/Source/queue.o
                0x08007c88                vQueueWaitForMessageRestricted
 .text.xTaskCreateStatic
                0x08007cee       0x8e ./Middlewares/Third_Party/FreeRTOS/Source/tasks.o
                0x08007cee                xTaskCreateStatic
 .text.xTaskCreate
                0x08007d7c       0x98 ./Middlewares/Third_Party/FreeRTOS/Source/tasks.o
                0x08007d7c                xTaskCreate
 .text.prvInitialiseNewTask
                0x08007e14      0x144 ./Middlewares/Third_Party/FreeRTOS/Source/tasks.o
 .text.prvAddNewTaskToReadyList
                0x08007f58       0xd0 ./Middlewares/Third_Party/FreeRTOS/Source/tasks.o
 .text.vTaskDelayUntil
                0x08008028       0xbc ./Middlewares/Third_Party/FreeRTOS/Source/tasks.o
                0x08008028                vTaskDelayUntil
 .text.vTaskDelay
                0x080080e4       0x4c ./Middlewares/Third_Party/FreeRTOS/Source/tasks.o
                0x080080e4                vTaskDelay
 .text.vTaskStartScheduler
                0x08008130       0xc0 ./Middlewares/Third_Party/FreeRTOS/Source/tasks.o
                0x08008130                vTaskStartScheduler
 .text.vTaskSuspendAll
                0x080081f0       0x18 ./Middlewares/Third_Party/FreeRTOS/Source/tasks.o
                0x080081f0                vTaskSuspendAll
 .text.xTaskResumeAll
                0x08008208      0x118 ./Middlewares/Third_Party/FreeRTOS/Source/tasks.o
                0x08008208                xTaskResumeAll
 .text.xTaskGetTickCount
                0x08008320       0x1c ./Middlewares/Third_Party/FreeRTOS/Source/tasks.o
                0x08008320                xTaskGetTickCount
 .text.xTaskGetTickCountFromISR
                0x0800833c       0x20 ./Middlewares/Third_Party/FreeRTOS/Source/tasks.o
                0x0800833c                xTaskGetTickCountFromISR
 .text.xTaskIncrementTick
                0x0800835c      0x160 ./Middlewares/Third_Party/FreeRTOS/Source/tasks.o
                0x0800835c                xTaskIncrementTick
 .text.vTaskSwitchContext
                0x080084bc       0xb4 ./Middlewares/Third_Party/FreeRTOS/Source/tasks.o
                0x080084bc                vTaskSwitchContext
 .text.vTaskPlaceOnEventList
                0x08008570       0x40 ./Middlewares/Third_Party/FreeRTOS/Source/tasks.o
                0x08008570                vTaskPlaceOnEventList
 .text.vTaskPlaceOnUnorderedEventList
                0x080085b0       0x60 ./Middlewares/Third_Party/FreeRTOS/Source/tasks.o
                0x080085b0                vTaskPlaceOnUnorderedEventList
 .text.vTaskPlaceOnEventListRestricted
                0x08008610       0x50 ./Middlewares/Third_Party/FreeRTOS/Source/tasks.o
                0x08008610                vTaskPlaceOnEventListRestricted
 .text.xTaskRemoveFromEventList
                0x08008660       0xbc ./Middlewares/Third_Party/FreeRTOS/Source/tasks.o
                0x08008660                xTaskRemoveFromEventList
 .text.vTaskRemoveFromUnorderedEventList
                0x0800871c       0xa8 ./Middlewares/Third_Party/FreeRTOS/Source/tasks.o
                0x0800871c                vTaskRemoveFromUnorderedEventList
 .text.vTaskInternalSetTimeOutState
                0x080087c4       0x28 ./Middlewares/Third_Party/FreeRTOS/Source/tasks.o
                0x080087c4                vTaskInternalSetTimeOutState
 .text.xTaskCheckForTimeOut
                0x080087ec       0xa4 ./Middlewares/Third_Party/FreeRTOS/Source/tasks.o
                0x080087ec                xTaskCheckForTimeOut
 .text.vTaskMissedYield
                0x08008890       0x14 ./Middlewares/Third_Party/FreeRTOS/Source/tasks.o
                0x08008890                vTaskMissedYield
 .text.prvIdleTask
                0x080088a4       0x20 ./Middlewares/Third_Party/FreeRTOS/Source/tasks.o
 .text.prvInitialiseTaskLists
                0x080088c4       0x88 ./Middlewares/Third_Party/FreeRTOS/Source/tasks.o
 .text.prvCheckTasksWaitingTermination
                0x0800894c       0x5c ./Middlewares/Third_Party/FreeRTOS/Source/tasks.o
 .text.prvDeleteTCB
                0x080089a8       0x5c ./Middlewares/Third_Party/FreeRTOS/Source/tasks.o
 .text.prvResetNextTaskUnblockTime
                0x08008a04       0x3c ./Middlewares/Third_Party/FreeRTOS/Source/tasks.o
 .text.xTaskGetSchedulerState
                0x08008a40       0x38 ./Middlewares/Third_Party/FreeRTOS/Source/tasks.o
                0x08008a40                xTaskGetSchedulerState
 .text.xTaskPriorityInherit
                0x08008a78       0xd0 ./Middlewares/Third_Party/FreeRTOS/Source/tasks.o
                0x08008a78                xTaskPriorityInherit
 .text.xTaskPriorityDisinherit
                0x08008b48       0xbc ./Middlewares/Third_Party/FreeRTOS/Source/tasks.o
                0x08008b48                xTaskPriorityDisinherit
 .text.vTaskPriorityDisinheritAfterTimeout
                0x08008c04       0xe4 ./Middlewares/Third_Party/FreeRTOS/Source/tasks.o
                0x08008c04                vTaskPriorityDisinheritAfterTimeout
 .text.uxTaskResetEventItemValue
                0x08008ce8       0x2c ./Middlewares/Third_Party/FreeRTOS/Source/tasks.o
                0x08008ce8                uxTaskResetEventItemValue
 .text.pvTaskIncrementMutexHeldCount
                0x08008d14       0x24 ./Middlewares/Third_Party/FreeRTOS/Source/tasks.o
                0x08008d14                pvTaskIncrementMutexHeldCount
 .text.prvAddCurrentTaskToDelayedList
                0x08008d38       0xa8 ./Middlewares/Third_Party/FreeRTOS/Source/tasks.o
 .text.xTimerCreateTimerTask
                0x08008de0       0x80 ./Middlewares/Third_Party/FreeRTOS/Source/timers.o
                0x08008de0                xTimerCreateTimerTask
 .text.xTimerGenericCommand
                0x08008e60       0x98 ./Middlewares/Third_Party/FreeRTOS/Source/timers.o
                0x08008e60                xTimerGenericCommand
 .text.prvProcessExpiredTimer
                0x08008ef8       0x8c ./Middlewares/Third_Party/FreeRTOS/Source/timers.o
 .text.prvTimerTask
                0x08008f84       0x2a ./Middlewares/Third_Party/FreeRTOS/Source/timers.o
 *fill*         0x08008fae        0x2 
 .text.prvProcessTimerOrBlockTask
                0x08008fb0       0x90 ./Middlewares/Third_Party/FreeRTOS/Source/timers.o
 .text.prvGetNextExpireTime
                0x08009040       0x44 ./Middlewares/Third_Party/FreeRTOS/Source/timers.o
 .text.prvSampleTimeNow
                0x08009084       0x40 ./Middlewares/Third_Party/FreeRTOS/Source/timers.o
 .text.prvInsertTimerInActiveList
                0x080090c4       0x84 ./Middlewares/Third_Party/FreeRTOS/Source/timers.o
 .text.prvProcessReceivedCommands
                0x08009148      0x194 ./Middlewares/Third_Party/FreeRTOS/Source/timers.o
 .text.prvSwitchTimerLists
                0x080092dc       0xbc ./Middlewares/Third_Party/FreeRTOS/Source/timers.o
 .text.prvCheckForValidListAndQueue
                0x08009398       0x84 ./Middlewares/Third_Party/FreeRTOS/Source/timers.o
 .text.xTimerPendFunctionCallFromISR
                0x0800941c       0x4c ./Middlewares/Third_Party/FreeRTOS/Source/timers.o
                0x0800941c                xTimerPendFunctionCallFromISR
 .text.pxPortInitialiseStack
                0x08009468       0x54 ./Middlewares/Third_Party/FreeRTOS/Source/portable/GCC/ARM_CM0/port.o
                0x08009468                pxPortInitialiseStack
 .text.prvTaskExitError
                0x080094bc       0x30 ./Middlewares/Third_Party/FreeRTOS/Source/portable/GCC/ARM_CM0/port.o
 .text.SVC_Handler
                0x080094ec        0xa ./Middlewares/Third_Party/FreeRTOS/Source/portable/GCC/ARM_CM0/port.o
                0x080094ec                SVC_Handler
 *fill*         0x080094f6        0xa 
 .text.vPortStartFirstTask
                0x08009500       0x38 ./Middlewares/Third_Party/FreeRTOS/Source/portable/GCC/ARM_CM0/port.o
 .text.xPortStartScheduler
                0x08009538       0x48 ./Middlewares/Third_Party/FreeRTOS/Source/portable/GCC/ARM_CM0/port.o
                0x08009538                xPortStartScheduler
 .text.vPortYield
                0x08009580       0x20 ./Middlewares/Third_Party/FreeRTOS/Source/portable/GCC/ARM_CM0/port.o
                0x08009580                vPortYield
 .text.vPortEnterCritical
                0x080095a0       0x24 ./Middlewares/Third_Party/FreeRTOS/Source/portable/GCC/ARM_CM0/port.o
                0x080095a0                vPortEnterCritical
 .text.vPortExitCritical
                0x080095c4       0x30 ./Middlewares/Third_Party/FreeRTOS/Source/portable/GCC/ARM_CM0/port.o
                0x080095c4                vPortExitCritical
 .text.ulSetInterruptMaskFromISR
                0x080095f4        0xc ./Middlewares/Third_Party/FreeRTOS/Source/portable/GCC/ARM_CM0/port.o
                0x080095f4                ulSetInterruptMaskFromISR
 .text.vClearInterruptMaskFromISR
                0x08009600        0x8 ./Middlewares/Third_Party/FreeRTOS/Source/portable/GCC/ARM_CM0/port.o
                0x08009600                vClearInterruptMaskFromISR
 *fill*         0x08009608        0x8 
 .text.PendSV_Handler
                0x08009610       0x48 ./Middlewares/Third_Party/FreeRTOS/Source/portable/GCC/ARM_CM0/port.o
                0x08009610                PendSV_Handler
 .text.SysTick_Handler
                0x08009658       0x34 ./Middlewares/Third_Party/FreeRTOS/Source/portable/GCC/ARM_CM0/port.o
                0x08009658                SysTick_Handler
 .text.prvSetupTimerInterrupt
                0x0800968c       0x44 ./Middlewares/Third_Party/FreeRTOS/Source/portable/GCC/ARM_CM0/port.o
 .text.pvPortMalloc
                0x080096d0      0x150 ./Middlewares/Third_Party/FreeRTOS/Source/portable/MemMang/heap_4.o
                0x080096d0                pvPortMalloc
 .text.vPortFree
                0x08009820       0x94 ./Middlewares/Third_Party/FreeRTOS/Source/portable/MemMang/heap_4.o
                0x08009820                vPortFree
 .text.prvHeapInit
                0x080098b4       0xc0 ./Middlewares/Third_Party/FreeRTOS/Source/portable/MemMang/heap_4.o
 .text.prvInsertBlockIntoFreeList
                0x08009974       0xb0 ./Middlewares/Third_Party/FreeRTOS/Source/portable/MemMang/heap_4.o
 .text.__errno  0x08009a24        0xc /home/emanuel/Desktop/arm-gnu-toolchain-13.3.rel1-x86_64-arm-none-eabi/bin/../lib/gcc/arm-none-eabi/13.3.1/../../../../arm-none-eabi/lib/thumb/v6-m/nofp/libc_nano.a(libc_a-errno.o)
                0x08009a24                __errno
 .text.__libc_init_array
                0x08009a30       0x48 /home/emanuel/Desktop/arm-gnu-toolchain-13.3.rel1-x86_64-arm-none-eabi/bin/../lib/gcc/arm-none-eabi/13.3.1/../../../../arm-none-eabi/lib/thumb/v6-m/nofp/libc_nano.a(libc_a-init.o)
                0x08009a30                __libc_init_array
 .text.__cvt    0x08009a78       0xcc /home/emanuel/Desktop/arm-gnu-toolchain-13.3.rel1-x86_64-arm-none-eabi/bin/../lib/gcc/arm-none-eabi/13.3.1/../../../../arm-none-eabi/lib/thumb/v6-m/nofp/libc_nano.a(libc_a-nano-vfprintf_float.o)
                0x08009a78                __cvt
 .text.__exponent
                0x08009b44       0x7e /home/emanuel/Desktop/arm-gnu-toolchain-13.3.rel1-x86_64-arm-none-eabi/bin/../lib/gcc/arm-none-eabi/13.3.1/../../../../arm-none-eabi/lib/thumb/v6-m/nofp/libc_nano.a(libc_a-nano-vfprintf_float.o)
                0x08009b44                __exponent
 *fill*         0x08009bc2        0x2 
 .text._printf_float
                0x08009bc4      0x47c /home/emanuel/Desktop/arm-gnu-toolchain-13.3.rel1-x86_64-arm-none-eabi/bin/../lib/gcc/arm-none-eabi/13.3.1/../../../../arm-none-eabi/lib/thumb/v6-m/nofp/libc_nano.a(libc_a-nano-vfprintf_float.o)
                0x08009bc4                _printf_float
 .text.memset   0x0800a040       0x10 /home/emanuel/Desktop/arm-gnu-toolchain-13.3.rel1-x86_64-arm-none-eabi/bin/../lib/gcc/arm-none-eabi/13.3.1/../../../../arm-none-eabi/lib/thumb/v6-m/nofp/libc_nano.a(libc_a-memset.o)
                0x0800a040                memset
 .text._localeconv_r
                0x0800a050        0x8 /home/emanuel/Desktop/arm-gnu-toolchain-13.3.rel1-x86_64-arm-none-eabi/bin/../lib/gcc/arm-none-eabi/13.3.1/../../../../arm-none-eabi/lib/thumb/v6-m/nofp/libc_nano.a(libc_a-localeconv.o)
                0x0800a050                _localeconv_r
 .text._printf_common
                0x0800a058       0xde /home/emanuel/Desktop/arm-gnu-toolchain-13.3.rel1-x86_64-arm-none-eabi/bin/../lib/gcc/arm-none-eabi/13.3.1/../../../../arm-none-eabi/lib/thumb/v6-m/nofp/libc_nano.a(libc_a-nano-vfprintf_i.o)
                0x0800a058                _printf_common
 *fill*         0x0800a136        0x2 
 .text._printf_i
                0x0800a138      0x218 /home/emanuel/Desktop/arm-gnu-toolchain-13.3.rel1-x86_64-arm-none-eabi/bin/../lib/gcc/arm-none-eabi/13.3.1/../../../../arm-none-eabi/lib/thumb/v6-m/nofp/libc_nano.a(libc_a-nano-vfprintf_i.o)
                0x0800a138                _printf_i
 .text._scanf_float
                0x0800a350      0x41c /home/emanuel/Desktop/arm-gnu-toolchain-13.3.rel1-x86_64-arm-none-eabi/bin/../lib/gcc/arm-none-eabi/13.3.1/../../../../arm-none-eabi/lib/thumb/v6-m/nofp/libc_nano.a(libc_a-nano-vfscanf_float.o)
                0x0800a350                _scanf_float
 .text._reclaim_reent
                0x0800a76c       0xd4 /home/emanuel/Desktop/arm-gnu-toolchain-13.3.rel1-x86_64-arm-none-eabi/bin/../lib/gcc/arm-none-eabi/13.3.1/../../../../arm-none-eabi/lib/thumb/v6-m/nofp/libc_nano.a(libc_a-reent.o)
                0x0800a76c                _reclaim_reent
 .text.memchr   0x0800a840       0x16 /home/emanuel/Desktop/arm-gnu-toolchain-13.3.rel1-x86_64-arm-none-eabi/bin/../lib/gcc/arm-none-eabi/13.3.1/../../../../arm-none-eabi/lib/thumb/v6-m/nofp/libc_nano.a(libc_a-memchr-stub.o)
                0x0800a840                memchr
 .text.memcpy   0x0800a856       0x12 /home/emanuel/Desktop/arm-gnu-toolchain-13.3.rel1-x86_64-arm-none-eabi/bin/../lib/gcc/arm-none-eabi/13.3.1/../../../../arm-none-eabi/lib/thumb/v6-m/nofp/libc_nano.a(libc_a-memcpy-stub.o)
                0x0800a856                memcpy
 .text.std      0x0800a868       0x6c /home/emanuel/Desktop/arm-gnu-toolchain-13.3.rel1-x86_64-arm-none-eabi/bin/../lib/gcc/arm-none-eabi/13.3.1/../../../../arm-none-eabi/lib/thumb/v6-m/nofp/libc_nano.a(libc_a-findfp.o)
 .text.stdio_exit_handler
                0x0800a8d4       0x1c /home/emanuel/Desktop/arm-gnu-toolchain-13.3.rel1-x86_64-arm-none-eabi/bin/../lib/gcc/arm-none-eabi/13.3.1/../../../../arm-none-eabi/lib/thumb/v6-m/nofp/libc_nano.a(libc_a-findfp.o)
 .text.cleanup_stdio
                0x0800a8f0       0x3c /home/emanuel/Desktop/arm-gnu-toolchain-13.3.rel1-x86_64-arm-none-eabi/bin/../lib/gcc/arm-none-eabi/13.3.1/../../../../arm-none-eabi/lib/thumb/v6-m/nofp/libc_nano.a(libc_a-findfp.o)
 .text.global_stdio_init.part.0
                0x0800a92c       0x3c /home/emanuel/Desktop/arm-gnu-toolchain-13.3.rel1-x86_64-arm-none-eabi/bin/../lib/gcc/arm-none-eabi/13.3.1/../../../../arm-none-eabi/lib/thumb/v6-m/nofp/libc_nano.a(libc_a-findfp.o)
 .text.__sfp_lock_acquire
                0x0800a968       0x10 /home/emanuel/Desktop/arm-gnu-toolchain-13.3.rel1-x86_64-arm-none-eabi/bin/../lib/gcc/arm-none-eabi/13.3.1/../../../../arm-none-eabi/lib/thumb/v6-m/nofp/libc_nano.a(libc_a-findfp.o)
                0x0800a968                __sfp_lock_acquire
 .text.__sfp_lock_release
                0x0800a978       0x10 /home/emanuel/Desktop/arm-gnu-toolchain-13.3.rel1-x86_64-arm-none-eabi/bin/../lib/gcc/arm-none-eabi/13.3.1/../../../../arm-none-eabi/lib/thumb/v6-m/nofp/libc_nano.a(libc_a-findfp.o)
                0x0800a978                __sfp_lock_release
 .text.__sinit  0x0800a988       0x30 /home/emanuel/Desktop/arm-gnu-toolchain-13.3.rel1-x86_64-arm-none-eabi/bin/../lib/gcc/arm-none-eabi/13.3.1/../../../../arm-none-eabi/lib/thumb/v6-m/nofp/libc_nano.a(libc_a-findfp.o)
                0x0800a988                __sinit
 .text.sprintf  0x0800a9b8       0x44 /home/emanuel/Desktop/arm-gnu-toolchain-13.3.rel1-x86_64-arm-none-eabi/bin/../lib/gcc/arm-none-eabi/13.3.1/../../../../arm-none-eabi/lib/thumb/v6-m/nofp/libc_nano.a(libc_a-sprintf.o)
                0x0800a9b8                sprintf
                0x0800a9b8                siprintf
 .text.__sread  0x0800a9fc       0x28 /home/emanuel/Desktop/arm-gnu-toolchain-13.3.rel1-x86_64-arm-none-eabi/bin/../lib/gcc/arm-none-eabi/13.3.1/../../../../arm-none-eabi/lib/thumb/v6-m/nofp/libc_nano.a(libc_a-stdio.o)
                0x0800a9fc                __sread
 .text.__swrite
                0x0800aa24       0x38 /home/emanuel/Desktop/arm-gnu-toolchain-13.3.rel1-x86_64-arm-none-eabi/bin/../lib/gcc/arm-none-eabi/13.3.1/../../../../arm-none-eabi/lib/thumb/v6-m/nofp/libc_nano.a(libc_a-stdio.o)
                0x0800aa24                __swrite
 .text.__sseek  0x0800aa5c       0x2c /home/emanuel/Desktop/arm-gnu-toolchain-13.3.rel1-x86_64-arm-none-eabi/bin/../lib/gcc/arm-none-eabi/13.3.1/../../../../arm-none-eabi/lib/thumb/v6-m/nofp/libc_nano.a(libc_a-stdio.o)
                0x0800aa5c                __sseek
 .text.__sclose
                0x0800aa88        0xc /home/emanuel/Desktop/arm-gnu-toolchain-13.3.rel1-x86_64-arm-none-eabi/bin/../lib/gcc/arm-none-eabi/13.3.1/../../../../arm-none-eabi/lib/thumb/v6-m/nofp/libc_nano.a(libc_a-stdio.o)
                0x0800aa88                __sclose
 .text.quorem   0x0800aa94      0x10a /home/emanuel/Desktop/arm-gnu-toolchain-13.3.rel1-x86_64-arm-none-eabi/bin/../lib/gcc/arm-none-eabi/13.3.1/../../../../arm-none-eabi/lib/thumb/v6-m/nofp/libc_nano.a(libc_a-dtoa.o)
 *fill*         0x0800ab9e        0x2 
 .text._dtoa_r  0x0800aba0      0xbd8 /home/emanuel/Desktop/arm-gnu-toolchain-13.3.rel1-x86_64-arm-none-eabi/bin/../lib/gcc/arm-none-eabi/13.3.1/../../../../arm-none-eabi/lib/thumb/v6-m/nofp/libc_nano.a(libc_a-dtoa.o)
                0x0800aba0                _dtoa_r
 .text._lseek_r
                0x0800b778       0x28 /home/emanuel/Desktop/arm-gnu-toolchain-13.3.rel1-x86_64-arm-none-eabi/bin/../lib/gcc/arm-none-eabi/13.3.1/../../../../arm-none-eabi/lib/thumb/v6-m/nofp/libc_nano.a(libc_a-lseekr.o)
                0x0800b778                _lseek_r
 .text._read_r  0x0800b7a0       0x28 /home/emanuel/Desktop/arm-gnu-toolchain-13.3.rel1-x86_64-arm-none-eabi/bin/../lib/gcc/arm-none-eabi/13.3.1/../../../../arm-none-eabi/lib/thumb/v6-m/nofp/libc_nano.a(libc_a-readr.o)
                0x0800b7a0                _read_r
 .text._fwalk_sglue
                0x0800b7c8       0x38 /home/emanuel/Desktop/arm-gnu-toolchain-13.3.rel1-x86_64-arm-none-eabi/bin/../lib/gcc/arm-none-eabi/13.3.1/../../../../arm-none-eabi/lib/thumb/v6-m/nofp/libc_nano.a(libc_a-fwalk.o)
                0x0800b7c8                _fwalk_sglue
 .text._vsnprintf_r
                0x0800b800       0x5a /home/emanuel/Desktop/arm-gnu-toolchain-13.3.rel1-x86_64-arm-none-eabi/bin/../lib/gcc/arm-none-eabi/13.3.1/../../../../arm-none-eabi/lib/thumb/v6-m/nofp/libc_nano.a(libc_a-vsnprintf.o)
                0x0800b800                _vsnprintf_r
                0x0800b800                _vsniprintf_r
 *fill*         0x0800b85a        0x2 
 .text.vsnprintf
                0x0800b85c       0x18 /home/emanuel/Desktop/arm-gnu-toolchain-13.3.rel1-x86_64-arm-none-eabi/bin/../lib/gcc/arm-none-eabi/13.3.1/../../../../arm-none-eabi/lib/thumb/v6-m/nofp/libc_nano.a(libc_a-vsnprintf.o)
                0x0800b85c                vsnprintf
                0x0800b85c                vsniprintf
 .text.nanf     0x0800b874        0x8 /home/emanuel/Desktop/arm-gnu-toolchain-13.3.rel1-x86_64-arm-none-eabi/bin/../lib/gcc/arm-none-eabi/13.3.1/../../../../arm-none-eabi/lib/thumb/v6-m/nofp/libc_nano.a(libm_a-sf_nan.o)
                0x0800b874                nanf
 .text.sulp     0x0800b87c       0x30 /home/emanuel/Desktop/arm-gnu-toolchain-13.3.rel1-x86_64-arm-none-eabi/bin/../lib/gcc/arm-none-eabi/13.3.1/../../../../arm-none-eabi/lib/thumb/v6-m/nofp/libc_nano.a(libc_a-strtod.o)
 .text._strtod_l
                0x0800b8ac      0xbfc /home/emanuel/Desktop/arm-gnu-toolchain-13.3.rel1-x86_64-arm-none-eabi/bin/../lib/gcc/arm-none-eabi/13.3.1/../../../../arm-none-eabi/lib/thumb/v6-m/nofp/libc_nano.a(libc_a-strtod.o)
                0x0800b8ac                _strtod_l
 .text._strtod_r
                0x0800c4a8       0x10 /home/emanuel/Desktop/arm-gnu-toolchain-13.3.rel1-x86_64-arm-none-eabi/bin/../lib/gcc/arm-none-eabi/13.3.1/../../../../arm-none-eabi/lib/thumb/v6-m/nofp/libc_nano.a(libc_a-strtod.o)
                0x0800c4a8                _strtod_r
 .text._free_r  0x0800c4b8       0x94 /home/emanuel/Desktop/arm-gnu-toolchain-13.3.rel1-x86_64-arm-none-eabi/bin/../lib/gcc/arm-none-eabi/13.3.1/../../../../arm-none-eabi/lib/thumb/v6-m/nofp/libc_nano.a(libc_a-freer.o)
                0x0800c4b8                _free_r
 .text._strtol_l.isra.0
                0x0800c54c      0x114 /home/emanuel/Desktop/arm-gnu-toolchain-13.3.rel1-x86_64-arm-none-eabi/bin/../lib/gcc/arm-none-eabi/13.3.1/../../../../arm-none-eabi/lib/thumb/v6-m/nofp/libc_nano.a(libc_a-strtol.o)
 .text._strtol_r
                0x0800c660        0x8 /home/emanuel/Desktop/arm-gnu-toolchain-13.3.rel1-x86_64-arm-none-eabi/bin/../lib/gcc/arm-none-eabi/13.3.1/../../../../arm-none-eabi/lib/thumb/v6-m/nofp/libc_nano.a(libc_a-strtol.o)
                0x0800c660                _strtol_r
 .text.rshift   0x0800c668       0xa6 /home/emanuel/Desktop/arm-gnu-toolchain-13.3.rel1-x86_64-arm-none-eabi/bin/../lib/gcc/arm-none-eabi/13.3.1/../../../../arm-none-eabi/lib/thumb/v6-m/nofp/libc_nano.a(libc_a-gdtoa-gethex.o)
 .text.__hexdig_fun
                0x0800c70e       0x2a /home/emanuel/Desktop/arm-gnu-toolchain-13.3.rel1-x86_64-arm-none-eabi/bin/../lib/gcc/arm-none-eabi/13.3.1/../../../../arm-none-eabi/lib/thumb/v6-m/nofp/libc_nano.a(libc_a-gdtoa-gethex.o)
                0x0800c70e                __hexdig_fun
 .text.__gethex
                0x0800c738      0x448 /home/emanuel/Desktop/arm-gnu-toolchain-13.3.rel1-x86_64-arm-none-eabi/bin/../lib/gcc/arm-none-eabi/13.3.1/../../../../arm-none-eabi/lib/thumb/v6-m/nofp/libc_nano.a(libc_a-gdtoa-gethex.o)
                0x0800c738                __gethex
 .text.L_shift  0x0800cb80       0x24 /home/emanuel/Desktop/arm-gnu-toolchain-13.3.rel1-x86_64-arm-none-eabi/bin/../lib/gcc/arm-none-eabi/13.3.1/../../../../arm-none-eabi/lib/thumb/v6-m/nofp/libc_nano.a(libc_a-gdtoa-hexnan.o)
 .text.__match  0x0800cba4       0x28 /home/emanuel/Desktop/arm-gnu-toolchain-13.3.rel1-x86_64-arm-none-eabi/bin/../lib/gcc/arm-none-eabi/13.3.1/../../../../arm-none-eabi/lib/thumb/v6-m/nofp/libc_nano.a(libc_a-gdtoa-hexnan.o)
                0x0800cba4                __match
 .text.__hexnan
                0x0800cbcc      0x150 /home/emanuel/Desktop/arm-gnu-toolchain-13.3.rel1-x86_64-arm-none-eabi/bin/../lib/gcc/arm-none-eabi/13.3.1/../../../../arm-none-eabi/lib/thumb/v6-m/nofp/libc_nano.a(libc_a-gdtoa-hexnan.o)
                0x0800cbcc                __hexnan
 .text._write_r
                0x0800cd1c       0x28 /home/emanuel/Desktop/arm-gnu-toolchain-13.3.rel1-x86_64-arm-none-eabi/bin/../lib/gcc/arm-none-eabi/13.3.1/../../../../arm-none-eabi/lib/thumb/v6-m/nofp/libc_nano.a(libc_a-writer.o)
                0x0800cd1c                _write_r
 .text.__ssputs_r
                0x0800cd44       0xc0 /home/emanuel/Desktop/arm-gnu-toolchain-13.3.rel1-x86_64-arm-none-eabi/bin/../lib/gcc/arm-none-eabi/13.3.1/../../../../arm-none-eabi/lib/thumb/v6-m/nofp/libc_nano.a(libc_a-nano-svfprintf.o)
                0x0800cd44                __ssputs_r
 .text._svfprintf_r
                0x0800ce04      0x1fc /home/emanuel/Desktop/arm-gnu-toolchain-13.3.rel1-x86_64-arm-none-eabi/bin/../lib/gcc/arm-none-eabi/13.3.1/../../../../arm-none-eabi/lib/thumb/v6-m/nofp/libc_nano.a(libc_a-nano-svfprintf.o)
                0x0800ce04                _svfprintf_r
                0x0800ce04                _svfiprintf_r
 .text.memmove  0x0800d000       0x24 /home/emanuel/Desktop/arm-gnu-toolchain-13.3.rel1-x86_64-arm-none-eabi/bin/../lib/gcc/arm-none-eabi/13.3.1/../../../../arm-none-eabi/lib/thumb/v6-m/nofp/libc_nano.a(libc_a-memmove.o)
                0x0800d000                memmove
 .text.__ascii_wctomb
                0x0800d024       0x1a /home/emanuel/Desktop/arm-gnu-toolchain-13.3.rel1-x86_64-arm-none-eabi/bin/../lib/gcc/arm-none-eabi/13.3.1/../../../../arm-none-eabi/lib/thumb/v6-m/nofp/libc_nano.a(libc_a-wctomb_r.o)
                0x0800d024                __ascii_wctomb
 .text.__retarget_lock_init_recursive
                0x0800d03e        0x2 /home/emanuel/Desktop/arm-gnu-toolchain-13.3.rel1-x86_64-arm-none-eabi/bin/../lib/gcc/arm-none-eabi/13.3.1/../../../../arm-none-eabi/lib/thumb/v6-m/nofp/libc_nano.a(libc_a-lock.o)
                0x0800d03e                __retarget_lock_init_recursive
 .text.__retarget_lock_acquire_recursive
                0x0800d040        0x2 /home/emanuel/Desktop/arm-gnu-toolchain-13.3.rel1-x86_64-arm-none-eabi/bin/../lib/gcc/arm-none-eabi/13.3.1/../../../../arm-none-eabi/lib/thumb/v6-m/nofp/libc_nano.a(libc_a-lock.o)
                0x0800d040                __retarget_lock_acquire_recursive
 .text.__retarget_lock_release_recursive
                0x0800d042        0x2 /home/emanuel/Desktop/arm-gnu-toolchain-13.3.rel1-x86_64-arm-none-eabi/bin/../lib/gcc/arm-none-eabi/13.3.1/../../../../arm-none-eabi/lib/thumb/v6-m/nofp/libc_nano.a(libc_a-lock.o)
                0x0800d042                __retarget_lock_release_recursive
 .text.__sflush_r
                0x0800d044      0x10c /home/emanuel/Desktop/arm-gnu-toolchain-13.3.rel1-x86_64-arm-none-eabi/bin/../lib/gcc/arm-none-eabi/13.3.1/../../../../arm-none-eabi/lib/thumb/v6-m/nofp/libc_nano.a(libc_a-fflush.o)
                0x0800d044                __sflush_r
 .text._fflush_r
                0x0800d150       0x56 /home/emanuel/Desktop/arm-gnu-toolchain-13.3.rel1-x86_64-arm-none-eabi/bin/../lib/gcc/arm-none-eabi/13.3.1/../../../../arm-none-eabi/lib/thumb/v6-m/nofp/libc_nano.a(libc_a-fflush.o)
                0x0800d150                _fflush_r
 *fill*         0x0800d1a6        0x2 
 .text.malloc   0x0800d1a8       0x14 /home/emanuel/Desktop/arm-gnu-toolchain-13.3.rel1-x86_64-arm-none-eabi/bin/../lib/gcc/arm-none-eabi/13.3.1/../../../../arm-none-eabi/lib/thumb/v6-m/nofp/libc_nano.a(libc_a-malloc.o)
                0x0800d1a8                malloc
 .text.sbrk_aligned
                0x0800d1bc       0x44 /home/emanuel/Desktop/arm-gnu-toolchain-13.3.rel1-x86_64-arm-none-eabi/bin/../lib/gcc/arm-none-eabi/13.3.1/../../../../arm-none-eabi/lib/thumb/v6-m/nofp/libc_nano.a(libc_a-mallocr.o)
 .text._malloc_r
                0x0800d200      0x100 /home/emanuel/Desktop/arm-gnu-toolchain-13.3.rel1-x86_64-arm-none-eabi/bin/../lib/gcc/arm-none-eabi/13.3.1/../../../../arm-none-eabi/lib/thumb/v6-m/nofp/libc_nano.a(libc_a-mallocr.o)
                0x0800d200                _malloc_r
 .text._close_r
                0x0800d300       0x24 /home/emanuel/Desktop/arm-gnu-toolchain-13.3.rel1-x86_64-arm-none-eabi/bin/../lib/gcc/arm-none-eabi/13.3.1/../../../../arm-none-eabi/lib/thumb/v6-m/nofp/libc_nano.a(libc_a-closer.o)
                0x0800d300                _close_r
 .text.__ascii_mbtowc
                0x0800d324       0x24 /home/emanuel/Desktop/arm-gnu-toolchain-13.3.rel1-x86_64-arm-none-eabi/bin/../lib/gcc/arm-none-eabi/13.3.1/../../../../arm-none-eabi/lib/thumb/v6-m/nofp/libc_nano.a(libc_a-mbtowc_r.o)
                0x0800d324                __ascii_mbtowc
 .text.__assert_func
                0x0800d348       0x3c /home/emanuel/Desktop/arm-gnu-toolchain-13.3.rel1-x86_64-arm-none-eabi/bin/../lib/gcc/arm-none-eabi/13.3.1/../../../../arm-none-eabi/lib/thumb/v6-m/nofp/libc_nano.a(libc_a-assert.o)
                0x0800d348                __assert_func
 .text.fprintf  0x0800d384       0x20 /home/emanuel/Desktop/arm-gnu-toolchain-13.3.rel1-x86_64-arm-none-eabi/bin/../lib/gcc/arm-none-eabi/13.3.1/../../../../arm-none-eabi/lib/thumb/v6-m/nofp/libc_nano.a(libc_a-fprintf.o)
                0x0800d384                fprintf
                0x0800d384                fiprintf
 .text.strncmp  0x0800d3a4       0x22 /home/emanuel/Desktop/arm-gnu-toolchain-13.3.rel1-x86_64-arm-none-eabi/bin/../lib/gcc/arm-none-eabi/13.3.1/../../../../arm-none-eabi/lib/thumb/v6-m/nofp/libc_nano.a(libc_a-strncmp.o)
                0x0800d3a4                strncmp
 *fill*         0x0800d3c6        0x2 
 .text.__malloc_lock
                0x0800d3c8       0x10 /home/emanuel/Desktop/arm-gnu-toolchain-13.3.rel1-x86_64-arm-none-eabi/bin/../lib/gcc/arm-none-eabi/13.3.1/../../../../arm-none-eabi/lib/thumb/v6-m/nofp/libc_nano.a(libc_a-mlock.o)
                0x0800d3c8                __malloc_lock
 .text.__malloc_unlock
                0x0800d3d8       0x10 /home/emanuel/Desktop/arm-gnu-toolchain-13.3.rel1-x86_64-arm-none-eabi/bin/../lib/gcc/arm-none-eabi/13.3.1/../../../../arm-none-eabi/lib/thumb/v6-m/nofp/libc_nano.a(libc_a-mlock.o)
                0x0800d3d8                __malloc_unlock
 .text._Balloc  0x0800d3e8       0x88 /home/emanuel/Desktop/arm-gnu-toolchain-13.3.rel1-x86_64-arm-none-eabi/bin/../lib/gcc/arm-none-eabi/13.3.1/../../../../arm-none-eabi/lib/thumb/v6-m/nofp/libc_nano.a(libc_a-mprec.o)
                0x0800d3e8                _Balloc
 .text._Bfree   0x0800d470       0x48 /home/emanuel/Desktop/arm-gnu-toolchain-13.3.rel1-x86_64-arm-none-eabi/bin/../lib/gcc/arm-none-eabi/13.3.1/../../../../arm-none-eabi/lib/thumb/v6-m/nofp/libc_nano.a(libc_a-mprec.o)
                0x0800d470                _Bfree
 .text.__multadd
                0x0800d4b8       0x88 /home/emanuel/Desktop/arm-gnu-toolchain-13.3.rel1-x86_64-arm-none-eabi/bin/../lib/gcc/arm-none-eabi/13.3.1/../../../../arm-none-eabi/lib/thumb/v6-m/nofp/libc_nano.a(libc_a-mprec.o)
                0x0800d4b8                __multadd
 .text.__s2b    0x0800d540       0x98 /home/emanuel/Desktop/arm-gnu-toolchain-13.3.rel1-x86_64-arm-none-eabi/bin/../lib/gcc/arm-none-eabi/13.3.1/../../../../arm-none-eabi/lib/thumb/v6-m/nofp/libc_nano.a(libc_a-mprec.o)
                0x0800d540                __s2b
 .text.__hi0bits
                0x0800d5d8       0x42 /home/emanuel/Desktop/arm-gnu-toolchain-13.3.rel1-x86_64-arm-none-eabi/bin/../lib/gcc/arm-none-eabi/13.3.1/../../../../arm-none-eabi/lib/thumb/v6-m/nofp/libc_nano.a(libc_a-mprec.o)
                0x0800d5d8                __hi0bits
 .text.__lo0bits
                0x0800d61a       0x5c /home/emanuel/Desktop/arm-gnu-toolchain-13.3.rel1-x86_64-arm-none-eabi/bin/../lib/gcc/arm-none-eabi/13.3.1/../../../../arm-none-eabi/lib/thumb/v6-m/nofp/libc_nano.a(libc_a-mprec.o)
                0x0800d61a                __lo0bits
 *fill*         0x0800d676        0x2 
 .text.__i2b    0x0800d678       0x30 /home/emanuel/Desktop/arm-gnu-toolchain-13.3.rel1-x86_64-arm-none-eabi/bin/../lib/gcc/arm-none-eabi/13.3.1/../../../../arm-none-eabi/lib/thumb/v6-m/nofp/libc_nano.a(libc_a-mprec.o)
                0x0800d678                __i2b
 .text.__multiply
                0x0800d6a8      0x154 /home/emanuel/Desktop/arm-gnu-toolchain-13.3.rel1-x86_64-arm-none-eabi/bin/../lib/gcc/arm-none-eabi/13.3.1/../../../../arm-none-eabi/lib/thumb/v6-m/nofp/libc_nano.a(libc_a-mprec.o)
                0x0800d6a8                __multiply
 .text.__pow5mult
                0x0800d7fc       0xb8 /home/emanuel/Desktop/arm-gnu-toolchain-13.3.rel1-x86_64-arm-none-eabi/bin/../lib/gcc/arm-none-eabi/13.3.1/../../../../arm-none-eabi/lib/thumb/v6-m/nofp/libc_nano.a(libc_a-mprec.o)
                0x0800d7fc                __pow5mult
 .text.__lshift
                0x0800d8b4       0xd8 /home/emanuel/Desktop/arm-gnu-toolchain-13.3.rel1-x86_64-arm-none-eabi/bin/../lib/gcc/arm-none-eabi/13.3.1/../../../../arm-none-eabi/lib/thumb/v6-m/nofp/libc_nano.a(libc_a-mprec.o)
                0x0800d8b4                __lshift
 .text.__mcmp   0x0800d98c       0x36 /home/emanuel/Desktop/arm-gnu-toolchain-13.3.rel1-x86_64-arm-none-eabi/bin/../lib/gcc/arm-none-eabi/13.3.1/../../../../arm-none-eabi/lib/thumb/v6-m/nofp/libc_nano.a(libc_a-mprec.o)
                0x0800d98c                __mcmp
 *fill*         0x0800d9c2        0x2 
 .text.__mdiff  0x0800d9c4      0x134 /home/emanuel/Desktop/arm-gnu-toolchain-13.3.rel1-x86_64-arm-none-eabi/bin/../lib/gcc/arm-none-eabi/13.3.1/../../../../arm-none-eabi/lib/thumb/v6-m/nofp/libc_nano.a(libc_a-mprec.o)
                0x0800d9c4                __mdiff
 .text.__ulp    0x0800daf8       0x40 /home/emanuel/Desktop/arm-gnu-toolchain-13.3.rel1-x86_64-arm-none-eabi/bin/../lib/gcc/arm-none-eabi/13.3.1/../../../../arm-none-eabi/lib/thumb/v6-m/nofp/libc_nano.a(libc_a-mprec.o)
                0x0800daf8                __ulp
 .text.__b2d    0x0800db38       0x98 /home/emanuel/Desktop/arm-gnu-toolchain-13.3.rel1-x86_64-arm-none-eabi/bin/../lib/gcc/arm-none-eabi/13.3.1/../../../../arm-none-eabi/lib/thumb/v6-m/nofp/libc_nano.a(libc_a-mprec.o)
                0x0800db38                __b2d
 .text.__d2b    0x0800dbd0       0xc0 /home/emanuel/Desktop/arm-gnu-toolchain-13.3.rel1-x86_64-arm-none-eabi/bin/../lib/gcc/arm-none-eabi/13.3.1/../../../../arm-none-eabi/lib/thumb/v6-m/nofp/libc_nano.a(libc_a-mprec.o)
                0x0800dbd0                __d2b
 .text.__ratio  0x0800dc90       0x54 /home/emanuel/Desktop/arm-gnu-toolchain-13.3.rel1-x86_64-arm-none-eabi/bin/../lib/gcc/arm-none-eabi/13.3.1/../../../../arm-none-eabi/lib/thumb/v6-m/nofp/libc_nano.a(libc_a-mprec.o)
                0x0800dc90                __ratio
 .text.__copybits
                0x0800dce4       0x42 /home/emanuel/Desktop/arm-gnu-toolchain-13.3.rel1-x86_64-arm-none-eabi/bin/../lib/gcc/arm-none-eabi/13.3.1/../../../../arm-none-eabi/lib/thumb/v6-m/nofp/libc_nano.a(libc_a-mprec.o)
                0x0800dce4                __copybits
 .text.__any_on
                0x0800dd26       0x46 /home/emanuel/Desktop/arm-gnu-toolchain-13.3.rel1-x86_64-arm-none-eabi/bin/../lib/gcc/arm-none-eabi/13.3.1/../../../../arm-none-eabi/lib/thumb/v6-m/nofp/libc_nano.a(libc_a-mprec.o)
                0x0800dd26                __any_on
 .text._calloc_r
                0x0800dd6c       0x5a /home/emanuel/Desktop/arm-gnu-toolchain-13.3.rel1-x86_64-arm-none-eabi/bin/../lib/gcc/arm-none-eabi/13.3.1/../../../../arm-none-eabi/lib/thumb/v6-m/nofp/libc_nano.a(libc_a-callocr.o)
                0x0800dd6c                _calloc_r
 *fill*         0x0800ddc6        0x2 
 .text._sbrk_r  0x0800ddc8       0x24 /home/emanuel/Desktop/arm-gnu-toolchain-13.3.rel1-x86_64-arm-none-eabi/bin/../lib/gcc/arm-none-eabi/13.3.1/../../../../arm-none-eabi/lib/thumb/v6-m/nofp/libc_nano.a(libc_a-sbrkr.o)
                0x0800ddc8                _sbrk_r
 .text.nan      0x0800ddec        0xc /home/emanuel/Desktop/arm-gnu-toolchain-13.3.rel1-x86_64-arm-none-eabi/bin/../lib/gcc/arm-none-eabi/13.3.1/../../../../arm-none-eabi/lib/thumb/v6-m/nofp/libc_nano.a(libm_a-s_nan.o)
                0x0800ddec                nan
 .text._realloc_r
                0x0800ddf8       0x60 /home/emanuel/Desktop/arm-gnu-toolchain-13.3.rel1-x86_64-arm-none-eabi/bin/../lib/gcc/arm-none-eabi/13.3.1/../../../../arm-none-eabi/lib/thumb/v6-m/nofp/libc_nano.a(libc_a-reallocr.o)
                0x0800ddf8                _realloc_r
 .text.__sfputc_r
                0x0800de58       0x2a /home/emanuel/Desktop/arm-gnu-toolchain-13.3.rel1-x86_64-arm-none-eabi/bin/../lib/gcc/arm-none-eabi/13.3.1/../../../../arm-none-eabi/lib/thumb/v6-m/nofp/libc_nano.a(libc_a-nano-vfprintf.o)
 .text.__sfputs_r
                0x0800de82       0x24 /home/emanuel/Desktop/arm-gnu-toolchain-13.3.rel1-x86_64-arm-none-eabi/bin/../lib/gcc/arm-none-eabi/13.3.1/../../../../arm-none-eabi/lib/thumb/v6-m/nofp/libc_nano.a(libc_a-nano-vfprintf.o)
                0x0800de82                __sfputs_r
 *fill*         0x0800dea6        0x2 
 .text._vfprintf_r
                0x0800dea8      0x238 /home/emanuel/Desktop/arm-gnu-toolchain-13.3.rel1-x86_64-arm-none-eabi/bin/../lib/gcc/arm-none-eabi/13.3.1/../../../../arm-none-eabi/lib/thumb/v6-m/nofp/libc_nano.a(libc_a-nano-vfprintf.o)
                0x0800dea8                _vfiprintf_r
                0x0800dea8                _vfprintf_r
 .text.__swsetup_r
                0x0800e0e0       0xbc /home/emanuel/Desktop/arm-gnu-toolchain-13.3.rel1-x86_64-arm-none-eabi/bin/../lib/gcc/arm-none-eabi/13.3.1/../../../../arm-none-eabi/lib/thumb/v6-m/nofp/libc_nano.a(libc_a-wsetup.o)
                0x0800e0e0                __swsetup_r
 .text.abort    0x0800e19c        0xe /home/emanuel/Desktop/arm-gnu-toolchain-13.3.rel1-x86_64-arm-none-eabi/bin/../lib/gcc/arm-none-eabi/13.3.1/../../../../arm-none-eabi/lib/thumb/v6-m/nofp/libc_nano.a(libc_a-abort.o)
                0x0800e19c                abort
 .text._raise_r
                0x0800e1aa       0x52 /home/emanuel/Desktop/arm-gnu-toolchain-13.3.rel1-x86_64-arm-none-eabi/bin/../lib/gcc/arm-none-eabi/13.3.1/../../../../arm-none-eabi/lib/thumb/v6-m/nofp/libc_nano.a(libc_a-signal.o)
                0x0800e1aa                _raise_r
 .text.raise    0x0800e1fc       0x14 /home/emanuel/Desktop/arm-gnu-toolchain-13.3.rel1-x86_64-arm-none-eabi/bin/../lib/gcc/arm-none-eabi/13.3.1/../../../../arm-none-eabi/lib/thumb/v6-m/nofp/libc_nano.a(libc_a-signal.o)
                0x0800e1fc                raise
 .text._malloc_usable_size_r
                0x0800e210       0x10 /home/emanuel/Desktop/arm-gnu-toolchain-13.3.rel1-x86_64-arm-none-eabi/bin/../lib/gcc/arm-none-eabi/13.3.1/../../../../arm-none-eabi/lib/thumb/v6-m/nofp/libc_nano.a(libc_a-msizer.o)
                0x0800e210                _malloc_usable_size_r
 .text._kill_r  0x0800e220       0x24 /home/emanuel/Desktop/arm-gnu-toolchain-13.3.rel1-x86_64-arm-none-eabi/bin/../lib/gcc/arm-none-eabi/13.3.1/../../../../arm-none-eabi/lib/thumb/v6-m/nofp/libc_nano.a(libc_a-signalr.o)
                0x0800e220                _kill_r
 .text._getpid_r
                0x0800e244        0x8 /home/emanuel/Desktop/arm-gnu-toolchain-13.3.rel1-x86_64-arm-none-eabi/bin/../lib/gcc/arm-none-eabi/13.3.1/../../../../arm-none-eabi/lib/thumb/v6-m/nofp/libc_nano.a(libc_a-signalr.o)
                0x0800e244                _getpid_r
 .text.__swbuf_r
                0x0800e24c       0x84 /home/emanuel/Desktop/arm-gnu-toolchain-13.3.rel1-x86_64-arm-none-eabi/bin/../lib/gcc/arm-none-eabi/13.3.1/../../../../arm-none-eabi/lib/thumb/v6-m/nofp/libc_nano.a(libc_a-wbuf.o)
                0x0800e24c                __swbuf_r
 .text.__swhatbuf_r
                0x0800e2d0       0x54 /home/emanuel/Desktop/arm-gnu-toolchain-13.3.rel1-x86_64-arm-none-eabi/bin/../lib/gcc/arm-none-eabi/13.3.1/../../../../arm-none-eabi/lib/thumb/v6-m/nofp/libc_nano.a(libc_a-makebuf.o)
                0x0800e2d0                __swhatbuf_r
 .text.__smakebuf_r
                0x0800e324       0x82 /home/emanuel/Desktop/arm-gnu-toolchain-13.3.rel1-x86_64-arm-none-eabi/bin/../lib/gcc/arm-none-eabi/13.3.1/../../../../arm-none-eabi/lib/thumb/v6-m/nofp/libc_nano.a(libc_a-makebuf.o)
                0x0800e324                __smakebuf_r
 *fill*         0x0800e3a6        0x2 
 .text._fstat_r
                0x0800e3a8       0x24 /home/emanuel/Desktop/arm-gnu-toolchain-13.3.rel1-x86_64-arm-none-eabi/bin/../lib/gcc/arm-none-eabi/13.3.1/../../../../arm-none-eabi/lib/thumb/v6-m/nofp/libc_nano.a(libc_a-fstatr.o)
                0x0800e3a8                _fstat_r
 .text._isatty_r
                0x0800e3cc       0x24 /home/emanuel/Desktop/arm-gnu-toolchain-13.3.rel1-x86_64-arm-none-eabi/bin/../lib/gcc/arm-none-eabi/13.3.1/../../../../arm-none-eabi/lib/thumb/v6-m/nofp/libc_nano.a(libc_a-isattyr.o)
                0x0800e3cc                _isatty_r
 .text.__fixunsdfsi
                0x0800e3f0       0x3c /home/emanuel/Desktop/arm-gnu-toolchain-13.3.rel1-x86_64-arm-none-eabi/bin/../lib/gcc/arm-none-eabi/13.3.1/thumb/v6-m/nofp/libgcc.a(_fixunsdfsi.o)
                0x0800e3f0                __fixunsdfsi
                0x0800e3f0                __aeabi_d2uiz
 .text.__fixdfdi
                0x0800e42c       0x38 /home/emanuel/Desktop/arm-gnu-toolchain-13.3.rel1-x86_64-arm-none-eabi/bin/../lib/gcc/arm-none-eabi/13.3.1/thumb/v6-m/nofp/libgcc.a(_fixdfdi.o)
                0x0800e42c                __aeabi_d2lz
                0x0800e42c                __fixdfdi
 .text.__fixunsdfdi
                0x0800e464       0x3c /home/emanuel/Desktop/arm-gnu-toolchain-13.3.rel1-x86_64-arm-none-eabi/bin/../lib/gcc/arm-none-eabi/13.3.1/thumb/v6-m/nofp/libgcc.a(_fixunsdfdi.o)
                0x0800e464                __aeabi_d2ulz
                0x0800e464                __fixunsdfdi
 .text.__floatdidf
                0x0800e4a0       0x2c /home/emanuel/Desktop/arm-gnu-toolchain-13.3.rel1-x86_64-arm-none-eabi/bin/../lib/gcc/arm-none-eabi/13.3.1/thumb/v6-m/nofp/libgcc.a(_floatdidf.o)
                0x0800e4a0                __floatdidf
                0x0800e4a0                __aeabi_l2d
 .text.__udivmoddi4
                0x0800e4cc      0x198 /home/emanuel/Desktop/arm-gnu-toolchain-13.3.rel1-x86_64-arm-none-eabi/bin/../lib/gcc/arm-none-eabi/13.3.1/thumb/v6-m/nofp/libgcc.a(_udivmoddi4.o)
                0x0800e4cc                __udivmoddi4
 .text.__aeabi_dadd
                0x0800e664      0x730 /home/emanuel/Desktop/arm-gnu-toolchain-13.3.rel1-x86_64-arm-none-eabi/bin/../lib/gcc/arm-none-eabi/13.3.1/thumb/v6-m/nofp/libgcc.a(adddf3.o)
                0x0800e664                __aeabi_dadd
 .text.__aeabi_ddiv
                0x0800ed94      0x604 /home/emanuel/Desktop/arm-gnu-toolchain-13.3.rel1-x86_64-arm-none-eabi/bin/../lib/gcc/arm-none-eabi/13.3.1/thumb/v6-m/nofp/libgcc.a(divdf3.o)
                0x0800ed94                __aeabi_ddiv
 .text.__eqdf2  0x0800f398       0x88 /home/emanuel/Desktop/arm-gnu-toolchain-13.3.rel1-x86_64-arm-none-eabi/bin/../lib/gcc/arm-none-eabi/13.3.1/thumb/v6-m/nofp/libgcc.a(eqdf2.o)
                0x0800f398                __eqdf2
                0x0800f398                __nedf2
 .text.__gedf2  0x0800f420       0xe0 /home/emanuel/Desktop/arm-gnu-toolchain-13.3.rel1-x86_64-arm-none-eabi/bin/../lib/gcc/arm-none-eabi/13.3.1/thumb/v6-m/nofp/libgcc.a(gedf2.o)
                0x0800f420                __gtdf2
                0x0800f420                __gedf2
 .text.__ledf2  0x0800f500       0xdc /home/emanuel/Desktop/arm-gnu-toolchain-13.3.rel1-x86_64-arm-none-eabi/bin/../lib/gcc/arm-none-eabi/13.3.1/thumb/v6-m/nofp/libgcc.a(ledf2.o)
                0x0800f500                __ltdf2
                0x0800f500                __ledf2
 .text.__aeabi_dmul
                0x0800f5dc      0x598 /home/emanuel/Desktop/arm-gnu-toolchain-13.3.rel1-x86_64-arm-none-eabi/bin/../lib/gcc/arm-none-eabi/13.3.1/thumb/v6-m/nofp/libgcc.a(muldf3.o)
                0x0800f5dc                __aeabi_dmul
 .text.__aeabi_dsub
                0x0800fb74      0x710 /home/emanuel/Desktop/arm-gnu-toolchain-13.3.rel1-x86_64-arm-none-eabi/bin/../lib/gcc/arm-none-eabi/13.3.1/thumb/v6-m/nofp/libgcc.a(subdf3.o)
                0x0800fb74                __aeabi_dsub
 .text.__aeabi_dcmpun
                0x08010284       0x44 /home/emanuel/Desktop/arm-gnu-toolchain-13.3.rel1-x86_64-arm-none-eabi/bin/../lib/gcc/arm-none-eabi/13.3.1/thumb/v6-m/nofp/libgcc.a(unorddf2.o)
                0x08010284                __aeabi_dcmpun
 .text.__aeabi_d2iz
                0x080102c8       0x78 /home/emanuel/Desktop/arm-gnu-toolchain-13.3.rel1-x86_64-arm-none-eabi/bin/../lib/gcc/arm-none-eabi/13.3.1/thumb/v6-m/nofp/libgcc.a(fixdfsi.o)
                0x080102c8                __aeabi_d2iz
 .text.__aeabi_i2d
                0x08010340       0x5c /home/emanuel/Desktop/arm-gnu-toolchain-13.3.rel1-x86_64-arm-none-eabi/bin/../lib/gcc/arm-none-eabi/13.3.1/thumb/v6-m/nofp/libgcc.a(floatsidf.o)
                0x08010340                __aeabi_i2d
 .text.__aeabi_ui2d
                0x0801039c       0x48 /home/emanuel/Desktop/arm-gnu-toolchain-13.3.rel1-x86_64-arm-none-eabi/bin/../lib/gcc/arm-none-eabi/13.3.1/thumb/v6-m/nofp/libgcc.a(floatunsidf.o)
                0x0801039c                __aeabi_ui2d
 .text.__aeabi_d2f
                0x080103e4      0x10c /home/emanuel/Desktop/arm-gnu-toolchain-13.3.rel1-x86_64-arm-none-eabi/bin/../lib/gcc/arm-none-eabi/13.3.1/thumb/v6-m/nofp/libgcc.a(truncdfsf2.o)
                0x080103e4                __aeabi_d2f
 *(.glue_7)
 .glue_7        0x080104f0        0x0 linker stubs
 *(.glue_7t)
 .glue_7t       0x080104f0        0x0 linker stubs
 *(.eh_frame)
 .eh_frame      0x080104f0        0x0 /home/emanuel/Desktop/arm-gnu-toolchain-13.3.rel1-x86_64-arm-none-eabi/bin/../lib/gcc/arm-none-eabi/13.3.1/thumb/v6-m/nofp/crtbegin.o
 *(.init)
 .init          0x080104f0        0x4 /home/emanuel/Desktop/arm-gnu-toolchain-13.3.rel1-x86_64-arm-none-eabi/bin/../lib/gcc/arm-none-eabi/13.3.1/thumb/v6-m/nofp/crti.o
                0x080104f0                _init
 .init          0x080104f4        0x8 /home/emanuel/Desktop/arm-gnu-toolchain-13.3.rel1-x86_64-arm-none-eabi/bin/../lib/gcc/arm-none-eabi/13.3.1/thumb/v6-m/nofp/crtn.o
 *(.fini)
 .fini          0x080104fc        0x4 /home/emanuel/Desktop/arm-gnu-toolchain-13.3.rel1-x86_64-arm-none-eabi/bin/../lib/gcc/arm-none-eabi/13.3.1/thumb/v6-m/nofp/crti.o
                0x080104fc                _fini
 .fini          0x08010500        0x8 /home/emanuel/Desktop/arm-gnu-toolchain-13.3.rel1-x86_64-arm-none-eabi/bin/../lib/gcc/arm-none-eabi/13.3.1/thumb/v6-m/nofp/crtn.o
                0x08010508                        . = ALIGN (0x4)
                0x08010508                        _etext = .

.vfp11_veneer   0x08010508        0x0
 .vfp11_veneer  0x08010508        0x0 linker stubs

.v4_bx          0x08010508        0x0
 .v4_bx         0x08010508        0x0 linker stubs

.iplt           0x08010508        0x0
 .iplt          0x08010508        0x0 /home/emanuel/Desktop/arm-gnu-toolchain-13.3.rel1-x86_64-arm-none-eabi/bin/../lib/gcc/arm-none-eabi/13.3.1/thumb/v6-m/nofp/crtbegin.o

.rodata         0x08010508     0x1554
                0x08010508                        . = ALIGN (0x4)
 *(.rodata)
 .rodata        0x08010508       0x5f ./Core/Src/debug_handler.o
 *fill*         0x08010567        0x1 
 .rodata        0x08010568       0x62 ./Core/Src/main.o
 *fill*         0x080105ca        0x2 
 .rodata        0x080105cc       0x30 ./Core/Src/main_task.o
 .rodata        0x080105fc       0x58 ./Core/Src/touchscreen_task.o
 .rodata        0x08010654       0x55 ./External/ili9341/ili9341.o
 *fill*         0x080106a9        0x3 
 .rodata        0x080106ac        0x5 ./Middlewares/Third_Party/FreeRTOS/Source/tasks.o
 *fill*         0x080106b1        0x3 
 .rodata        0x080106b4        0xd ./Middlewares/Third_Party/FreeRTOS/Source/timers.o
 *(.rodata*)
 *fill*         0x080106c1        0x3 
 .rodata._ZL23debugTxQueue_attributes
                0x080106c4       0x18 ./Core/Src/debug_handler.o
 .rodata._ZL27debugTxSemaphore_attributes
                0x080106dc       0x10 ./Core/Src/debug_handler.o
 .rodata._ZL27debugRxSemaphore_attributes
                0x080106ec       0x10 ./Core/Src/debug_handler.o
 .rodata.mainTask_attributes
                0x080106fc       0x24 ./Core/Src/main.o
                0x080106fc                mainTask_attributes
 .rodata.debugTxTask_attributes
                0x08010720       0x24 ./Core/Src/main.o
                0x08010720                debugTxTask_attributes
 .rodata.touchTask_attributes
                0x08010744       0x24 ./Core/Src/main.o
                0x08010744                touchTask_attributes
 .rodata.displayTask_attributes
                0x08010768       0x24 ./Core/Src/main.o
                0x08010768                displayTask_attributes
 .rodata.screenSpiDoneEvent_attributes
                0x0801078c       0x10 ./Core/Src/main.o
                0x0801078c                screenSpiDoneEvent_attributes
 .rodata.touchSpiDoneEvent_attributes
                0x0801079c       0x10 ./Core/Src/main.o
                0x0801079c                touchSpiDoneEvent_attributes
 .rodata.AHBPrescTable
                0x080107ac       0x10 ./Core/Src/system_stm32l0xx.o
                0x080107ac                AHBPrescTable
 .rodata.APBPrescTable
                0x080107bc        0x8 ./Core/Src/system_stm32l0xx.o
                0x080107bc                APBPrescTable
 .rodata.PLLMulTable
                0x080107c4        0x9 ./Core/Src/system_stm32l0xx.o
                0x080107c4                PLLMulTable
 *fill*         0x080107cd        0x3 
 .rodata._ZL23displayQueue_attributes
                0x080107d0       0x18 ./Core/Src/touchscreen_task.o
 .rodata.HAL_UART_RegisterCallback
                0x080107e8       0x34 ./Drivers/STM32L0xx_HAL_Driver/Src/stm32l0xx_hal_uart.o
 .rodata.UART_SetConfig
                0x0801081c       0x48 ./Drivers/STM32L0xx_HAL_Driver/Src/stm32l0xx_hal_uart.o
 .rodata.Font11x18
                0x08010864      0xd5c ./External/ili9341/fonts.o
 .rodata.prvProcessReceivedCommands
                0x080115c0       0x28 ./Middlewares/Third_Party/FreeRTOS/Source/timers.o
 .rodata._printf_float.str1.1
                0x080115e8      0x1d9 /home/emanuel/Desktop/arm-gnu-toolchain-13.3.rel1-x86_64-arm-none-eabi/bin/../lib/gcc/arm-none-eabi/13.3.1/../../../../arm-none-eabi/lib/thumb/v6-m/nofp/libc_nano.a(libc_a-nano-vfprintf_float.o)
                                 0x12 (size before relaxing)
 .rodata._printf_i.str1.1
                0x080117c1       0x22 /home/emanuel/Desktop/arm-gnu-toolchain-13.3.rel1-x86_64-arm-none-eabi/bin/../lib/gcc/arm-none-eabi/13.3.1/../../../../arm-none-eabi/lib/thumb/v6-m/nofp/libc_nano.a(libc_a-nano-vfprintf_i.o)
 .rodata._scanf_float.str1.1
                0x080117c1        0x6 /home/emanuel/Desktop/arm-gnu-toolchain-13.3.rel1-x86_64-arm-none-eabi/bin/../lib/gcc/arm-none-eabi/13.3.1/../../../../arm-none-eabi/lib/thumb/v6-m/nofp/libc_nano.a(libc_a-nano-vfscanf_float.o)
 .rodata._dtoa_r.str1.1
                0x080117c1       0x90 /home/emanuel/Desktop/arm-gnu-toolchain-13.3.rel1-x86_64-arm-none-eabi/bin/../lib/gcc/arm-none-eabi/13.3.1/../../../../arm-none-eabi/lib/thumb/v6-m/nofp/libc_nano.a(libc_a-dtoa.o)
 .rodata._strtod_l.str1.1
                0x080117c1        0xf /home/emanuel/Desktop/arm-gnu-toolchain-13.3.rel1-x86_64-arm-none-eabi/bin/../lib/gcc/arm-none-eabi/13.3.1/../../../../arm-none-eabi/lib/thumb/v6-m/nofp/libc_nano.a(libc_a-strtod.o)
 *fill*         0x080117c1        0x3 
 .rodata.fpinan.0
                0x080117c4       0x14 /home/emanuel/Desktop/arm-gnu-toolchain-13.3.rel1-x86_64-arm-none-eabi/bin/../lib/gcc/arm-none-eabi/13.3.1/../../../../arm-none-eabi/lib/thumb/v6-m/nofp/libc_nano.a(libc_a-strtod.o)
 .rodata.fpi.1  0x080117d8       0x14 /home/emanuel/Desktop/arm-gnu-toolchain-13.3.rel1-x86_64-arm-none-eabi/bin/../lib/gcc/arm-none-eabi/13.3.1/../../../../arm-none-eabi/lib/thumb/v6-m/nofp/libc_nano.a(libc_a-strtod.o)
 *fill*         0x080117ec        0x4 
 .rodata.tinytens
                0x080117f0       0x28 /home/emanuel/Desktop/arm-gnu-toolchain-13.3.rel1-x86_64-arm-none-eabi/bin/../lib/gcc/arm-none-eabi/13.3.1/../../../../arm-none-eabi/lib/thumb/v6-m/nofp/libc_nano.a(libc_a-strtod.o)
 .rodata.__gethex.str1.1
                0x08011818       0x74 /home/emanuel/Desktop/arm-gnu-toolchain-13.3.rel1-x86_64-arm-none-eabi/bin/../lib/gcc/arm-none-eabi/13.3.1/../../../../arm-none-eabi/lib/thumb/v6-m/nofp/libc_nano.a(libc_a-gdtoa-gethex.o)
 .rodata._setlocale_r.str1.1