Archive member included to satisfy reference by file (symbol)

/home/emanuel/Desktop/arm-gnu-toolchain-13.3.rel1-x86_64-arm-none-eabi/bin/../lib/gcc/arm-none-eabi/13.3.1/../../../../arm-none-eabi/lib/thumb/v6-m/nofp/libc_nano.a(libc_a-exit.o)
                              /home/emanuel/Desktop/arm-gnu-toolchain-13.3.rel1-x86_64-arm-none-eabi/bin/../lib/gcc/arm-none-eabi/13.3.1/../../../../arm-none-eabi/lib/thumb/v6-m/nofp/crt0.o (exit)
/home/emanuel/Desktop/arm-gnu-toolchain-13.3.rel1-x86_64-arm-none-eabi/bin/../lib/gcc/arm-none-eabi/13.3.1/../../../../arm-none-eabi/lib/thumb/v6-m/nofp/libc_nano.a(libc_a-errno.o)
                              ./Core/Src/syscalls.o (__errno)
/home/emanuel/Desktop/arm-gnu-toolchain-13.3.rel1-x86_64-arm-none-eabi/bin/../lib/gcc/arm-none-eabi/13.3.1/../../../../arm-none-eabi/lib/thumb/v6-m/nofp/libc_nano.a(libc_a-init.o)
                              /home/emanuel/Desktop/arm-gnu-toolchain-13.3.rel1-x86_64-arm-none-eabi/bin/../lib/gcc/arm-none-eabi/13.3.1/../../../../arm-none-eabi/lib/thumb/v6-m/nofp/crt0.o (__libc_init_array)
/home/emanuel/Desktop/arm-gnu-toolchain-13.3.rel1-x86_64-arm-none-eabi/bin/../lib/gcc/arm-none-eabi/13.3.1/../../../../arm-none-eabi/lib/thumb/v6-m/nofp/libc_nano.a(libc_a-nano-vfprintf_float.o)
                              (_printf_float)
/home/emanuel/Desktop/arm-gnu-toolchain-13.3.rel1-x86_64-arm-none-eabi/bin/../lib/gcc/arm-none-eabi/13.3.1/../../../../arm-none-eabi/lib/thumb/v6-m/nofp/libc_nano.a(libc_a-memset.o)
                              /home/emanuel/Desktop/arm-gnu-toolchain-13.3.rel1-x86_64-arm-none-eabi/bin/../lib/gcc/arm-none-eabi/13.3.1/../../../../arm-none-eabi/lib/thumb/v6-m/nofp/crt0.o (memset)
/home/emanuel/Desktop/arm-gnu-toolchain-13.3.rel1-x86_64-arm-none-eabi/bin/../lib/gcc/arm-none-eabi/13.3.1/../../../../arm-none-eabi/lib/thumb/v6-m/nofp/libc_nano.a(libc_a-localeconv.o)
                              /home/emanuel/Desktop/arm-gnu-toolchain-13.3.rel1-x86_64-arm-none-eabi/bin/../lib/gcc/arm-none-eabi/13.3.1/../../../../arm-none-eabi/lib/thumb/v6-m/nofp/libc_nano.a(libc_a-nano-vfprintf_float.o) (_localeconv_r)
/home/emanuel/Desktop/arm-gnu-toolchain-13.3.rel1-x86_64-arm-none-eabi/bin/../lib/gcc/arm-none-eabi/13.3.1/../../../../arm-none-eabi/lib/thumb/v6-m/nofp/libc_nano.a(libc_a-strcmp.o)
                              ./Core/Src/debug_handler.o (strcmp)
/home/emanuel/Desktop/arm-gnu-toolchain-13.3.rel1-x86_64-arm-none-eabi/bin/../lib/gcc/arm-none-eabi/13.3.1/../../../../arm-none-eabi/lib/thumb/v6-m/nofp/libc_nano.a(libc_a-nano-vfprintf_i.o)
                              /home/emanuel/Desktop/arm-gnu-toolchain-13.3.rel1-x86_64-arm-none-eabi/bin/../lib/gcc/arm-none-eabi/13.3.1/../../../../arm-none-eabi/lib/thumb/v6-m/nofp/libc_nano.a(libc_a-nano-vfprintf_float.o) (_printf_common)
/home/emanuel/Desktop/arm-gnu-toolchain-13.3.rel1-x86_64-arm-none-eabi/bin/../lib/gcc/arm-none-eabi/13.3.1/../../../../arm-none-eabi/lib/thumb/v6-m/nofp/libc_nano.a(libc_a-nano-vfscanf_float.o)
                              (_scanf_float)
/home/emanuel/Desktop/arm-gnu-toolchain-13.3.rel1-x86_64-arm-none-eabi/bin/../lib/gcc/arm-none-eabi/13.3.1/../../../../arm-none-eabi/lib/thumb/v6-m/nofp/libc_nano.a(libc_a-reent.o)
                              ./Middlewares/Third_Party/FreeRTOS/Source/tasks.o (_reclaim_reent)
/home/emanuel/Desktop/arm-gnu-toolchain-13.3.rel1-x86_64-arm-none-eabi/bin/../lib/gcc/arm-none-eabi/13.3.1/../../../../arm-none-eabi/lib/thumb/v6-m/nofp/libc_nano.a(libc_a-impure.o)
                              ./Middlewares/Third_Party/FreeRTOS/Source/tasks.o (_impure_ptr)
/home/emanuel/Desktop/arm-gnu-toolchain-13.3.rel1-x86_64-arm-none-eabi/bin/../lib/gcc/arm-none-eabi/13.3.1/../../../../arm-none-eabi/lib/thumb/v6-m/nofp/libc_nano.a(libc_a-memchr-stub.o)
                              /home/emanuel/Desktop/arm-gnu-toolchain-13.3.rel1-x86_64-arm-none-eabi/bin/../lib/gcc/arm-none-eabi/13.3.1/../../../../arm-none-eabi/lib/thumb/v6-m/nofp/libc_nano.a(libc_a-nano-vfprintf_i.o) (memchr)
/home/emanuel/Desktop/arm-gnu-toolchain-13.3.rel1-x86_64-arm-none-eabi/bin/../lib/gcc/arm-none-eabi/13.3.1/../../../../arm-none-eabi/lib/thumb/v6-m/nofp/libc_nano.a(libc_a-memcpy-stub.o)
                              ./Middlewares/Third_Party/FreeRTOS/Source/CMSIS_RTOS_V2/cmsis_os2.o (memcpy)
/home/emanuel/Desktop/arm-gnu-toolchain-13.3.rel1-x86_64-arm-none-eabi/bin/../lib/gcc/arm-none-eabi/13.3.1/../../../../arm-none-eabi/lib/thumb/v6-m/nofp/libc_nano.a(libc_a-strlen.o)
                              /home/emanuel/Desktop/arm-gnu-toolchain-13.3.rel1-x86_64-arm-none-eabi/bin/../lib/gcc/arm-none-eabi/13.3.1/../../../../arm-none-eabi/lib/thumb/v6-m/nofp/libc_nano.a(libc_a-nano-vfprintf_float.o) (strlen)
/home/emanuel/Desktop/arm-gnu-toolchain-13.3.rel1-x86_64-arm-none-eabi/bin/../lib/gcc/arm-none-eabi/13.3.1/../../../../arm-none-eabi/lib/thumb/v6-m/nofp/libc_nano.a(libc_a-findfp.o)
                              ./Middlewares/Third_Party/FreeRTOS/Source/tasks.o (__sf)
[...]
Memory Configuration

Name             Origin             Length             Attributes
RAM              0x20000000         0x00005000         xrw
FLASH            0x08000000         0x00030000         xr
*default*        0x00000000         0xffffffff

Linker script and memory map

LOAD /home/emanuel/Desktop/arm-gnu-toolchain-13.3.rel1-x86_64-arm-none-eabi/bin/../lib/gcc/arm-none-eabi/13.3.1/thumb/v6-m/nofp/crti.o
LOAD /home/emanuel/Desktop/arm-gnu-toolchain-13.3.rel1-x86_64-arm-none-eabi/bin/../lib/gcc/arm-none-eabi/13.3.1/thumb/v6-m/nofp/crtbegin.o
LOAD /home/emanuel/Desktop/arm-gnu-toolchain-13.3.rel1-x86_64-arm-none-eabi/bin/../lib/gcc/arm-none-eabi/13.3.1/../../../../arm-none-eabi/lib/thumb/v6-m/nofp/crt0.o
LOAD ./Core/Src/debug_handler.o
LOAD ./Core/Src/freertos.o
LOAD ./Core/Src/main.o
LOAD ./Core/Src/main_task.o
LOAD ./Core/Src/stm32l0xx_hal_msp.o
LOAD ./Core/Src/stm32l0xx_hal_timebase_tim.o
LOAD ./Core/Src/stm32l0xx_it.o
LOAD ./Core/Src/syscalls.o
LOAD ./Core/Src/sysmem.o
LOAD ./Core/Src/system_stm32l0xx.o
LOAD ./Core/Src/touchscreen_task.o
LOAD ./Core/Src/uart_utilities.o
LOAD ./Core/Startup/startup_stm32l073rztx.o
LOAD ./Drivers/STM32L0xx_HAL_Driver/Src/stm32l0xx_hal.o
LOAD ./Drivers/STM32L0xx_HAL_Driver/Src/stm32l0xx_hal_cortex.o
LOAD ./Drivers/STM32L0xx_HAL_Driver/Src/stm32l0xx_hal_dma.o
LOAD ./Drivers/STM32L0xx_HAL_Driver/Src/stm32l0xx_hal_exti.o
LOAD ./Drivers/STM32L0xx_HAL_Driver/Src/stm32l0xx_hal_flash.o
LOAD ./Drivers/STM32L0xx_HAL_Driver/Src/stm32l0xx_hal_flash_ex.o
LOAD ./Drivers/STM32L0xx_HAL_Driver/Src/stm32l0xx_hal_flash_ramfunc.o
LOAD ./Drivers/STM32L0xx_HAL_Driver/Src/stm32l0xx_hal_gpio.o
LOAD ./Drivers/STM32L0xx_HAL_Driver/Src/stm32l0xx_hal_i2c.o
LOAD ./Drivers/STM32L0xx_HAL_Driver/Src/stm32l0xx_hal_i2c_ex.o
LOAD ./Drivers/STM32L0xx_HAL_Driver/Src/stm32l0xx_hal_pwr.o
LOAD ./Drivers/STM32L0xx_HAL_Driver/Src/stm32l0xx_hal_pwr_ex.o
LOAD ./Drivers/STM32L0xx_HAL_Driver/Src/stm32l0xx_hal_rcc.o
LOAD ./Drivers/STM32L0xx_HAL_Driver/Src/stm32l0xx_hal_rcc_ex.o
LOAD ./Drivers/STM32L0xx_HAL_Driver/Src/stm32l0xx_hal_spi.o
LOAD ./Drivers/STM32L0xx_HAL_Driver/Src/stm32l0xx_hal_tim.o
LOAD ./Drivers/STM32L0xx_HAL_Driver/Src/stm32l0xx_hal_tim_ex.o
LOAD ./Drivers/STM32L0xx_HAL_Driver/Src/stm32l0xx_hal_uart.o
LOAD ./Drivers/STM32L0xx_HAL_Driver/Src/stm32l0xx_hal_uart_ex.o
LOAD ./External/ili9341/fonts.o
LOAD ./External/ili9341/ili9341.o
LOAD ./External/ili9341/ili9341_touch.o
LOAD ./Middlewares/Third_Party/FreeRTOS/Source/CMSIS_RTOS_V2/cmsis_os2.o
LOAD ./Middlewares/Third_Party/FreeRTOS/Source/croutine.o
LOAD ./Middlewares/Third_Party/FreeRTOS/Source/event_groups.o
LOAD ./Middlewares/Third_Party/FreeRTOS/Source/list.o
LOAD ./Middlewares/Third_Party/FreeRTOS/Source/queue.o
LOAD ./Middlewares/Third_Party/FreeRTOS/Source/stream_buffer.o
LOAD ./Middlewares/Third_Party/FreeRTOS/Source/tasks.o
LOAD ./Middlewares/Third_Party/FreeRTOS/Source/timers.o
LOAD ./Middlewares/Third_Party/FreeRTOS/Source/portable/GCC/ARM_CM0/port.o
LOAD ./Middlewares/Third_Party/FreeRTOS/Source/portable/MemMang/heap_4.o
START GROUP
LOAD /home/emanuel/Desktop/arm-gnu-toolchain-13.3.rel1-x86_64-arm-none-eabi/bin/../lib/gcc/arm-none-eabi/13.3.1/../../../../arm-none-eabi/lib/thumb/v6-m/nofp/libstdc++_nano.a
LOAD /home/emanuel/Desktop/arm-gnu-toolchain-13.3.rel1-x86_64-arm-none-eabi/bin/../lib/gcc/arm-none-eabi/13.3.1/../../../../arm-none-eabi/lib/thumb/v6-m/nofp/libsupc++_nano.a
END GROUP
LOAD /home/emanuel/Desktop/arm-gnu-toolchain-13.3.rel1-x86_64-arm-none-eabi/bin/../lib/gcc/arm-none-eabi/13.3.1/../../../../arm-none-eabi/lib/thumb/v6-m/nofp/libstdc++_nano.a
LOAD /home/emanuel/Desktop/arm-gnu-toolchain-13.3.rel1-x86_64-arm-none-eabi/bin/../lib/gcc/arm-none-eabi/13.3.1/../../../../arm-none-eabi/lib/thumb/v6-m/nofp/libm.a
LOAD /home/emanuel/Desktop/arm-gnu-toolchain-13.3.rel1-x86_64-arm-none-eabi/bin/../lib/gcc/arm-none-eabi/13.3.1/../../../../arm-none-eabi/lib/thumb/v6-m/nofp/libc_nano.a
START GROUP
LOAD /home/emanuel/Desktop/arm-gnu-toolchain-13.3.rel1-x86_64-arm-none-eabi/bin/../lib/gcc/arm-none-eabi/13.3.1/thumb/v6-m/nofp/libgcc.a
LOAD /home/emanuel/Desktop/arm-gnu-toolchain-13.3.rel1-x86_64-arm-none-eabi/bin/../lib/gcc/arm-none-eabi/13.3.1/../../../../arm-none-eabi/lib/thumb/v6-m/nofp/libc_nano.a
END GROUP
START GROUP
LOAD /home/emanuel/Desktop/arm-gnu-toolchain-13.3.rel1-x86_64-arm-none-eabi/bin/../lib/gcc/arm-none-eabi/13.3.1/thumb/v6-m/nofp/libgcc.a
LOAD /home/emanuel/Desktop/arm-gnu-toolchain-13.3.rel1-x86_64-arm-none-eabi/bin/../lib/gcc/arm-none-eabi/13.3.1/../../../../arm-none-eabi/lib/thumb/v6-m/nofp/libc_nano.a
END GROUP
LOAD /home/emanuel/Desktop/arm-gnu-toolchain-13.3.rel1-x86_64-arm-none-eabi/bin/../lib/gcc/arm-none-eabi/13.3.1/thumb/v6-m/nofp/crtend.o
LOAD /home/emanuel/Desktop/arm-gnu-toolchain-13.3.rel1-x86_64-arm-none-eabi/bin/../lib/gcc/arm-none-eabi/13.3.1/thumb/v6-m/nofp/crtn.o
                0x20005000                        _estack = (ORIGIN (RAM) + LENGTH (RAM))
                0x00000200                        _Min_Heap_Size = 0x200
                0x00000400                        _Min_Stack_Size = 0x400

.isr_vector     0x08000000       0xc0
                0x08000000                        . = ALIGN (0x4)
 *(.isr_vector)
 .isr_vector    0x08000000       0xc0 ./Core/Startup/startup_stm32l073rztx.o
                0x08000000                g_pfnVectors
                0x080000c0                        . = ALIGN (0x4)

.text           0x080000c0    0x10e48
                0x080000c0                        . = ALIGN (0x4)
 *(.text)
 .text          0x080000c0        0xe /home/emanuel/Desktop/arm-gnu-toolchain-13.3.rel1-x86_64-arm-none-eabi/bin/../lib/gcc/arm-none-eabi/13.3.1/../../../../arm-none-eabi/lib/thumb/v6-m/nofp/libc_nano.a(libc_a-strlen.o)
                0x080000c0                strlen
 *fill*         0x080000ce        0x2 
 .text          0x080000d0       0x14 /home/emanuel/Desktop/arm-gnu-toolchain-13.3.rel1-x86_64-arm-none-eabi/bin/../lib/gcc/arm-none-eabi/13.3.1/thumb/v6-m/nofp/libgcc.a(_thumb1_case_uqi.o)
                0x080000d0                __gnu_thumb1_case_uqi
 .text          0x080000e4       0x14 /home/emanuel/Desktop/arm-gnu-toolchain-13.3.rel1-x86_64-arm-none-eabi/bin/../lib/gcc/arm-none-eabi/13.3.1/thumb/v6-m/nofp/libgcc.a(_thumb1_case_shi.o)
                0x080000e4                __gnu_thumb1_case_shi
 .text          0x080000f8      0x114 /home/emanuel/Desktop/arm-gnu-toolchain-13.3.rel1-x86_64-arm-none-eabi/bin/../lib/gcc/arm-none-eabi/13.3.1/thumb/v6-m/nofp/libgcc.a(_udivsi3.o)
                0x080000f8                __udivsi3
                0x080000f8                __aeabi_uidiv
                0x08000204                __aeabi_uidivmod
 .text          0x0800020c      0x1d4 /home/emanuel/Desktop/arm-gnu-toolchain-13.3.rel1-x86_64-arm-none-eabi/bin/../lib/gcc/arm-none-eabi/13.3.1/thumb/v6-m/nofp/libgcc.a(_divsi3.o)
                0x0800020c                __aeabi_idiv
                0x0800020c                __divsi3
                0x080003d8                __aeabi_idivmod
 .text          0x080003e0        0x4 /home/emanuel/Desktop/arm-gnu-toolchain-13.3.rel1-x86_64-arm-none-eabi/bin/../lib/gcc/arm-none-eabi/13.3.1/thumb/v6-m/nofp/libgcc.a(_dvmd_tls.o)
                0x080003e0                __aeabi_ldiv0
                0x080003e0                __aeabi_idiv0
 .text          0x080003e4       0x7c /home/emanuel/Desktop/arm-gnu-toolchain-13.3.rel1-x86_64-arm-none-eabi/bin/../lib/gcc/arm-none-eabi/13.3.1/thumb/v6-m/nofp/libgcc.a(_arm_cmpdf2.o)
                0x080003e4                __aeabi_cdrcmple
                0x080003f4                __aeabi_cdcmple
                0x080003f4                __aeabi_cdcmpeq
                0x08000404                __aeabi_dcmpeq
                0x08000410                __aeabi_dcmplt
                0x08000424                __aeabi_dcmple
                0x08000438                __aeabi_dcmpgt
                0x0800044c                __aeabi_dcmpge
 .text          0x08000460       0x40 /home/emanuel/Desktop/arm-gnu-toolchain-13.3.rel1-x86_64-arm-none-eabi/bin/../lib/gcc/arm-none-eabi/13.3.1/thumb/v6-m/nofp/libgcc.a(_aeabi_uldivmod.o)
                0x08000460                __aeabi_uldivmod
 .text          0x080004a0       0x3c /home/emanuel/Desktop/arm-gnu-toolchain-13.3.rel1-x86_64-arm-none-eabi/bin/../lib/gcc/arm-none-eabi/13.3.1/thumb/v6-m/nofp/libgcc.a(_clzsi2.o)
                0x080004a0                __clzsi2
 .text          0x080004dc       0x18 /home/emanuel/Desktop/arm-gnu-toolchain-13.3.rel1-x86_64-arm-none-eabi/bin/../lib/gcc/arm-none-eabi/13.3.1/thumb/v6-m/nofp/libgcc.a(_clzdi2.o)
                0x080004dc                __clzdi2
 *(.text*)
 .text.deregister_tm_clones
                0x080004f4       0x20 /home/emanuel/Desktop/arm-gnu-toolchain-13.3.rel1-x86_64-arm-none-eabi/bin/../lib/gcc/arm-none-eabi/13.3.1/thumb/v6-m/nofp/crtbegin.o
 .text.register_tm_clones
                0x08000514       0x28 /home/emanuel/Desktop/arm-gnu-toolchain-13.3.rel1-x86_64-arm-none-eabi/bin/../lib/gcc/arm-none-eabi/13.3.1/thumb/v6-m/nofp/crtbegin.o
 .text.__do_global_dtors_aux
                0x0800053c       0x2c /home/emanuel/Desktop/arm-gnu-toolchain-13.3.rel1-x86_64-arm-none-eabi/bin/../lib/gcc/arm-none-eabi/13.3.1/thumb/v6-m/nofp/crtbegin.o
 .text.frame_dummy
                0x08000568       0x24 /home/emanuel/Desktop/arm-gnu-toolchain-13.3.rel1-x86_64-arm-none-eabi/bin/../lib/gcc/arm-none-eabi/13.3.1/thumb/v6-m/nofp/crtbegin.o
 .text.registerDebugCallbacks
                0x0800058c       0x30 ./Core/Src/debug_handler.o
                0x0800058c                registerDebugCallbacks
 .text.setupDebugRtosObjects
                0x080005bc       0x5c ./Core/Src/debug_handler.o
                0x080005bc                setupDebugRtosObjects
 .text._Z15debugRxCallbackP20__UART_HandleTypeDeft
                0x08000618       0x5c ./Core/Src/debug_handler.o
                0x08000618                debugRxCallback(__UART_HandleTypeDef*, unsigned short)
 .text._Z11debugTxDoneP20__UART_HandleTypeDef
                0x08000674       0x34 ./Core/Src/debug_handler.o
                0x08000674                debugTxDone(__UART_HandleTypeDef*)
 .text.debugTxHandler
                0x080006a8       0x94 ./Core/Src/debug_handler.o
                0x080006a8                debugTxHandler
 .text._ZN5Debug6printfEPKcz
                0x0800073c       0x4c ./Core/Src/debug_handler.o
                0x0800073c                Debug::printf(char const*, ...)
 .text._Z41__static_initialization_and_destruction_0v
                0x08000788       0x30 ./Core/Src/debug_handler.o
 .text._GLOBAL__sub_I_debug_buffer
                0x080007b8        0xc ./Core/Src/debug_handler.o
 .text.main     0x080007c4      0x108 ./Core/Src/main.o
                0x080007c4                main
 .text.SystemClock_Config
                0x080008cc       0xd0 ./Core/Src/main.o
                0x080008cc                SystemClock_Config
 .text.MX_SPI1_Init
                0x0800099c       0x70 ./Core/Src/main.o
 .text.MX_USART2_UART_Init
                0x08000a0c       0x60 ./Core/Src/main.o
 .text.MX_DMA_Init
                0x08000a6c       0x4c ./Core/Src/main.o
 .text.MX_GPIO_Init
                0x08000ab8      0x144 ./Core/Src/main.o
 .text.HAL_SPI_TxRxCpltCallback
                0x08000bfc       0x2c ./Core/Src/main.o
                0x08000bfc                HAL_SPI_TxRxCpltCallback
 .text.HAL_SPI_TxCpltCallback
                0x08000c28       0x2c ./Core/Src/main.o
                0x08000c28                HAL_SPI_TxCpltCallback
 .text.HAL_SPI_RxCpltCallback
                0x08000c54       0x2c ./Core/Src/main.o
                0x08000c54                HAL_SPI_RxCpltCallback
 .text.HAL_SPI_ErrorCallback
                0x08000c80       0x2c ./Core/Src/main.o
                0x08000c80                HAL_SPI_ErrorCallback
 .text.HAL_SPI_AbortCpltCallback
                0x08000cac       0x2c ./Core/Src/main.o
                0x08000cac                HAL_SPI_AbortCpltCallback
 .text.HAL_TIM_PeriodElapsedCallback
                0x08000cd8       0x24 ./Core/Src/main.o
                0x08000cd8                HAL_TIM_PeriodElapsedCallback
 .text.Error_Handler
                0x08000cfc        0xc ./Core/Src/main.o
                0x08000cfc                Error_Handler
 .text.mainHandler
                0x08000d08      0x120 ./Core/Src/main_task.o
                0x08000d08                mainHandler
 .text.HAL_MspInit
                0x08000e28       0x38 ./Core/Src/stm32l0xx_hal_msp.o
                0x08000e28                HAL_MspInit
 .text.HAL_SPI_MspInit
                0x08000e60      0x13c ./Core/Src/stm32l0xx_hal_msp.o
                0x08000e60                HAL_SPI_MspInit
 .text.HAL_UART_MspInit
                0x08000f9c      0x14c ./Core/Src/stm32l0xx_hal_msp.o
                0x08000f9c                HAL_UART_MspInit
 .text.HAL_InitTick
                0x080010e8       0xfc ./Core/Src/stm32l0xx_hal_timebase_tim.o
                0x080010e8                HAL_InitTick
 .text.NMI_Handler
                0x080011e4        0x8 ./Core/Src/stm32l0xx_it.o
                0x080011e4                NMI_Handler
 .text.HardFault_Handler
                0x080011ec        0x8 ./Core/Src/stm32l0xx_it.o
                0x080011ec                HardFault_Handler
 .text.EXTI4_15_IRQHandler
                0x080011f4       0x1e ./Core/Src/stm32l0xx_it.o
                0x080011f4                EXTI4_15_IRQHandler
 *fill*         0x08001212        0x2 
 .text.DMA1_Channel2_3_IRQHandler
                0x08001214       0x24 ./Core/Src/stm32l0xx_it.o
                0x08001214                DMA1_Channel2_3_IRQHandler
 .text.DMA1_Channel4_5_6_7_IRQHandler
                0x08001238       0x24 ./Core/Src/stm32l0xx_it.o
                0x08001238                DMA1_Channel4_5_6_7_IRQHandler
 .text.TIM6_DAC_IRQHandler
                0x0800125c       0x18 ./Core/Src/stm32l0xx_it.o
                0x0800125c                TIM6_DAC_IRQHandler
 .text.USART2_IRQHandler
                0x08001274       0x18 ./Core/Src/stm32l0xx_it.o
                0x08001274                USART2_IRQHandler
 .text._getpid  0x0800128c        0xc ./Core/Src/syscalls.o
                0x0800128c                _getpid
 .text._kill    0x08001298       0x20 ./Core/Src/syscalls.o
                0x08001298                _kill
 .text._exit    0x080012b8       0x1a ./Core/Src/syscalls.o
                0x080012b8                _exit
 .text._read    0x080012d2       0x3a ./Core/Src/syscalls.o
                0x080012d2                _read
 .text._write   0x0800130c       0x38 ./Core/Src/syscalls.o
                0x0800130c                _write
 .text._close   0x08001344       0x14 ./Core/Src/syscalls.o
                0x08001344                _close
 .text._fstat   0x08001358       0x1c ./Core/Src/syscalls.o
                0x08001358                _fstat
 .text._isatty  0x08001374       0x12 ./Core/Src/syscalls.o
                0x08001374                _isatty
 .text._lseek   0x08001386       0x16 ./Core/Src/syscalls.o
                0x08001386                _lseek
 .text._sbrk    0x0800139c       0x6c ./Core/Src/sysmem.o
                0x0800139c                _sbrk
 .text.SystemInit
                0x08001408        0xa ./Core/Src/system_stm32l0xx.o
                0x08001408                SystemInit
 .text._Z14touchscreen_onv
                0x08001412        0xa ./Core/Src/touchscreen_task.o
                0x08001412                touchscreen_on()
 .text._Z15touchscreen_offv
                0x0800141c        0xa ./Core/Src/touchscreen_task.o
                0x0800141c                touchscreen_off()
 .text._Z16touchscreen_initv
                0x08001426       0x20 ./Core/Src/touchscreen_task.o
                0x08001426                touchscreen_init()
 .text._Z18touchscreen_deinitv
                0x08001446       0x16 ./Core/Src/touchscreen_task.o
                0x08001446                touchscreen_deinit()
 .text.setupTouchscreenObjects
                0x0800145c       0x40 ./Core/Src/touchscreen_task.o
                0x0800145c                setupTouchscreenObjects
 .text.displayHandler
                0x0800149c      0x19c ./Core/Src/touchscreen_task.o
                0x0800149c                displayHandler
 .text.touchHandler
                0x08001638       0x84 ./Core/Src/touchscreen_task.o
                0x08001638                touchHandler
 .text.HAL_GPIO_EXTI_Callback
                0x080016bc       0x30 ./Core/Src/touchscreen_task.o
                0x080016bc                HAL_GPIO_EXTI_Callback
 .text.uartRxCallback
                0x080016ec      0x31c ./Core/Src/uart_utilities.o
                0x080016ec                uartRxCallback
 .text.Reset_Handler
                0x08001a08       0x50 ./Core/Startup/startup_stm32l073rztx.o
                0x08001a08                Reset_Handler
 .text.Default_Handler
                0x08001a58        0x2 ./Core/Startup/startup_stm32l073rztx.o
                0x08001a58                TSC_IRQHandler
                0x08001a58                ADC1_COMP_IRQHandler
                0x08001a58                PVD_IRQHandler
                0x08001a58                I2C1_IRQHandler
                0x08001a58                RCC_CRS_IRQHandler
                0x08001a58                SPI1_IRQHandler
                0x08001a58                EXTI2_3_IRQHandler
                0x08001a58                I2C2_IRQHandler
                0x08001a58                RTC_IRQHandler
                0x08001a58                LCD_IRQHandler
                0x08001a58                TIM3_IRQHandler
                0x08001a58                DMA1_Channel1_IRQHandler
                0x08001a58                USART4_5_IRQHandler
                0x08001a58                Default_Handler
                0x08001a58                TIM22_IRQHandler
                0x08001a58                TIM7_IRQHandler
                0x08001a58                EXTI0_1_IRQHandler
                0x08001a58                USB_IRQHandler
                0x08001a58                I2C3_IRQHandler
                0x08001a58                SPI2_IRQHandler
                0x08001a58                TIM21_IRQHandler
                0x08001a58                WWDG_IRQHandler
                0x08001a58                TIM2_IRQHandler
                0x08001a58                FLASH_IRQHandler
                0x08001a58                USART1_IRQHandler
                0x08001a58                RNG_LPUART1_IRQHandler
                0x08001a58                LPTIM1_IRQHandler
 *fill*         0x08001a5a        0x2 
 .text.HAL_Init
                0x08001a5c       0x40 ./Drivers/STM32L0xx_HAL_Driver/Src/stm32l0xx_hal.o
                0x08001a5c                HAL_Init
 .text.HAL_IncTick
                0x08001a9c       0x24 ./Drivers/STM32L0xx_HAL_Driver/Src/stm32l0xx_hal.o
                0x08001a9c                HAL_IncTick
 .text.HAL_GetTick
                0x08001ac0       0x14 ./Drivers/STM32L0xx_HAL_Driver/Src/stm32l0xx_hal.o
                0x08001ac0                HAL_GetTick
 .text.__NVIC_EnableIRQ
                0x08001ad4       0x34 ./Drivers/STM32L0xx_HAL_Driver/Src/stm32l0xx_hal_cortex.o
 .text.__NVIC_SetPriority
                0x08001b08       0xdc ./Drivers/STM32L0xx_HAL_Driver/Src/stm32l0xx_hal_cortex.o
 .text.HAL_NVIC_SetPriority
                0x08001be4       0x2a ./Drivers/STM32L0xx_HAL_Driver/Src/stm32l0xx_hal_cortex.o
                0x08001be4                HAL_NVIC_SetPriority
 .text.HAL_NVIC_EnableIRQ
                0x08001c0e       0x20 ./Drivers/STM32L0xx_HAL_Driver/Src/stm32l0xx_hal_cortex.o
                0x08001c0e                HAL_NVIC_EnableIRQ
 *fill*         0x08001c2e        0x2 
 .text.HAL_DMA_Init
                0x08001c30       0xf0 ./Drivers/STM32L0xx_HAL_Driver/Src/stm32l0xx_hal_dma.o
                0x08001c30                HAL_DMA_Init
 .text.HAL_DMA_Start_IT
                0x08001d20       0xcc ./Drivers/STM32L0xx_HAL_Driver/Src/stm32l0xx_hal_dma.o
                0x08001d20                HAL_DMA_Start_IT
 .text.HAL_DMA_Abort
                0x08001dec       0x80 ./Drivers/STM32L0xx_HAL_Driver/Src/stm32l0xx_hal_dma.o
                0x08001dec                HAL_DMA_Abort
 .text.HAL_DMA_Abort_IT
                0x08001e6c       0x8e ./Drivers/STM32L0xx_HAL_Driver/Src/stm32l0xx_hal_dma.o
                0x08001e6c                HAL_DMA_Abort_IT
 .text.HAL_DMA_IRQHandler
                0x08001efa      0x15c ./Drivers/STM32L0xx_HAL_Driver/Src/stm32l0xx_hal_dma.o
                0x08001efa                HAL_DMA_IRQHandler
 .text.DMA_SetConfig
                0x08002056       0x5c ./Drivers/STM32L0xx_HAL_Driver/Src/stm32l0xx_hal_dma.o
 *fill*         0x080020b2        0x2 
 .text.HAL_GPIO_Init
                0x080020b4      0x2fc ./Drivers/STM32L0xx_HAL_Driver/Src/stm32l0xx_hal_gpio.o
                0x080020b4                HAL_GPIO_Init
 .text.HAL_GPIO_ReadPin
                0x080023b0       0x3a ./Drivers/STM32L0xx_HAL_Driver/Src/stm32l0xx_hal_gpio.o
                0x080023b0                HAL_GPIO_ReadPin
 .text.HAL_GPIO_WritePin
                0x080023ea       0x3a ./Drivers/STM32L0xx_HAL_Driver/Src/stm32l0xx_hal_gpio.o
                0x080023ea                HAL_GPIO_WritePin
 .text.HAL_GPIO_EXTI_IRQHandler
                0x08002424       0x38 ./Drivers/STM32L0xx_HAL_Driver/Src/stm32l0xx_hal_gpio.o
                0x08002424                HAL_GPIO_EXTI_IRQHandler
 .text.HAL_RCC_OscConfig
                0x0800245c      0x7a8 ./Drivers/STM32L0xx_HAL_Driver/Src/stm32l0xx_hal_rcc.o
                0x0800245c                HAL_RCC_OscConfig
 .text.HAL_RCC_ClockConfig
                0x08002c04      0x290 ./Drivers/STM32L0xx_HAL_Driver/Src/stm32l0xx_hal_rcc.o
                0x08002c04                HAL_RCC_ClockConfig
 .text.HAL_RCC_GetSysClockFreq
                0x08002e94      0x10c ./Drivers/STM32L0xx_HAL_Driver/Src/stm32l0xx_hal_rcc.o
                0x08002e94                HAL_RCC_GetSysClockFreq
 .text.HAL_RCC_GetHCLKFreq
                0x08002fa0       0x14 ./Drivers/STM32L0xx_HAL_Driver/Src/stm32l0xx_hal_rcc.o
                0x08002fa0                HAL_RCC_GetHCLKFreq
 .text.HAL_RCC_GetPCLK1Freq
                0x08002fb4       0x2c ./Drivers/STM32L0xx_HAL_Driver/Src/stm32l0xx_hal_rcc.o
                0x08002fb4                HAL_RCC_GetPCLK1Freq
 .text.HAL_RCC_GetPCLK2Freq
                0x08002fe0       0x2c ./Drivers/STM32L0xx_HAL_Driver/Src/stm32l0xx_hal_rcc.o
                0x08002fe0                HAL_RCC_GetPCLK2Freq
 .text.HAL_RCC_GetClockConfig
                0x0800300c       0x64 ./Drivers/STM32L0xx_HAL_Driver/Src/stm32l0xx_hal_rcc.o
                0x0800300c                HAL_RCC_GetClockConfig
 .text.HAL_RCCEx_PeriphCLKConfig
                0x08003070      0x33c ./Drivers/STM32L0xx_HAL_Driver/Src/stm32l0xx_hal_rcc_ex.o
                0x08003070                HAL_RCCEx_PeriphCLKConfig
 .text.HAL_SPI_Init
                0x080033ac      0x18c ./Drivers/STM32L0xx_HAL_Driver/Src/stm32l0xx_hal_spi.o
                0x080033ac                HAL_SPI_Init
 .text.HAL_SPI_Transmit
                0x08003538      0x2a0 ./Drivers/STM32L0xx_HAL_Driver/Src/stm32l0xx_hal_spi.o
                0x08003538                HAL_SPI_Transmit
 .text.HAL_SPI_TransmitReceive
                0x080037d8      0x37e ./Drivers/STM32L0xx_HAL_Driver/Src/stm32l0xx_hal_spi.o
                0x080037d8                HAL_SPI_TransmitReceive
 *fill*         0x08003b56        0x2 
 .text.HAL_SPI_Transmit_DMA
                0x08003b58      0x16c ./Drivers/STM32L0xx_HAL_Driver/Src/stm32l0xx_hal_spi.o
                0x08003b58                HAL_SPI_Transmit_DMA
 .text.HAL_SPI_TxHalfCpltCallback
                0x08003cc4       0x10 ./Drivers/STM32L0xx_HAL_Driver/Src/stm32l0xx_hal_spi.o
                0x08003cc4                HAL_SPI_TxHalfCpltCallback
 .text.HAL_SPI_RxHalfCpltCallback
                0x08003cd4       0x10 ./Drivers/STM32L0xx_HAL_Driver/Src/stm32l0xx_hal_spi.o
                0x08003cd4                HAL_SPI_RxHalfCpltCallback
 .text.HAL_SPI_TxRxHalfCpltCallback
                0x08003ce4       0x10 ./Drivers/STM32L0xx_HAL_Driver/Src/stm32l0xx_hal_spi.o
                0x08003ce4                HAL_SPI_TxRxHalfCpltCallback
 .text.SPI_DMATransmitCplt
                0x08003cf4       0xb0 ./Drivers/STM32L0xx_HAL_Driver/Src/stm32l0xx_hal_spi.o
 .text.SPI_DMAHalfTransmitCplt
                0x08003da4       0x20 ./Drivers/STM32L0xx_HAL_Driver/Src/stm32l0xx_hal_spi.o
 .text.SPI_DMAError
                0x08003dc4       0x44 ./Drivers/STM32L0xx_HAL_Driver/Src/stm32l0xx_hal_spi.o
 .text.SPI_WaitFlagStateUntilTimeout
                0x08003e08      0x11c ./Drivers/STM32L0xx_HAL_Driver/Src/stm32l0xx_hal_spi.o
 .text.SPI_EndRxTxTransaction
                0x08003f24       0xb4 ./Drivers/STM32L0xx_HAL_Driver/Src/stm32l0xx_hal_spi.o
 .text.HAL_TIM_Base_Init
                0x08003fd8       0x80 ./Drivers/STM32L0xx_HAL_Driver/Src/stm32l0xx_hal_tim.o
                0x08003fd8                HAL_TIM_Base_Init
 .text.HAL_TIM_Base_MspInit
                0x08004058       0x10 ./Drivers/STM32L0xx_HAL_Driver/Src/stm32l0xx_hal_tim.o
                0x08004058                HAL_TIM_Base_MspInit
 .text.HAL_TIM_Base_Start_IT
                0x08004068       0xa4 ./Drivers/STM32L0xx_HAL_Driver/Src/stm32l0xx_hal_tim.o
                0x08004068                HAL_TIM_Base_Start_IT
 .text.HAL_TIM_IRQHandler
                0x0800410c      0x198 ./Drivers/STM32L0xx_HAL_Driver/Src/stm32l0xx_hal_tim.o
                0x0800410c                HAL_TIM_IRQHandler
 .text.HAL_TIM_OC_DelayElapsedCallback
                0x080042a4       0x10 ./Drivers/STM32L0xx_HAL_Driver/Src/stm32l0xx_hal_tim.o
                0x080042a4                HAL_TIM_OC_DelayElapsedCallback
 .text.HAL_TIM_IC_CaptureCallback
                0x080042b4       0x10 ./Drivers/STM32L0xx_HAL_Driver/Src/stm32l0xx_hal_tim.o
                0x080042b4                HAL_TIM_IC_CaptureCallback
 .text.HAL_TIM_PWM_PulseFinishedCallback
                0x080042c4       0x10 ./Drivers/STM32L0xx_HAL_Driver/Src/stm32l0xx_hal_tim.o
                0x080042c4                HAL_TIM_PWM_PulseFinishedCallback
 .text.HAL_TIM_TriggerCallback
                0x080042d4       0x10 ./Drivers/STM32L0xx_HAL_Driver/Src/stm32l0xx_hal_tim.o
                0x080042d4                HAL_TIM_TriggerCallback
 .text.TIM_Base_SetConfig
                0x080042e4       0xc8 ./Drivers/STM32L0xx_HAL_Driver/Src/stm32l0xx_hal_tim.o
 .text.HAL_UART_Init
                0x080043ac       0xcc ./Drivers/STM32L0xx_HAL_Driver/Src/stm32l0xx_hal_uart.o
                0x080043ac                HAL_UART_Init
 .text.HAL_UART_RegisterCallback
                0x08004478      0x148 ./Drivers/STM32L0xx_HAL_Driver/Src/stm32l0xx_hal_uart.o
                0x08004478                HAL_UART_RegisterCallback
 .text.HAL_UART_RegisterRxEventCallback
                0x080045c0       0x66 ./Drivers/STM32L0xx_HAL_Driver/Src/stm32l0xx_hal_uart.o
                0x080045c0                HAL_UART_RegisterRxEventCallback
 .text.HAL_UART_Transmit
                0x08004626      0x13e ./Drivers/STM32L0xx_HAL_Driver/Src/stm32l0xx_hal_uart.o
                0x08004626                HAL_UART_Transmit
 .text.HAL_UART_Transmit_DMA
                0x08004764      0x120 ./Drivers/STM32L0xx_HAL_Driver/Src/stm32l0xx_hal_uart.o
                0x08004764                HAL_UART_Transmit_DMA
 .text.HAL_UART_IRQHandler
                0x08004884      0x618 ./Drivers/STM32L0xx_HAL_Driver/Src/stm32l0xx_hal_uart.o
                0x08004884                HAL_UART_IRQHandler
 .text.HAL_UART_TxCpltCallback
                0x08004e9c       0x10 ./Drivers/STM32L0xx_HAL_Driver/Src/stm32l0xx_hal_uart.o
                0x08004e9c                HAL_UART_TxCpltCallback
 .text.HAL_UART_TxHalfCpltCallback
                0x08004eac       0x10 ./Drivers/STM32L0xx_HAL_Driver/Src/stm32l0xx_hal_uart.o
                0x08004eac                HAL_UART_TxHalfCpltCallback
 .text.HAL_UART_RxCpltCallback
                0x08004ebc       0x10 ./Drivers/STM32L0xx_HAL_Driver/Src/stm32l0xx_hal_uart.o
                0x08004ebc                HAL_UART_RxCpltCallback
 .text.HAL_UART_RxHalfCpltCallback
                0x08004ecc       0x10 ./Drivers/STM32L0xx_HAL_Driver/Src/stm32l0xx_hal_uart.o
                0x08004ecc                HAL_UART_RxHalfCpltCallback
 .text.HAL_UART_ErrorCallback
                0x08004edc       0x10 ./Drivers/STM32L0xx_HAL_Driver/Src/stm32l0xx_hal_uart.o
                0x08004edc                HAL_UART_ErrorCallback
 .text.HAL_UART_AbortCpltCallback
                0x08004eec       0x10 ./Drivers/STM32L0xx_HAL_Driver/Src/stm32l0xx_hal_uart.o
                0x08004eec                HAL_UART_AbortCpltCallback
 .text.HAL_UART_AbortTransmitCpltCallback
                0x08004efc       0x10 ./Drivers/STM32L0xx_HAL_Driver/Src/stm32l0xx_hal_uart.o
                0x08004efc                HAL_UART_AbortTransmitCpltCallback
 .text.HAL_UART_AbortReceiveCpltCallback
                0x08004f0c       0x10 ./Drivers/STM32L0xx_HAL_Driver/Src/stm32l0xx_hal_uart.o
                0x08004f0c                HAL_UART_AbortReceiveCpltCallback
 .text.HAL_UARTEx_RxEventCallback
                0x08004f1c       0x16 ./Drivers/STM32L0xx_HAL_Driver/Src/stm32l0xx_hal_uart.o
                0x08004f1c                HAL_UARTEx_RxEventCallback
 *fill*         0x08004f32        0x2 
 .text.UART_InitCallbacksToDefault
                0x08004f34       0x88 ./Drivers/STM32L0xx_HAL_Driver/Src/stm32l0xx_hal_uart.o
                0x08004f34                UART_InitCallbacksToDefault
 .text.UART_SetConfig
                0x08004fbc      0x53c ./Drivers/STM32L0xx_HAL_Driver/Src/stm32l0xx_hal_uart.o
                0x08004fbc                UART_SetConfig
 .text.UART_AdvFeatureConfig
                0x080054f8      0x168 ./Drivers/STM32L0xx_HAL_Driver/Src/stm32l0xx_hal_uart.o
                0x080054f8                UART_AdvFeatureConfig
 .text.UART_CheckIdleState
                0x08005660      0x150 ./Drivers/STM32L0xx_HAL_Driver/Src/stm32l0xx_hal_uart.o
                0x08005660                UART_CheckIdleState
 .text.UART_WaitOnFlagUntilTimeout
                0x080057b0       0xde ./Drivers/STM32L0xx_HAL_Driver/Src/stm32l0xx_hal_uart.o
                0x080057b0                UART_WaitOnFlagUntilTimeout
 .text.UART_EndTxTransfer
                0x0800588e       0x48 ./Drivers/STM32L0xx_HAL_Driver/Src/stm32l0xx_hal_uart.o
 *fill*         0x080058d6        0x2 
 .text.UART_EndRxTransfer
                0x080058d8       0xc8 ./Drivers/STM32L0xx_HAL_Driver/Src/stm32l0xx_hal_uart.o
 .text.UART_DMATransmitCplt
                0x080059a0       0x9c ./Drivers/STM32L0xx_HAL_Driver/Src/stm32l0xx_hal_uart.o
 .text.UART_DMATxHalfCplt
                0x08005a3c       0x22 ./Drivers/STM32L0xx_HAL_Driver/Src/stm32l0xx_hal_uart.o
 .text.UART_DMAError
                0x08005a5e       0x88 ./Drivers/STM32L0xx_HAL_Driver/Src/stm32l0xx_hal_uart.o
 .text.UART_DMAAbortOnError
                0x08005ae6       0x2a ./Drivers/STM32L0xx_HAL_Driver/Src/stm32l0xx_hal_uart.o
 .text.UART_EndTransmit_IT
                0x08005b10       0x5a ./Drivers/STM32L0xx_HAL_Driver/Src/stm32l0xx_hal_uart.o
 .text.HAL_UARTEx_WakeupCallback
                0x08005b6a       0x10 ./Drivers/STM32L0xx_HAL_Driver/Src/stm32l0xx_hal_uart_ex.o
                0x08005b6a                HAL_UARTEx_WakeupCallback
 *fill*         0x08005b7a        0x2 
 .text.ILI9341_Select
                0x08005b7c       0x1c ./External/ili9341/ili9341.o
 .text.ILI9341_Unselect
                0x08005b98       0x1c ./External/ili9341/ili9341.o
                0x08005b98                ILI9341_Unselect
 .text.ILI9341_Reset
                0x08005bb4        0xa ./External/ili9341/ili9341.o
 *fill*         0x08005bbe        0x2 
 .text.ILI9341_WriteCommand
                0x08005bc0       0x38 ./External/ili9341/ili9341.o
 .text.ILI9341_WriteData
                0x08005bf8       0x88 ./External/ili9341/ili9341.o
 .text.ILI9341_SetAddressWindow
                0x08005c80       0xb8 ./External/ili9341/ili9341.o
 .text.ILI9341_Init
                0x08005d38      0x284 ./External/ili9341/ili9341.o
                0x08005d38                ILI9341_Init
 .text.ILI9341_FillRectangle
                0x08005fbc      0x15c ./External/ili9341/ili9341.o
                0x08005fbc                ILI9341_FillRectangle
 .text.ILI9341_TouchSelect
                0x08006118       0x1c ./External/ili9341/ili9341_touch.o
 .text.ILI9341_TouchUnselect
                0x08006134       0x1c ./External/ili9341/ili9341_touch.o
                0x08006134                ILI9341_TouchUnselect
 .text.ILI9341_TouchPressed
                0x08006150       0x22 ./External/ili9341/ili9341_touch.o
                0x08006150                ILI9341_TouchPressed
 *fill*         0x08006172        0x2 
 .text.ILI9341_TouchGetCoordinates
                0x08006174      0x1a0 ./External/ili9341/ili9341_touch.o
                0x08006174                ILI9341_TouchGetCoordinates
 .text.SVC_Setup
                0x08006314        0xa ./Middlewares/Third_Party/FreeRTOS/Source/CMSIS_RTOS_V2/cmsis_os2.o
 *fill*         0x0800631e        0x2 
 .text.osKernelInitialize
                0x08006320       0x58 ./Middlewares/Third_Party/FreeRTOS/Source/CMSIS_RTOS_V2/cmsis_os2.o
                0x08006320                osKernelInitialize
 .text.osKernelStart
                0x08006378       0x60 ./Middlewares/Third_Party/FreeRTOS/Source/CMSIS_RTOS_V2/cmsis_os2.o
                0x08006378                osKernelStart
 .text.osKernelGetTickCount
                0x080063d8       0x48 ./Middlewares/Third_Party/FreeRTOS/Source/CMSIS_RTOS_V2/cmsis_os2.o
                0x080063d8                osKernelGetTickCount
 .text.osThreadNew
                0x08006420      0x148 ./Middlewares/Third_Party/FreeRTOS/Source/CMSIS_RTOS_V2/cmsis_os2.o
                0x08006420                osThreadNew
 .text.osDelay  0x08006568       0x50 ./Middlewares/Third_Party/FreeRTOS/Source/CMSIS_RTOS_V2/cmsis_os2.o
                0x08006568                osDelay
 .text.osDelayUntil
                0x080065b8       0x74 ./Middlewares/Third_Party/FreeRTOS/Source/CMSIS_RTOS_V2/cmsis_os2.o
                0x080065b8                osDelayUntil
 .text.osEventFlagsNew
                0x0800662c       0x9c ./Middlewares/Third_Party/FreeRTOS/Source/CMSIS_RTOS_V2/cmsis_os2.o
                0x0800662c                osEventFlagsNew
 .text.osEventFlagsSet
                0x080066c8       0xa0 ./Middlewares/Third_Party/FreeRTOS/Source/CMSIS_RTOS_V2/cmsis_os2.o
                0x080066c8                osEventFlagsSet
 .text.osEventFlagsClear
                0x08006768       0x88 ./Middlewares/Third_Party/FreeRTOS/Source/CMSIS_RTOS_V2/cmsis_os2.o
                0x08006768                osEventFlagsClear
 .text.osEventFlagsWait
                0x080067f0       0xdc ./Middlewares/Third_Party/FreeRTOS/Source/CMSIS_RTOS_V2/cmsis_os2.o
                0x080067f0                osEventFlagsWait
 .text.osMutexNew
                0x080068cc      0x134 ./Middlewares/Third_Party/FreeRTOS/Source/CMSIS_RTOS_V2/cmsis_os2.o
                0x080068cc                osMutexNew
 .text.osMutexAcquire
                0x08006a00       0xb8 ./Middlewares/Third_Party/FreeRTOS/Source/CMSIS_RTOS_V2/cmsis_os2.o
                0x08006a00                osMutexAcquire
 .text.osMutexRelease
                0x08006ab8       0x94 ./Middlewares/Third_Party/FreeRTOS/Source/CMSIS_RTOS_V2/cmsis_os2.o
                0x08006ab8                osMutexRelease
 .text.osSemaphoreNew
                0x08006b4c      0x144 ./Middlewares/Third_Party/FreeRTOS/Source/CMSIS_RTOS_V2/cmsis_os2.o
                0x08006b4c                osSemaphoreNew
 .text.osSemaphoreAcquire
                0x08006c90       0xbc ./Middlewares/Third_Party/FreeRTOS/Source/CMSIS_RTOS_V2/cmsis_os2.o
                0x08006c90                osSemaphoreAcquire
 .text.osSemaphoreRelease
                0x08006d4c       0x9c ./Middlewares/Third_Party/FreeRTOS/Source/CMSIS_RTOS_V2/cmsis_os2.o
                0x08006d4c                osSemaphoreRelease
 .text.osSemaphoreGetCount
                0x08006de8       0x60 ./Middlewares/Third_Party/FreeRTOS/Source/CMSIS_RTOS_V2/cmsis_os2.o
                0x08006de8                osSemaphoreGetCount
 .text.osMessageQueueNew
                0x08006e48      0x10c ./Middlewares/Third_Party/FreeRTOS/Source/CMSIS_RTOS_V2/cmsis_os2.o
                0x08006e48                osMessageQueueNew
 .text.osMessageQueuePut
                0x08006f54       0xd4 ./Middlewares/Third_Party/FreeRTOS/Source/CMSIS_RTOS_V2/cmsis_os2.o
                0x08006f54                osMessageQueuePut
 .text.osMessageQueueGet
                0x08007028       0xd0 ./Middlewares/Third_Party/FreeRTOS/Source/CMSIS_RTOS_V2/cmsis_os2.o
                0x08007028                osMessageQueueGet
 .text.osMessageQueueGetCount
                0x080070f8       0x60 ./Middlewares/Third_Party/FreeRTOS/Source/CMSIS_RTOS_V2/cmsis_os2.o
                0x080070f8                osMessageQueueGetCount
 .text.osMessageQueueReset
                0x08007158       0x60 ./Middlewares/Third_Party/FreeRTOS/Source/CMSIS_RTOS_V2/cmsis_os2.o
                0x08007158                osMessageQueueReset
 .text.vApplicationGetIdleTaskMemory
                0x080071b8       0x30 ./Middlewares/Third_Party/FreeRTOS/Source/CMSIS_RTOS_V2/cmsis_os2.o
                0x080071b8                vApplicationGetIdleTaskMemory
 .text.vApplicationGetTimerTaskMemory
                0x080071e8       0x30 ./Middlewares/Third_Party/FreeRTOS/Source/CMSIS_RTOS_V2/cmsis_os2.o
                0x080071e8                vApplicationGetTimerTaskMemory
 .text.xEventGroupCreateStatic
                0x08007218       0x4e ./Middlewares/Third_Party/FreeRTOS/Source/event_groups.o
                0x08007218                xEventGroupCreateStatic
 .text.xEventGroupCreate
                0x08007266       0x36 ./Middlewares/Third_Party/FreeRTOS/Source/event_groups.o
                0x08007266                xEventGroupCreate
 .text.xEventGroupWaitBits
                0x0800729c      0x156 ./Middlewares/Third_Party/FreeRTOS/Source/event_groups.o
                0x0800729c                xEventGroupWaitBits
 .text.xEventGroupClearBits
                0x080073f2       0x50 ./Middlewares/Third_Party/FreeRTOS/Source/event_groups.o
                0x080073f2                xEventGroupClearBits
 *fill*         0x08007442        0x2 
 .text.xEventGroupClearBitsFromISR
                0x08007444       0x28 ./Middlewares/Third_Party/FreeRTOS/Source/event_groups.o
                0x08007444                xEventGroupClearBitsFromISR
 .text.xEventGroupGetBitsFromISR
                0x0800746c       0x2c ./Middlewares/Third_Party/FreeRTOS/Source/event_groups.o
                0x0800746c                xEventGroupGetBitsFromISR
 .text.xEventGroupSetBits
                0x08007498       0xf8 ./Middlewares/Third_Party/FreeRTOS/Source/event_groups.o
                0x08007498                xEventGroupSetBits
 .text.vEventGroupSetBitsCallback
                0x08007590       0x1e ./Middlewares/Third_Party/FreeRTOS/Source/event_groups.o
                0x08007590                vEventGroupSetBitsCallback
 .text.vEventGroupClearBitsCallback
                0x080075ae       0x1e ./Middlewares/Third_Party/FreeRTOS/Source/event_groups.o
                0x080075ae                vEventGroupClearBitsCallback
 .text.prvTestWaitCondition
                0x080075cc       0x3e ./Middlewares/Third_Party/FreeRTOS/Source/event_groups.o
 *fill*         0x0800760a        0x2 
 .text.xEventGroupSetBitsFromISR
                0x0800760c       0x2c ./Middlewares/Third_Party/FreeRTOS/Source/event_groups.o
                0x0800760c                xEventGroupSetBitsFromISR
 .text.vListInitialise
                0x08007638       0x3c ./Middlewares/Third_Party/FreeRTOS/Source/list.o
                0x08007638                vListInitialise
 .text.vListInitialiseItem
                0x08007674       0x16 ./Middlewares/Third_Party/FreeRTOS/Source/list.o
                0x08007674                vListInitialiseItem
 .text.vListInsertEnd
                0x0800768a       0x44 ./Middlewares/Third_Party/FreeRTOS/Source/list.o
                0x0800768a                vListInsertEnd
 .text.vListInsert
                0x080076ce       0x6c ./Middlewares/Third_Party/FreeRTOS/Source/list.o
                0x080076ce                vListInsert
 .text.uxListRemove
                0x0800773a       0x50 ./Middlewares/Third_Party/FreeRTOS/Source/list.o
                0x0800773a                uxListRemove
 .text.xQueueGenericReset
                0x0800778a       0xaa ./Middlewares/Third_Party/FreeRTOS/Source/queue.o
                0x0800778a                xQueueGenericReset
 .text.xQueueGenericCreateStatic
                0x08007834       0xa2 ./Middlewares/Third_Party/FreeRTOS/Source/queue.o
                0x08007834                xQueueGenericCreateStatic
 .text.xQueueGenericCreate
                0x080078d6       0x72 ./Middlewares/Third_Party/FreeRTOS/Source/queue.o
                0x080078d6                xQueueGenericCreate
 .text.prvInitialiseNewQueue
                0x08007948       0x4e ./Middlewares/Third_Party/FreeRTOS/Source/queue.o
 .text.prvInitialiseMutex
                0x08007996       0x34 ./Middlewares/Third_Party/FreeRTOS/Source/queue.o
 .text.xQueueCreateMutex
                0x080079ca       0x38 ./Middlewares/Third_Party/FreeRTOS/Source/queue.o
                0x080079ca                xQueueCreateMutex
 .text.xQueueCreateMutexStatic
                0x08007a02       0x40 ./Middlewares/Third_Party/FreeRTOS/Source/queue.o
                0x08007a02                xQueueCreateMutexStatic
 .text.xQueueGiveMutexRecursive
                0x08007a42       0x58 ./Middlewares/Third_Party/FreeRTOS/Source/queue.o
                0x08007a42                xQueueGiveMutexRecursive
 .text.xQueueTakeMutexRecursive
                0x08007a9a       0x62 ./Middlewares/Third_Party/FreeRTOS/Source/queue.o
                0x08007a9a                xQueueTakeMutexRecursive
 .text.xQueueCreateCountingSemaphoreStatic
                0x08007afc       0x50 ./Middlewares/Third_Party/FreeRTOS/Source/queue.o
                0x08007afc                xQueueCreateCountingSemaphoreStatic
 .text.xQueueCreateCountingSemaphore
                0x08007b4c       0x4a ./Middlewares/Third_Party/FreeRTOS/Source/queue.o
                0x08007b4c                xQueueCreateCountingSemaphore
 .text.xQueueGenericSend
                0x08007b96      0x190 ./Middlewares/Third_Party/FreeRTOS/Source/queue.o
                0x08007b96                xQueueGenericSend
 .text.xQueueGenericSendFromISR
                0x08007d26       0xe8 ./Middlewares/Third_Party/FreeRTOS/Source/queue.o
                0x08007d26                xQueueGenericSendFromISR
 .text.xQueueGiveFromISR
                0x08007e0e       0xd0 ./Middlewares/Third_Party/FreeRTOS/Source/queue.o
                0x08007e0e                xQueueGiveFromISR
 .text.xQueueReceive
                0x08007ede      0x170 ./Middlewares/Third_Party/FreeRTOS/Source/queue.o
                0x08007ede                xQueueReceive
 .text.xQueueSemaphoreTake
                0x0800804e      0x1bc ./Middlewares/Third_Party/FreeRTOS/Source/queue.o
                0x0800804e                xQueueSemaphoreTake
 .text.xQueueReceiveFromISR
                0x0800820a       0xca ./Middlewares/Third_Party/FreeRTOS/Source/queue.o
                0x0800820a                xQueueReceiveFromISR
 .text.uxQueueMessagesWaiting
                0x080082d4       0x2c ./Middlewares/Third_Party/FreeRTOS/Source/queue.o
                0x080082d4                uxQueueMessagesWaiting
 .text.uxQueueMessagesWaitingFromISR
                0x08008300       0x28 ./Middlewares/Third_Party/FreeRTOS/Source/queue.o
                0x08008300                uxQueueMessagesWaitingFromISR
 .text.vQueueDelete
                0x08008328       0x3a ./Middlewares/Third_Party/FreeRTOS/Source/queue.o
                0x08008328                vQueueDelete
 .text.prvGetDisinheritPriorityAfterTimeout
                0x08008362       0x2c ./Middlewares/Third_Party/FreeRTOS/Source/queue.o
 .text.prvCopyDataToQueue
                0x0800838e       0xd6 ./Middlewares/Third_Party/FreeRTOS/Source/queue.o
 .text.prvCopyDataFromQueue
                0x08008464       0x4c ./Middlewares/Third_Party/FreeRTOS/Source/queue.o
 .text.prvUnlockQueue
                0x080084b0       0xbc ./Middlewares/Third_Party/FreeRTOS/Source/queue.o
 .text.prvIsQueueEmpty
                0x0800856c       0x2c ./Middlewares/Third_Party/FreeRTOS/Source/queue.o
 .text.prvIsQueueFull
                0x08008598       0x30 ./Middlewares/Third_Party/FreeRTOS/Source/queue.o
 .text.vQueueAddToRegistry
                0x080085c8       0x50 ./Middlewares/Third_Party/FreeRTOS/Source/queue.o
                0x080085c8                vQueueAddToRegistry
 .text.vQueueUnregisterQueue
                0x08008618       0x54 ./Middlewares/Third_Party/FreeRTOS/Source/queue.o
                0x08008618                vQueueUnregisterQueue
 .text.vQueueWaitForMessageRestricted
                0x0800866c       0x66 ./Middlewares/Third_Party/FreeRTOS/Source/queue.o
                0x0800866c                vQueueWaitForMessageRestricted
 .text.xTaskCreateStatic
                0x080086d2       0x8e ./Middlewares/Third_Party/FreeRTOS/Source/tasks.o
                0x080086d2                xTaskCreateStatic
 .text.xTaskCreate
                0x08008760       0x98 ./Middlewares/Third_Party/FreeRTOS/Source/tasks.o
                0x08008760                xTaskCreate
 .text.prvInitialiseNewTask
                0x080087f8      0x144 ./Middlewares/Third_Party/FreeRTOS/Source/tasks.o
 .text.prvAddNewTaskToReadyList
                0x0800893c       0xd0 ./Middlewares/Third_Party/FreeRTOS/Source/tasks.o
 .text.vTaskDelayUntil
                0x08008a0c       0xbc ./Middlewares/Third_Party/FreeRTOS/Source/tasks.o
                0x08008a0c                vTaskDelayUntil
 .text.vTaskDelay
                0x08008ac8       0x4c ./Middlewares/Third_Party/FreeRTOS/Source/tasks.o
                0x08008ac8                vTaskDelay
 .text.vTaskStartScheduler
                0x08008b14       0xc0 ./Middlewares/Third_Party/FreeRTOS/Source/tasks.o
                0x08008b14                vTaskStartScheduler
 .text.vTaskSuspendAll
                0x08008bd4       0x18 ./Middlewares/Third_Party/FreeRTOS/Source/tasks.o
                0x08008bd4                vTaskSuspendAll
 .text.xTaskResumeAll
                0x08008bec      0x118 ./Middlewares/Third_Party/FreeRTOS/Source/tasks.o
                0x08008bec                xTaskResumeAll
 .text.xTaskGetTickCount
                0x08008d04       0x1c ./Middlewares/Third_Party/FreeRTOS/Source/tasks.o
                0x08008d04                xTaskGetTickCount
 .text.xTaskGetTickCountFromISR
                0x08008d20       0x20 ./Middlewares/Third_Party/FreeRTOS/Source/tasks.o
                0x08008d20                xTaskGetTickCountFromISR
 .text.xTaskIncrementTick
                0x08008d40      0x160 ./Middlewares/Third_Party/FreeRTOS/Source/tasks.o
                0x08008d40                xTaskIncrementTick
 .text.vTaskSwitchContext
                0x08008ea0       0xb4 ./Middlewares/Third_Party/FreeRTOS/Source/tasks.o
                0x08008ea0                vTaskSwitchContext
 .text.vTaskPlaceOnEventList
                0x08008f54       0x40 ./Middlewares/Third_Party/FreeRTOS/Source/tasks.o
                0x08008f54                vTaskPlaceOnEventList
 .text.vTaskPlaceOnUnorderedEventList
                0x08008f94       0x60 ./Middlewares/Third_Party/FreeRTOS/Source/tasks.o
                0x08008f94                vTaskPlaceOnUnorderedEventList
 .text.vTaskPlaceOnEventListRestricted
                0x08008ff4       0x50 ./Middlewares/Third_Party/FreeRTOS/Source/tasks.o
                0x08008ff4                vTaskPlaceOnEventListRestricted
 .text.xTaskRemoveFromEventList
                0x08009044       0xbc ./Middlewares/Third_Party/FreeRTOS/Source/tasks.o
                0x08009044                xTaskRemoveFromEventList
 .text.vTaskRemoveFromUnorderedEventList
                0x08009100       0xa8 ./Middlewares/Third_Party/FreeRTOS/Source/tasks.o
                0x08009100                vTaskRemoveFromUnorderedEventList
 .text.vTaskInternalSetTimeOutState
                0x080091a8       0x28 ./Middlewares/Third_Party/FreeRTOS/Source/tasks.o
                0x080091a8                vTaskInternalSetTimeOutState
 .text.xTaskCheckForTimeOut
                0x080091d0       0xa4 ./Middlewares/Third_Party/FreeRTOS/Source/tasks.o
                0x080091d0                xTaskCheckForTimeOut
 .text.vTaskMissedYield
                0x08009274       0x14 ./Middlewares/Third_Party/FreeRTOS/Source/tasks.o
                0x08009274                vTaskMissedYield
 .text.prvIdleTask
                0x08009288       0x20 ./Middlewares/Third_Party/FreeRTOS/Source/tasks.o
 .text.prvInitialiseTaskLists
                0x080092a8       0x88 ./Middlewares/Third_Party/FreeRTOS/Source/tasks.o
 .text.prvCheckTasksWaitingTermination
                0x08009330       0x5c ./Middlewares/Third_Party/FreeRTOS/Source/tasks.o
 .text.prvDeleteTCB
                0x0800938c       0x5c ./Middlewares/Third_Party/FreeRTOS/Source/tasks.o
 .text.prvResetNextTaskUnblockTime
                0x080093e8       0x3c ./Middlewares/Third_Party/FreeRTOS/Source/tasks.o
 .text.xTaskGetCurrentTaskHandle
                0x08009424       0x1c ./Middlewares/Third_Party/FreeRTOS/Source/tasks.o
                0x08009424                xTaskGetCurrentTaskHandle
 .text.xTaskGetSchedulerState
                0x08009440       0x38 ./Middlewares/Third_Party/FreeRTOS/Source/tasks.o
                0x08009440                xTaskGetSchedulerState
 .text.xTaskPriorityInherit
                0x08009478       0xd0 ./Middlewares/Third_Party/FreeRTOS/Source/tasks.o
                0x08009478                xTaskPriorityInherit
 .text.xTaskPriorityDisinherit
                0x08009548       0xbc ./Middlewares/Third_Party/FreeRTOS/Source/tasks.o
                0x08009548                xTaskPriorityDisinherit
 .text.vTaskPriorityDisinheritAfterTimeout
                0x08009604       0xe4 ./Middlewares/Third_Party/FreeRTOS/Source/tasks.o
                0x08009604                vTaskPriorityDisinheritAfterTimeout
 .text.uxTaskResetEventItemValue
                0x080096e8       0x2c ./Middlewares/Third_Party/FreeRTOS/Source/tasks.o
                0x080096e8                uxTaskResetEventItemValue
 .text.pvTaskIncrementMutexHeldCount
                0x08009714       0x24 ./Middlewares/Third_Party/FreeRTOS/Source/tasks.o
                0x08009714                pvTaskIncrementMutexHeldCount
 .text.prvAddCurrentTaskToDelayedList
                0x08009738       0xa8 ./Middlewares/Third_Party/FreeRTOS/Source/tasks.o
 .text.xTimerCreateTimerTask
                0x080097e0       0x80 ./Middlewares/Third_Party/FreeRTOS/Source/timers.o
                0x080097e0                xTimerCreateTimerTask
 .text.xTimerGenericCommand
                0x08009860       0x98 ./Middlewares/Third_Party/FreeRTOS/Source/timers.o
                0x08009860                xTimerGenericCommand
 .text.prvProcessExpiredTimer
                0x080098f8       0x8c ./Middlewares/Third_Party/FreeRTOS/Source/timers.o
 .text.prvTimerTask
                0x08009984       0x2a ./Middlewares/Third_Party/FreeRTOS/Source/timers.o
 *fill*         0x080099ae        0x2 
 .text.prvProcessTimerOrBlockTask
                0x080099b0       0x90 ./Middlewares/Third_Party/FreeRTOS/Source/timers.o
 .text.prvGetNextExpireTime
                0x08009a40       0x44 ./Middlewares/Third_Party/FreeRTOS/Source/timers.o
 .text.prvSampleTimeNow
                0x08009a84       0x40 ./Middlewares/Third_Party/FreeRTOS/Source/timers.o
 .text.prvInsertTimerInActiveList
                0x08009ac4       0x84 ./Middlewares/Third_Party/FreeRTOS/Source/timers.o
 .text.prvProcessReceivedCommands
                0x08009b48      0x194 ./Middlewares/Third_Party/FreeRTOS/Source/timers.o
 .text.prvSwitchTimerLists
                0x08009cdc       0xbc ./Middlewares/Third_Party/FreeRTOS/Source/timers.o
 .text.prvCheckForValidListAndQueue
                0x08009d98       0x84 ./Middlewares/Third_Party/FreeRTOS/Source/timers.o
 .text.xTimerPendFunctionCallFromISR
                0x08009e1c       0x4c ./Middlewares/Third_Party/FreeRTOS/Source/timers.o
                0x08009e1c                xTimerPendFunctionCallFromISR
 .text.pxPortInitialiseStack
                0x08009e68       0x54 ./Middlewares/Third_Party/FreeRTOS/Source/portable/GCC/ARM_CM0/port.o
                0x08009e68                pxPortInitialiseStack
 .text.prvTaskExitError
                0x08009ebc       0x30 ./Middlewares/Third_Party/FreeRTOS/Source/portable/GCC/ARM_CM0/port.o
 .text.SVC_Handler
                0x08009eec        0xa ./Middlewares/Third_Party/FreeRTOS/Source/portable/GCC/ARM_CM0/port.o
                0x08009eec                SVC_Handler
 *fill*         0x08009ef6        0xa 
 .text.vPortStartFirstTask
                0x08009f00       0x38 ./Middlewares/Third_Party/FreeRTOS/Source/portable/GCC/ARM_CM0/port.o
 .text.xPortStartScheduler
                0x08009f38       0x48 ./Middlewares/Third_Party/FreeRTOS/Source/portable/GCC/ARM_CM0/port.o
                0x08009f38                xPortStartScheduler
 .text.vPortYield
                0x08009f80       0x20 ./Middlewares/Third_Party/FreeRTOS/Source/portable/GCC/ARM_CM0/port.o
                0x08009f80                vPortYield
 .text.vPortEnterCritical
                0x08009fa0       0x24 ./Middlewares/Third_Party/FreeRTOS/Source/portable/GCC/ARM_CM0/port.o
                0x08009fa0                vPortEnterCritical
 .text.vPortExitCritical
                0x08009fc4       0x30 ./Middlewares/Third_Party/FreeRTOS/Source/portable/GCC/ARM_CM0/port.o
                0x08009fc4                vPortExitCritical
 .text.ulSetInterruptMaskFromISR
                0x08009ff4        0xc ./Middlewares/Third_Party/FreeRTOS/Source/portable/GCC/ARM_CM0/port.o
                0x08009ff4                ulSetInterruptMaskFromISR
 .text.vClearInterruptMaskFromISR
                0x0800a000        0x8 ./Middlewares/Third_Party/FreeRTOS/Source/portable/GCC/ARM_CM0/port.o
                0x0800a000                vClearInterruptMaskFromISR
 *fill*         0x0800a008        0x8 
 .text.PendSV_Handler
                0x0800a010       0x48 ./Middlewares/Third_Party/FreeRTOS/Source/portable/GCC/ARM_CM0/port.o
                0x0800a010                PendSV_Handler
 .text.SysTick_Handler
                0x0800a058       0x34 ./Middlewares/Third_Party/FreeRTOS/Source/portable/GCC/ARM_CM0/port.o
                0x0800a058                SysTick_Handler
 .text.prvSetupTimerInterrupt
                0x0800a08c       0x44 ./Middlewares/Third_Party/FreeRTOS/Source/portable/GCC/ARM_CM0/port.o
 .text.pvPortMalloc
                0x0800a0d0      0x150 ./Middlewares/Third_Party/FreeRTOS/Source/portable/MemMang/heap_4.o
                0x0800a0d0                pvPortMalloc
 .text.vPortFree
                0x0800a220       0x94 ./Middlewares/Third_Party/FreeRTOS/Source/portable/MemMang/heap_4.o
                0x0800a220                vPortFree
 .text.prvHeapInit
                0x0800a2b4       0xc0 ./Middlewares/Third_Party/FreeRTOS/Source/portable/MemMang/heap_4.o
 .text.prvInsertBlockIntoFreeList
                0x0800a374       0xb0 ./Middlewares/Third_Party/FreeRTOS/Source/portable/MemMang/heap_4.o
 .text.__errno  0x0800a424        0xc /home/emanuel/Desktop/arm-gnu-toolchain-13.3.rel1-x86_64-arm-none-eabi/bin/../lib/gcc/arm-none-eabi/13.3.1/../../../../arm-none-eabi/lib/thumb/v6-m/nofp/libc_nano.a(libc_a-errno.o)
                0x0800a424                __errno
 .text.__libc_init_array
                0x0800a430       0x48 /home/emanuel/Desktop/arm-gnu-toolchain-13.3.rel1-x86_64-arm-none-eabi/bin/../lib/gcc/arm-none-eabi/13.3.1/../../../../arm-none-eabi/lib/thumb/v6-m/nofp/libc_nano.a(libc_a-init.o)
                0x0800a430                __libc_init_array
 .text.__cvt    0x0800a478       0xcc /home/emanuel/Desktop/arm-gnu-toolchain-13.3.rel1-x86_64-arm-none-eabi/bin/../lib/gcc/arm-none-eabi/13.3.1/../../../../arm-none-eabi/lib/thumb/v6-m/nofp/libc_nano.a(libc_a-nano-vfprintf_float.o)
                0x0800a478                __cvt
 .text.__exponent
                0x0800a544       0x7e /home/emanuel/Desktop/arm-gnu-toolchain-13.3.rel1-x86_64-arm-none-eabi/bin/../lib/gcc/arm-none-eabi/13.3.1/../../../../arm-none-eabi/lib/thumb/v6-m/nofp/libc_nano.a(libc_a-nano-vfprintf_float.o)
                0x0800a544                __exponent
 *fill*         0x0800a5c2        0x2 
 .text._printf_float
                0x0800a5c4      0x47c /home/emanuel/Desktop/arm-gnu-toolchain-13.3.rel1-x86_64-arm-none-eabi/bin/../lib/gcc/arm-none-eabi/13.3.1/../../../../arm-none-eabi/lib/thumb/v6-m/nofp/libc_nano.a(libc_a-nano-vfprintf_float.o)
                0x0800a5c4                _printf_float
 .text.memset   0x0800aa40       0x10 /home/emanuel/Desktop/arm-gnu-toolchain-13.3.rel1-x86_64-arm-none-eabi/bin/../lib/gcc/arm-none-eabi/13.3.1/../../../../arm-none-eabi/lib/thumb/v6-m/nofp/libc_nano.a(libc_a-memset.o)
                0x0800aa40                memset
 .text._localeconv_r
                0x0800aa50        0x8 /home/emanuel/Desktop/arm-gnu-toolchain-13.3.rel1-x86_64-arm-none-eabi/bin/../lib/gcc/arm-none-eabi/13.3.1/../../../../arm-none-eabi/lib/thumb/v6-m/nofp/libc_nano.a(libc_a-localeconv.o)
                0x0800aa50                _localeconv_r
 .text._printf_common
                0x0800aa58       0xde /home/emanuel/Desktop/arm-gnu-toolchain-13.3.rel1-x86_64-arm-none-eabi/bin/../lib/gcc/arm-none-eabi/13.3.1/../../../../arm-none-eabi/lib/thumb/v6-m/nofp/libc_nano.a(libc_a-nano-vfprintf_i.o)
                0x0800aa58                _printf_common
 *fill*         0x0800ab36        0x2 
 .text._printf_i
                0x0800ab38      0x218 /home/emanuel/Desktop/arm-gnu-toolchain-13.3.rel1-x86_64-arm-none-eabi/bin/../lib/gcc/arm-none-eabi/13.3.1/../../../../arm-none-eabi/lib/thumb/v6-m/nofp/libc_nano.a(libc_a-nano-vfprintf_i.o)
                0x0800ab38                _printf_i
 .text._scanf_float
                0x0800ad50      0x41c /home/emanuel/Desktop/arm-gnu-toolchain-13.3.rel1-x86_64-arm-none-eabi/bin/../lib/gcc/arm-none-eabi/13.3.1/../../../../arm-none-eabi/lib/thumb/v6-m/nofp/libc_nano.a(libc_a-nano-vfscanf_float.o)
                0x0800ad50                _scanf_float
 .text._reclaim_reent
                0x0800b16c       0xd4 /home/emanuel/Desktop/arm-gnu-toolchain-13.3.rel1-x86_64-arm-none-eabi/bin/../lib/gcc/arm-none-eabi/13.3.1/../../../../arm-none-eabi/lib/thumb/v6-m/nofp/libc_nano.a(libc_a-reent.o)
                0x0800b16c                _reclaim_reent
 .text.memchr   0x0800b240       0x16 /home/emanuel/Desktop/arm-gnu-toolchain-13.3.rel1-x86_64-arm-none-eabi/bin/../lib/gcc/arm-none-eabi/13.3.1/../../../../arm-none-eabi/lib/thumb/v6-m/nofp/libc_nano.a(libc_a-memchr-stub.o)
                0x0800b240                memchr
 .text.memcpy   0x0800b256       0x12 /home/emanuel/Desktop/arm-gnu-toolchain-13.3.rel1-x86_64-arm-none-eabi/bin/../lib/gcc/arm-none-eabi/13.3.1/../../../../arm-none-eabi/lib/thumb/v6-m/nofp/libc_nano.a(libc_a-memcpy-stub.o)
                0x0800b256                memcpy
 .text.std      0x0800b268       0x6c /home/emanuel/Desktop/arm-gnu-toolchain-13.3.rel1-x86_64-arm-none-eabi/bin/../lib/gcc/arm-none-eabi/13.3.1/../../../../arm-none-eabi/lib/thumb/v6-m/nofp/libc_nano.a(libc_a-findfp.o)
 .text.stdio_exit_handler
                0x0800b2d4       0x1c /home/emanuel/Desktop/arm-gnu-toolchain-13.3.rel1-x86_64-arm-none-eabi/bin/../lib/gcc/arm-none-eabi/13.3.1/../../../../arm-none-eabi/lib/thumb/v6-m/nofp/libc_nano.a(libc_a-findfp.o)
 .text.cleanup_stdio
                0x0800b2f0       0x3c /home/emanuel/Desktop/arm-gnu-toolchain-13.3.rel1-x86_64-arm-none-eabi/bin/../lib/gcc/arm-none-eabi/13.3.1/../../../../arm-none-eabi/lib/thumb/v6-m/nofp/libc_nano.a(libc_a-findfp.o)
 .text.global_stdio_init.part.0
                0x0800b32c       0x3c /home/emanuel/Desktop/arm-gnu-toolchain-13.3.rel1-x86_64-arm-none-eabi/bin/../lib/gcc/arm-none-eabi/13.3.1/../../../../arm-none-eabi/lib/thumb/v6-m/nofp/libc_nano.a(libc_a-findfp.o)
 .text.__sfp_lock_acquire
                0x0800b368       0x10 /home/emanuel/Desktop/arm-gnu-toolchain-13.3.rel1-x86_64-arm-none-eabi/bin/../lib/gcc/arm-none-eabi/13.3.1/../../../../arm-none-eabi/lib/thumb/v6-m/nofp/libc_nano.a(libc_a-findfp.o)
                0x0800b368                __sfp_lock_acquire
 .text.__sfp_lock_release
                0x0800b378       0x10 /home/emanuel/Desktop/arm-gnu-toolchain-13.3.rel1-x86_64-arm-none-eabi/bin/../lib/gcc/arm-none-eabi/13.3.1/../../../../arm-none-eabi/lib/thumb/v6-m/nofp/libc_nano.a(libc_a-findfp.o)
                0x0800b378                __sfp_lock_release
 .text.__sinit  0x0800b388       0x30 /home/emanuel/Desktop/arm-gnu-toolchain-13.3.rel1-x86_64-arm-none-eabi/bin/../lib/gcc/arm-none-eabi/13.3.1/../../../../arm-none-eabi/lib/thumb/v6-m/nofp/libc_nano.a(libc_a-findfp.o)
                0x0800b388                __sinit
 .text.sprintf  0x0800b3b8       0x44 /home/emanuel/Desktop/arm-gnu-toolchain-13.3.rel1-x86_64-arm-none-eabi/bin/../lib/gcc/arm-none-eabi/13.3.1/../../../../arm-none-eabi/lib/thumb/v6-m/nofp/libc_nano.a(libc_a-sprintf.o)
                0x0800b3b8                sprintf
                0x0800b3b8                siprintf
 .text.__sread  0x0800b3fc       0x28 /home/emanuel/Desktop/arm-gnu-toolchain-13.3.rel1-x86_64-arm-none-eabi/bin/../lib/gcc/arm-none-eabi/13.3.1/../../../../arm-none-eabi/lib/thumb/v6-m/nofp/libc_nano.a(libc_a-stdio.o)
                0x0800b3fc                __sread
 .text.__swrite
                0x0800b424       0x38 /home/emanuel/Desktop/arm-gnu-toolchain-13.3.rel1-x86_64-arm-none-eabi/bin/../lib/gcc/arm-none-eabi/13.3.1/../../../../arm-none-eabi/lib/thumb/v6-m/nofp/libc_nano.a(libc_a-stdio.o)
                0x0800b424                __swrite
 .text.__sseek  0x0800b45c       0x2c /home/emanuel/Desktop/arm-gnu-toolchain-13.3.rel1-x86_64-arm-none-eabi/bin/../lib/gcc/arm-none-eabi/13.3.1/../../../../arm-none-eabi/lib/thumb/v6-m/nofp/libc_nano.a(libc_a-stdio.o)
                0x0800b45c                __sseek
 .text.__sclose
                0x0800b488        0xc /home/emanuel/Desktop/arm-gnu-toolchain-13.3.rel1-x86_64-arm-none-eabi/bin/../lib/gcc/arm-none-eabi/13.3.1/../../../../arm-none-eabi/lib/thumb/v6-m/nofp/libc_nano.a(libc_a-stdio.o)
                0x0800b488                __sclose
 .text.quorem   0x0800b494      0x10a /home/emanuel/Desktop/arm-gnu-toolchain-13.3.rel1-x86_64-arm-none-eabi/bin/../lib/gcc/arm-none-eabi/13.3.1/../../../../arm-none-eabi/lib/thumb/v6-m/nofp/libc_nano.a(libc_a-dtoa.o)
 *fill*         0x0800b59e        0x2 
 .text._dtoa_r  0x0800b5a0      0xbd8 /home/emanuel/Desktop/arm-gnu-toolchain-13.3.rel1-x86_64-arm-none-eabi/bin/../lib/gcc/arm-none-eabi/13.3.1/../../../../arm-none-eabi/lib/thumb/v6-m/nofp/libc_nano.a(libc_a-dtoa.o)
                0x0800b5a0                _dtoa_r
 .text._lseek_r
                0x0800c178       0x28 /home/emanuel/Desktop/arm-gnu-toolchain-13.3.rel1-x86_64-arm-none-eabi/bin/../lib/gcc/arm-none-eabi/13.3.1/../../../../arm-none-eabi/lib/thumb/v6-m/nofp/libc_nano.a(libc_a-lseekr.o)
                0x0800c178                _lseek_r
 .text._read_r  0x0800c1a0       0x28 /home/emanuel/Desktop/arm-gnu-toolchain-13.3.rel1-x86_64-arm-none-eabi/bin/../lib/gcc/arm-none-eabi/13.3.1/../../../../arm-none-eabi/lib/thumb/v6-m/nofp/libc_nano.a(libc_a-readr.o)
                0x0800c1a0                _read_r
 .text._fwalk_sglue
                0x0800c1c8       0x38 /home/emanuel/Desktop/arm-gnu-toolchain-13.3.rel1-x86_64-arm-none-eabi/bin/../lib/gcc/arm-none-eabi/13.3.1/../../../../arm-none-eabi/lib/thumb/v6-m/nofp/libc_nano.a(libc_a-fwalk.o)
                0x0800c1c8                _fwalk_sglue
 .text._vsnprintf_r
                0x0800c200       0x5a /home/emanuel/Desktop/arm-gnu-toolchain-13.3.rel1-x86_64-arm-none-eabi/bin/../lib/gcc/arm-none-eabi/13.3.1/../../../../arm-none-eabi/lib/thumb/v6-m/nofp/libc_nano.a(libc_a-vsnprintf.o)
                0x0800c200                _vsnprintf_r
                0x0800c200                _vsniprintf_r
 *fill*         0x0800c25a        0x2 
 .text.vsnprintf
                0x0800c25c       0x18 /home/emanuel/Desktop/arm-gnu-toolchain-13.3.rel1-x86_64-arm-none-eabi/bin/../lib/gcc/arm-none-eabi/13.3.1/../../../../arm-none-eabi/lib/thumb/v6-m/nofp/libc_nano.a(libc_a-vsnprintf.o)
                0x0800c25c                vsnprintf
                0x0800c25c                vsniprintf
 .text.nanf     0x0800c274        0x8 /home/emanuel/Desktop/arm-gnu-toolchain-13.3.rel1-x86_64-arm-none-eabi/bin/../lib/gcc/arm-none-eabi/13.3.1/../../../../arm-none-eabi/lib/thumb/v6-m/nofp/libc_nano.a(libm_a-sf_nan.o)
                0x0800c274                nanf
 .text.sulp     0x0800c27c       0x30 /home/emanuel/Desktop/arm-gnu-toolchain-13.3.rel1-x86_64-arm-none-eabi/bin/../lib/gcc/arm-none-eabi/13.3.1/../../../../arm-none-eabi/lib/thumb/v6-m/nofp/libc_nano.a(libc_a-strtod.o)
 .text._strtod_l
                0x0800c2ac      0xbfc /home/emanuel/Desktop/arm-gnu-toolchain-13.3.rel1-x86_64-arm-none-eabi/bin/../lib/gcc/arm-none-eabi/13.3.1/../../../../arm-none-eabi/lib/thumb/v6-m/nofp/libc_nano.a(libc_a-strtod.o)
                0x0800c2ac                _strtod_l
 .text._strtod_r
                0x0800cea8       0x10 /home/emanuel/Desktop/arm-gnu-toolchain-13.3.rel1-x86_64-arm-none-eabi/bin/../lib/gcc/arm-none-eabi/13.3.1/../../../../arm-none-eabi/lib/thumb/v6-m/nofp/libc_nano.a(libc_a-strtod.o)
                0x0800cea8                _strtod_r
 .text._free_r  0x0800ceb8       0x94 /home/emanuel/Desktop/arm-gnu-toolchain-13.3.rel1-x86_64-arm-none-eabi/bin/../lib/gcc/arm-none-eabi/13.3.1/../../../../arm-none-eabi/lib/thumb/v6-m/nofp/libc_nano.a(libc_a-freer.o)
                0x0800ceb8                _free_r
 .text._strtol_l.isra.0
                0x0800cf4c      0x114 /home/emanuel/Desktop/arm-gnu-toolchain-13.3.rel1-x86_64-arm-none-eabi/bin/../lib/gcc/arm-none-eabi/13.3.1/../../../../arm-none-eabi/lib/thumb/v6-m/nofp/libc_nano.a(libc_a-strtol.o)
 .text._strtol_r
                0x0800d060        0x8 /home/emanuel/Desktop/arm-gnu-toolchain-13.3.rel1-x86_64-arm-none-eabi/bin/../lib/gcc/arm-none-eabi/13.3.1/../../../../arm-none-eabi/lib/thumb/v6-m/nofp/libc_nano.a(libc_a-strtol.o)
                0x0800d060                _strtol_r
 .text.rshift   0x0800d068       0xa6 /home/emanuel/Desktop/arm-gnu-toolchain-13.3.rel1-x86_64-arm-none-eabi/bin/../lib/gcc/arm-none-eabi/13.3.1/../../../../arm-none-eabi/lib/thumb/v6-m/nofp/libc_nano.a(libc_a-gdtoa-gethex.o)
 .text.__hexdig_fun
                0x0800d10e       0x2a /home/emanuel/Desktop/arm-gnu-toolchain-13.3.rel1-x86_64-arm-none-eabi/bin/../lib/gcc/arm-none-eabi/13.3.1/../../../../arm-none-eabi/lib/thumb/v6-m/nofp/libc_nano.a(libc_a-gdtoa-gethex.o)
                0x0800d10e                __hexdig_fun
 .text.__gethex
                0x0800d138      0x448 /home/emanuel/Desktop/arm-gnu-toolchain-13.3.rel1-x86_64-arm-none-eabi/bin/../lib/gcc/arm-none-eabi/13.3.1/../../../../arm-none-eabi/lib/thumb/v6-m/nofp/libc_nano.a(libc_a-gdtoa-gethex.o)
                0x0800d138                __gethex
 .text.L_shift  0x0800d580       0x24 /home/emanuel/Desktop/arm-gnu-toolchain-13.3.rel1-x86_64-arm-none-eabi/bin/../lib/gcc/arm-none-eabi/13.3.1/../../../../arm-none-eabi/lib/thumb/v6-m/nofp/libc_nano.a(libc_a-gdtoa-hexnan.o)
 .text.__match  0x0800d5a4       0x28 /home/emanuel/Desktop/arm-gnu-toolchain-13.3.rel1-x86_64-arm-none-eabi/bin/../lib/gcc/arm-none-eabi/13.3.1/../../../../arm-none-eabi/lib/thumb/v6-m/nofp/libc_nano.a(libc_a-gdtoa-hexnan.o)
                0x0800d5a4                __match
 .text.__hexnan
                0x0800d5cc      0x150 /home/emanuel/Desktop/arm-gnu-toolchain-13.3.rel1-x86_64-arm-none-eabi/bin/../lib/gcc/arm-none-eabi/13.3.1/../../../../arm-none-eabi/lib/thumb/v6-m/nofp/libc_nano.a(libc_a-gdtoa-hexnan.o)
                0x0800d5cc                __hexnan
 .text._write_r
                0x0800d71c       0x28 /home/emanuel/Desktop/arm-gnu-toolchain-13.3.rel1-x86_64-arm-none-eabi/bin/../lib/gcc/arm-none-eabi/13.3.1/../../../../arm-none-eabi/lib/thumb/v6-m/nofp/libc_nano.a(libc_a-writer.o)
                0x0800d71c                _write_r
 .text.__ssputs_r
                0x0800d744       0xc0 /home/emanuel/Desktop/arm-gnu-toolchain-13.3.rel1-x86_64-arm-none-eabi/bin/../lib/gcc/arm-none-eabi/13.3.1/../../../../arm-none-eabi/lib/thumb/v6-m/nofp/libc_nano.a(libc_a-nano-svfprintf.o)
                0x0800d744                __ssputs_r
 .text._svfprintf_r
                0x0800d804      0x1fc /home/emanuel/Desktop/arm-gnu-toolchain-13.3.rel1-x86_64-arm-none-eabi/bin/../lib/gcc/arm-none-eabi/13.3.1/../../../../arm-none-eabi/lib/thumb/v6-m/nofp/libc_nano.a(libc_a-nano-svfprintf.o)
                0x0800d804                _svfprintf_r
                0x0800d804                _svfiprintf_r
 .text.memmove  0x0800da00       0x24 /home/emanuel/Desktop/arm-gnu-toolchain-13.3.rel1-x86_64-arm-none-eabi/bin/../lib/gcc/arm-none-eabi/13.3.1/../../../../arm-none-eabi/lib/thumb/v6-m/nofp/libc_nano.a(libc_a-memmove.o)
                0x0800da00                memmove
 .text.__ascii_wctomb
                0x0800da24       0x1a /home/emanuel/Desktop/arm-gnu-toolchain-13.3.rel1-x86_64-arm-none-eabi/bin/../lib/gcc/arm-none-eabi/13.3.1/../../../../arm-none-eabi/lib/thumb/v6-m/nofp/libc_nano.a(libc_a-wctomb_r.o)
                0x0800da24                __ascii_wctomb
 .text.__retarget_lock_init_recursive
                0x0800da3e        0x2 /home/emanuel/Desktop/arm-gnu-toolchain-13.3.rel1-x86_64-arm-none-eabi/bin/../lib/gcc/arm-none-eabi/13.3.1/../../../../arm-none-eabi/lib/thumb/v6-m/nofp/libc_nano.a(libc_a-lock.o)
                0x0800da3e                __retarget_lock_init_recursive
 .text.__retarget_lock_acquire_recursive
                0x0800da40        0x2 /home/emanuel/Desktop/arm-gnu-toolchain-13.3.rel1-x86_64-arm-none-eabi/bin/../lib/gcc/arm-none-eabi/13.3.1/../../../../arm-none-eabi/lib/thumb/v6-m/nofp/libc_nano.a(libc_a-lock.o)
                0x0800da40                __retarget_lock_acquire_recursive
 .text.__retarget_lock_release_recursive
                0x0800da42        0x2 /home/emanuel/Desktop/arm-gnu-toolchain-13.3.rel1-x86_64-arm-none-eabi/bin/../lib/gcc/arm-none-eabi/13.3.1/../../../../arm-none-eabi/lib/thumb/v6-m/nofp/libc_nano.a(libc_a-lock.o)
                0x0800da42                __retarget_lock_release_recursive
 .text.__sflush_r
                0x0800da44      0x10c /home/emanuel/Desktop/arm-gnu-toolchain-13.3.rel1-x86_64-arm-none-eabi/bin/../lib/gcc/arm-none-eabi/13.3.1/../../../../arm-none-eabi/lib/thumb/v6-m/nofp/libc_nano.a(libc_a-fflush.o)
                0x0800da44                __sflush_r
 .text._fflush_r
                0x0800db50       0x56 /home/emanuel/Desktop/arm-gnu-toolchain-13.3.rel1-x86_64-arm-none-eabi/bin/../lib/gcc/arm-none-eabi/13.3.1/../../../../arm-none-eabi/lib/thumb/v6-m/nofp/libc_nano.a(libc_a-fflush.o)
                0x0800db50                _fflush_r
 *fill*         0x0800dba6        0x2 
 .text.malloc   0x0800dba8       0x14 /home/emanuel/Desktop/arm-gnu-toolchain-13.3.rel1-x86_64-arm-none-eabi/bin/../lib/gcc/arm-none-eabi/13.3.1/../../../../arm-none-eabi/lib/thumb/v6-m/nofp/libc_nano.a(libc_a-malloc.o)
                0x0800dba8                malloc
 .text.sbrk_aligned
                0x0800dbbc       0x44 /home/emanuel/Desktop/arm-gnu-toolchain-13.3.rel1-x86_64-arm-none-eabi/bin/../lib/gcc/arm-none-eabi/13.3.1/../../../../arm-none-eabi/lib/thumb/v6-m/nofp/libc_nano.a(libc_a-mallocr.o)
 .text._malloc_r
                0x0800dc00      0x100 /home/emanuel/Desktop/arm-gnu-toolchain-13.3.rel1-x86_64-arm-none-eabi/bin/../lib/gcc/arm-none-eabi/13.3.1/../../../../arm-none-eabi/lib/thumb/v6-m/nofp/libc_nano.a(libc_a-mallocr.o)
                0x0800dc00                _malloc_r
 .text._close_r
                0x0800dd00       0x24 /home/emanuel/Desktop/arm-gnu-toolchain-13.3.rel1-x86_64-arm-none-eabi/bin/../lib/gcc/arm-none-eabi/13.3.1/../../../../arm-none-eabi/lib/thumb/v6-m/nofp/libc_nano.a(libc_a-closer.o)
                0x0800dd00                _close_r
 .text.__ascii_mbtowc
                0x0800dd24       0x24 /home/emanuel/Desktop/arm-gnu-toolchain-13.3.rel1-x86_64-arm-none-eabi/bin/../lib/gcc/arm-none-eabi/13.3.1/../../../../arm-none-eabi/lib/thumb/v6-m/nofp/libc_nano.a(libc_a-mbtowc_r.o)
                0x0800dd24                __ascii_mbtowc
 .text.__assert_func
                0x0800dd48       0x3c /home/emanuel/Desktop/arm-gnu-toolchain-13.3.rel1-x86_64-arm-none-eabi/bin/../lib/gcc/arm-none-eabi/13.3.1/../../../../arm-none-eabi/lib/thumb/v6-m/nofp/libc_nano.a(libc_a-assert.o)
                0x0800dd48                __assert_func
 .text.fprintf  0x0800dd84       0x20 /home/emanuel/Desktop/arm-gnu-toolchain-13.3.rel1-x86_64-arm-none-eabi/bin/../lib/gcc/arm-none-eabi/13.3.1/../../../../arm-none-eabi/lib/thumb/v6-m/nofp/libc_nano.a(libc_a-fprintf.o)
                0x0800dd84                fprintf
                0x0800dd84                fiprintf
 .text.strncmp  0x0800dda4       0x22 /home/emanuel/Desktop/arm-gnu-toolchain-13.3.rel1-x86_64-arm-none-eabi/bin/../lib/gcc/arm-none-eabi/13.3.1/../../../../arm-none-eabi/lib/thumb/v6-m/nofp/libc_nano.a(libc_a-strncmp.o)
                0x0800dda4                strncmp
 *fill*         0x0800ddc6        0x2 
 .text.__malloc_lock
                0x0800ddc8       0x10 /home/emanuel/Desktop/arm-gnu-toolchain-13.3.rel1-x86_64-arm-none-eabi/bin/../lib/gcc/arm-none-eabi/13.3.1/../../../../arm-none-eabi/lib/thumb/v6-m/nofp/libc_nano.a(libc_a-mlock.o)
                0x0800ddc8                __malloc_lock
 .text.__malloc_unlock
                0x0800ddd8       0x10 /home/emanuel/Desktop/arm-gnu-toolchain-13.3.rel1-x86_64-arm-none-eabi/bin/../lib/gcc/arm-none-eabi/13.3.1/../../../../arm-none-eabi/lib/thumb/v6-m/nofp/libc_nano.a(libc_a-mlock.o)
                0x0800ddd8                __malloc_unlock
 .text._Balloc  0x0800dde8       0x88 /home/emanuel/Desktop/arm-gnu-toolchain-13.3.rel1-x86_64-arm-none-eabi/bin/../lib/gcc/arm-none-eabi/13.3.1/../../../../arm-none-eabi/lib/thumb/v6-m/nofp/libc_nano.a(libc_a-mprec.o)
                0x0800dde8                _Balloc
 .text._Bfree   0x0800de70       0x48 /home/emanuel/Desktop/arm-gnu-toolchain-13.3.rel1-x86_64-arm-none-eabi/bin/../lib/gcc/arm-none-eabi/13.3.1/../../../../arm-none-eabi/lib/thumb/v6-m/nofp/libc_nano.a(libc_a-mprec.o)
                0x0800de70                _Bfree
 .text.__multadd
                0x0800deb8       0x88 /home/emanuel/Desktop/arm-gnu-toolchain-13.3.rel1-x86_64-arm-none-eabi/bin/../lib/gcc/arm-none-eabi/13.3.1/../../../../arm-none-eabi/lib/thumb/v6-m/nofp/libc_nano.a(libc_a-mprec.o)
                0x0800deb8                __multadd
 .text.__s2b    0x0800df40       0x98 /home/emanuel/Desktop/arm-gnu-toolchain-13.3.rel1-x86_64-arm-none-eabi/bin/../lib/gcc/arm-none-eabi/13.3.1/../../../../arm-none-eabi/lib/thumb/v6-m/nofp/libc_nano.a(libc_a-mprec.o)
                0x0800df40                __s2b
 .text.__hi0bits
                0x0800dfd8       0x42 /home/emanuel/Desktop/arm-gnu-toolchain-13.3.rel1-x86_64-arm-none-eabi/bin/../lib/gcc/arm-none-eabi/13.3.1/../../../../arm-none-eabi/lib/thumb/v6-m/nofp/libc_nano.a(libc_a-mprec.o)
                0x0800dfd8                __hi0bits
 .text.__lo0bits
                0x0800e01a       0x5c /home/emanuel/Desktop/arm-gnu-toolchain-13.3.rel1-x86_64-arm-none-eabi/bin/../lib/gcc/arm-none-eabi/13.3.1/../../../../arm-none-eabi/lib/thumb/v6-m/nofp/libc_nano.a(libc_a-mprec.o)
                0x0800e01a                __lo0bits
 *fill*         0x0800e076        0x2 
 .text.__i2b    0x0800e078       0x30 /home/emanuel/Desktop/arm-gnu-toolchain-13.3.rel1-x86_64-arm-none-eabi/bin/../lib/gcc/arm-none-eabi/13.3.1/../../../../arm-none-eabi/lib/thumb/v6-m/nofp/libc_nano.a(libc_a-mprec.o)
                0x0800e078                __i2b
 .text.__multiply
                0x0800e0a8      0x154 /home/emanuel/Desktop/arm-gnu-toolchain-13.3.rel1-x86_64-arm-none-eabi/bin/../lib/gcc/arm-none-eabi/13.3.1/../../../../arm-none-eabi/lib/thumb/v6-m/nofp/libc_nano.a(libc_a-mprec.o)
                0x0800e0a8                __multiply
 .text.__pow5mult
                0x0800e1fc       0xb8 /home/emanuel/Desktop/arm-gnu-toolchain-13.3.rel1-x86_64-arm-none-eabi/bin/../lib/gcc/arm-none-eabi/13.3.1/../../../../arm-none-eabi/lib/thumb/v6-m/nofp/libc_nano.a(libc_a-mprec.o)
                0x0800e1fc                __pow5mult
 .text.__lshift
                0x0800e2b4       0xd8 /home/emanuel/Desktop/arm-gnu-toolchain-13.3.rel1-x86_64-arm-none-eabi/bin/../lib/gcc/arm-none-eabi/13.3.1/../../../../arm-none-eabi/lib/thumb/v6-m/nofp/libc_nano.a(libc_a-mprec.o)
                0x0800e2b4                __lshift
 .text.__mcmp   0x0800e38c       0x36 /home/emanuel/Desktop/arm-gnu-toolchain-13.3.rel1-x86_64-arm-none-eabi/bin/../lib/gcc/arm-none-eabi/13.3.1/../../../../arm-none-eabi/lib/thumb/v6-m/nofp/libc_nano.a(libc_a-mprec.o)
                0x0800e38c                __mcmp
 *fill*         0x0800e3c2        0x2 
 .text.__mdiff  0x0800e3c4      0x134 /home/emanuel/Desktop/arm-gnu-toolchain-13.3.rel1-x86_64-arm-none-eabi/bin/../lib/gcc/arm-none-eabi/13.3.1/../../../../arm-none-eabi/lib/thumb/v6-m/nofp/libc_nano.a(libc_a-mprec.o)
                0x0800e3c4                __mdiff
 .text.__ulp    0x0800e4f8       0x40 /home/emanuel/Desktop/arm-gnu-toolchain-13.3.rel1-x86_64-arm-none-eabi/bin/../lib/gcc/arm-none-eabi/13.3.1/../../../../arm-none-eabi/lib/thumb/v6-m/nofp/libc_nano.a(libc_a-mprec.o)
                0x0800e4f8                __ulp
 .text.__b2d    0x0800e538       0x98 /home/emanuel/Desktop/arm-gnu-toolchain-13.3.rel1-x86_64-arm-none-eabi/bin/../lib/gcc/arm-none-eabi/13.3.1/../../../../arm-none-eabi/lib/thumb/v6-m/nofp/libc_nano.a(libc_a-mprec.o)
                0x0800e538                __b2d
 .text.__d2b    0x0800e5d0       0xc0 /home/emanuel/Desktop/arm-gnu-toolchain-13.3.rel1-x86_64-arm-none-eabi/bin/../lib/gcc/arm-none-eabi/13.3.1/../../../../arm-none-eabi/lib/thumb/v6-m/nofp/libc_nano.a(libc_a-mprec.o)
                0x0800e5d0                __d2b
 .text.__ratio  0x0800e690       0x54 /home/emanuel/Desktop/arm-gnu-toolchain-13.3.rel1-x86_64-arm-none-eabi/bin/../lib/gcc/arm-none-eabi/13.3.1/../../../../arm-none-eabi/lib/thumb/v6-m/nofp/libc_nano.a(libc_a-mprec.o)
                0x0800e690                __ratio
 .text.__copybits
                0x0800e6e4       0x42 /home/emanuel/Desktop/arm-gnu-toolchain-13.3.rel1-x86_64-arm-none-eabi/bin/../lib/gcc/arm-none-eabi/13.3.1/../../../../arm-none-eabi/lib/thumb/v6-m/nofp/libc_nano.a(libc_a-mprec.o)
                0x0800e6e4                __copybits
 .text.__any_on
                0x0800e726       0x46 /home/emanuel/Desktop/arm-gnu-toolchain-13.3.rel1-x86_64-arm-none-eabi/bin/../lib/gcc/arm-none-eabi/13.3.1/../../../../arm-none-eabi/lib/thumb/v6-m/nofp/libc_nano.a(libc_a-mprec.o)
                0x0800e726                __any_on
 .text._calloc_r
                0x0800e76c       0x5a /home/emanuel/Desktop/arm-gnu-toolchain-13.3.rel1-x86_64-arm-none-eabi/bin/../lib/gcc/arm-none-eabi/13.3.1/../../../../arm-none-eabi/lib/thumb/v6-m/nofp/libc_nano.a(libc_a-callocr.o)
                0x0800e76c                _calloc_r
 *fill*         0x0800e7c6        0x2 
 .text._sbrk_r  0x0800e7c8       0x24 /home/emanuel/Desktop/arm-gnu-toolchain-13.3.rel1-x86_64-arm-none-eabi/bin/../lib/gcc/arm-none-eabi/13.3.1/../../../../arm-none-eabi/lib/thumb/v6-m/nofp/libc_nano.a(libc_a-sbrkr.o)
                0x0800e7c8                _sbrk_r
 .text.nan      0x0800e7ec        0xc /home/emanuel/Desktop/arm-gnu-toolchain-13.3.rel1-x86_64-arm-none-eabi/bin/../lib/gcc/arm-none-eabi/13.3.1/../../../../arm-none-eabi/lib/thumb/v6-m/nofp/libc_nano.a(libm_a-s_nan.o)
                0x0800e7ec                nan
 .text._realloc_r
                0x0800e7f8       0x60 /home/emanuel/Desktop/arm-gnu-toolchain-13.3.rel1-x86_64-arm-none-eabi/bin/../lib/gcc/arm-none-eabi/13.3.1/../../../../arm-none-eabi/lib/thumb/v6-m/nofp/libc_nano.a(libc_a-reallocr.o)
                0x0800e7f8                _realloc_r
 .text.__sfputc_r
                0x0800e858       0x2a /home/emanuel/Desktop/arm-gnu-toolchain-13.3.rel1-x86_64-arm-none-eabi/bin/../lib/gcc/arm-none-eabi/13.3.1/../../../../arm-none-eabi/lib/thumb/v6-m/nofp/libc_nano.a(libc_a-nano-vfprintf.o)
 .text.__sfputs_r
                0x0800e882       0x24 /home/emanuel/Desktop/arm-gnu-toolchain-13.3.rel1-x86_64-arm-none-eabi/bin/../lib/gcc/arm-none-eabi/13.3.1/../../../../arm-none-eabi/lib/thumb/v6-m/nofp/libc_nano.a(libc_a-nano-vfprintf.o)
                0x0800e882                __sfputs_r
 *fill*         0x0800e8a6        0x2 
 .text._vfprintf_r
                0x0800e8a8      0x238 /home/emanuel/Desktop/arm-gnu-toolchain-13.3.rel1-x86_64-arm-none-eabi/bin/../lib/gcc/arm-none-eabi/13.3.1/../../../../arm-none-eabi/lib/thumb/v6-m/nofp/libc_nano.a(libc_a-nano-vfprintf.o)
                0x0800e8a8                _vfiprintf_r
                0x0800e8a8                _vfprintf_r
 .text.__swsetup_r
                0x0800eae0       0xbc /home/emanuel/Desktop/arm-gnu-toolchain-13.3.rel1-x86_64-arm-none-eabi/bin/../lib/gcc/arm-none-eabi/13.3.1/../../../../arm-none-eabi/lib/thumb/v6-m/nofp/libc_nano.a(libc_a-wsetup.o)
                0x0800eae0                __swsetup_r
 .text.abort    0x0800eb9c        0xe /home/emanuel/Desktop/arm-gnu-toolchain-13.3.rel1-x86_64-arm-none-eabi/bin/../lib/gcc/arm-none-eabi/13.3.1/../../../../arm-none-eabi/lib/thumb/v6-m/nofp/libc_nano.a(libc_a-abort.o)
                0x0800eb9c                abort
 .text._raise_r
                0x0800ebaa       0x52 /home/emanuel/Desktop/arm-gnu-toolchain-13.3.rel1-x86_64-arm-none-eabi/bin/../lib/gcc/arm-none-eabi/13.3.1/../../../../arm-none-eabi/lib/thumb/v6-m/nofp/libc_nano.a(libc_a-signal.o)
                0x0800ebaa                _raise_r
 .text.raise    0x0800ebfc       0x14 /home/emanuel/Desktop/arm-gnu-toolchain-13.3.rel1-x86_64-arm-none-eabi/bin/../lib/gcc/arm-none-eabi/13.3.1/../../../../arm-none-eabi/lib/thumb/v6-m/nofp/libc_nano.a(libc_a-signal.o)
                0x0800ebfc                raise
 .text._malloc_usable_size_r
                0x0800ec10       0x10 /home/emanuel/Desktop/arm-gnu-toolchain-13.3.rel1-x86_64-arm-none-eabi/bin/../lib/gcc/arm-none-eabi/13.3.1/../../../../arm-none-eabi/lib/thumb/v6-m/nofp/libc_nano.a(libc_a-msizer.o)
                0x0800ec10                _malloc_usable_size_r
 .text._kill_r  0x0800ec20       0x24 /home/emanuel/Desktop/arm-gnu-toolchain-13.3.rel1-x86_64-arm-none-eabi/bin/../lib/gcc/arm-none-eabi/13.3.1/../../../../arm-none-eabi/lib/thumb/v6-m/nofp/libc_nano.a(libc_a-signalr.o)
                0x0800ec20                _kill_r
 .text._getpid_r
                0x0800ec44        0x8 /home/emanuel/Desktop/arm-gnu-toolchain-13.3.rel1-x86_64-arm-none-eabi/bin/../lib/gcc/arm-none-eabi/13.3.1/../../../../arm-none-eabi/lib/thumb/v6-m/nofp/libc_nano.a(libc_a-signalr.o)
                0x0800ec44                _getpid_r
 .text.__swbuf_r
                0x0800ec4c       0x84 /home/emanuel/Desktop/arm-gnu-toolchain-13.3.rel1-x86_64-arm-none-eabi/bin/../lib/gcc/arm-none-eabi/13.3.1/../../../../arm-none-eabi/lib/thumb/v6-m/nofp/libc_nano.a(libc_a-wbuf.o)
                0x0800ec4c                __swbuf_r
 .text.__swhatbuf_r
                0x0800ecd0       0x54 /home/emanuel/Desktop/arm-gnu-toolchain-13.3.rel1-x86_64-arm-none-eabi/bin/../lib/gcc/arm-none-eabi/13.3.1/../../../../arm-none-eabi/lib/thumb/v6-m/nofp/libc_nano.a(libc_a-makebuf.o)
                0x0800ecd0                __swhatbuf_r
 .text.__smakebuf_r
                0x0800ed24       0x82 /home/emanuel/Desktop/arm-gnu-toolchain-13.3.rel1-x86_64-arm-none-eabi/bin/../lib/gcc/arm-none-eabi/13.3.1/../../../../arm-none-eabi/lib/thumb/v6-m/nofp/libc_nano.a(libc_a-makebuf.o)
                0x0800ed24                __smakebuf_r
 *fill*         0x0800eda6        0x2 
 .text._fstat_r
                0x0800eda8       0x24 /home/emanuel/Desktop/arm-gnu-toolchain-13.3.rel1-x86_64-arm-none-eabi/bin/../lib/gcc/arm-none-eabi/13.3.1/../../../../arm-none-eabi/lib/thumb/v6-m/nofp/libc_nano.a(libc_a-fstatr.o)
                0x0800eda8                _fstat_r
 .text._isatty_r
                0x0800edcc       0x24 /home/emanuel/Desktop/arm-gnu-toolchain-13.3.rel1-x86_64-arm-none-eabi/bin/../lib/gcc/arm-none-eabi/13.3.1/../../../../arm-none-eabi/lib/thumb/v6-m/nofp/libc_nano.a(libc_a-isattyr.o)
                0x0800edcc                _isatty_r
 .text.__fixunsdfsi
                0x0800edf0       0x3c /home/emanuel/Desktop/arm-gnu-toolchain-13.3.rel1-x86_64-arm-none-eabi/bin/../lib/gcc/arm-none-eabi/13.3.1/thumb/v6-m/nofp/libgcc.a(_fixunsdfsi.o)
                0x0800edf0                __fixunsdfsi
                0x0800edf0                __aeabi_d2uiz
 .text.__fixdfdi
                0x0800ee2c       0x38 /home/emanuel/Desktop/arm-gnu-toolchain-13.3.rel1-x86_64-arm-none-eabi/bin/../lib/gcc/arm-none-eabi/13.3.1/thumb/v6-m/nofp/libgcc.a(_fixdfdi.o)
                0x0800ee2c                __aeabi_d2lz
                0x0800ee2c                __fixdfdi
 .text.__fixunsdfdi
                0x0800ee64       0x3c /home/emanuel/Desktop/arm-gnu-toolchain-13.3.rel1-x86_64-arm-none-eabi/bin/../lib/gcc/arm-none-eabi/13.3.1/thumb/v6-m/nofp/libgcc.a(_fixunsdfdi.o)
                0x0800ee64                __aeabi_d2ulz
                0x0800ee64                __fixunsdfdi
 .text.__floatdidf
                0x0800eea0       0x2c /home/emanuel/Desktop/arm-gnu-toolchain-13.3.rel1-x86_64-arm-none-eabi/bin/../lib/gcc/arm-none-eabi/13.3.1/thumb/v6-m/nofp/libgcc.a(_floatdidf.o)
                0x0800eea0                __floatdidf
                0x0800eea0                __aeabi_l2d
 .text.__udivmoddi4
                0x0800eecc      0x198 /home/emanuel/Desktop/arm-gnu-toolchain-13.3.rel1-x86_64-arm-none-eabi/bin/../lib/gcc/arm-none-eabi/13.3.1/thumb/v6-m/nofp/libgcc.a(_udivmoddi4.o)
                0x0800eecc                __udivmoddi4
 .text.__aeabi_dadd
                0x0800f064      0x730 /home/emanuel/Desktop/arm-gnu-toolchain-13.3.rel1-x86_64-arm-none-eabi/bin/../lib/gcc/arm-none-eabi/13.3.1/thumb/v6-m/nofp/libgcc.a(adddf3.o)
                0x0800f064                __aeabi_dadd
 .text.__aeabi_ddiv
                0x0800f794      0x604 /home/emanuel/Desktop/arm-gnu-toolchain-13.3.rel1-x86_64-arm-none-eabi/bin/../lib/gcc/arm-none-eabi/13.3.1/thumb/v6-m/nofp/libgcc.a(divdf3.o)
                0x0800f794                __aeabi_ddiv
 .text.__eqdf2  0x0800fd98       0x88 /home/emanuel/Desktop/arm-gnu-toolchain-13.3.rel1-x86_64-arm-none-eabi/bin/../lib/gcc/arm-none-eabi/13.3.1/thumb/v6-m/nofp/libgcc.a(eqdf2.o)
                0x0800fd98                __eqdf2
                0x0800fd98                __nedf2
 .text.__gedf2  0x0800fe20       0xe0 /home/emanuel/Desktop/arm-gnu-toolchain-13.3.rel1-x86_64-arm-none-eabi/bin/../lib/gcc/arm-none-eabi/13.3.1/thumb/v6-m/nofp/libgcc.a(gedf2.o)
                0x0800fe20                __gtdf2
                0x0800fe20                __gedf2
 .text.__ledf2  0x0800ff00       0xdc /home/emanuel/Desktop/arm-gnu-toolchain-13.3.rel1-x86_64-arm-none-eabi/bin/../lib/gcc/arm-none-eabi/13.3.1/thumb/v6-m/nofp/libgcc.a(ledf2.o)
                0x0800ff00                __ltdf2
                0x0800ff00                __ledf2
 .text.__aeabi_dmul
                0x0800ffdc      0x598 /home/emanuel/Desktop/arm-gnu-toolchain-13.3.rel1-x86_64-arm-none-eabi/bin/../lib/gcc/arm-none-eabi/13.3.1/thumb/v6-m/nofp/libgcc.a(muldf3.o)
                0x0800ffdc                __aeabi_dmul
 .text.__aeabi_dsub
                0x08010574      0x710 /home/emanuel/Desktop/arm-gnu-toolchain-13.3.rel1-x86_64-arm-none-eabi/bin/../lib/gcc/arm-none-eabi/13.3.1/thumb/v6-m/nofp/libgcc.a(subdf3.o)
                0x08010574                __aeabi_dsub
 .text.__aeabi_dcmpun
                0x08010c84       0x44 /home/emanuel/Desktop/arm-gnu-toolchain-13.3.rel1-x86_64-arm-none-eabi/bin/../lib/gcc/arm-none-eabi/13.3.1/thumb/v6-m/nofp/libgcc.a(unorddf2.o)
                0x08010c84                __aeabi_dcmpun
 .text.__aeabi_d2iz
                0x08010cc8       0x78 /home/emanuel/Desktop/arm-gnu-toolchain-13.3.rel1-x86_64-arm-none-eabi/bin/../lib/gcc/arm-none-eabi/13.3.1/thumb/v6-m/nofp/libgcc.a(fixdfsi.o)
                0x08010cc8                __aeabi_d2iz
 .text.__aeabi_i2d
                0x08010d40       0x5c /home/emanuel/Desktop/arm-gnu-toolchain-13.3.rel1-x86_64-arm-none-eabi/bin/../lib/gcc/arm-none-eabi/13.3.1/thumb/v6-m/nofp/libgcc.a(floatsidf.o)
                0x08010d40                __aeabi_i2d
 .text.__aeabi_ui2d
                0x08010d9c       0x48 /home/emanuel/Desktop/arm-gnu-toolchain-13.3.rel1-x86_64-arm-none-eabi/bin/../lib/gcc/arm-none-eabi/13.3.1/thumb/v6-m/nofp/libgcc.a(floatunsidf.o)
                0x08010d9c                __aeabi_ui2d
 .text.__aeabi_d2f
                0x08010de4      0x10c /home/emanuel/Desktop/arm-gnu-toolchain-13.3.rel1-x86_64-arm-none-eabi/bin/../lib/gcc/arm-none-eabi/13.3.1/thumb/v6-m/nofp/libgcc.a(truncdfsf2.o)
                0x08010de4                __aeabi_d2f
 *(.glue_7)
 .glue_7        0x08010ef0        0x0 linker stubs
 *(.glue_7t)
 .glue_7t       0x08010ef0        0x0 linker stubs
 *(.eh_frame)
 .eh_frame      0x08010ef0        0x0 /home/emanuel/Desktop/arm-gnu-toolchain-13.3.rel1-x86_64-arm-none-eabi/bin/../lib/gcc/arm-none-eabi/13.3.1/thumb/v6-m/nofp/crtbegin.o
 *(.init)
 .init          0x08010ef0        0x4 /home/emanuel/Desktop/arm-gnu-toolchain-13.3.rel1-x86_64-arm-none-eabi/bin/../lib/gcc/arm-none-eabi/13.3.1/thumb/v6-m/nofp/crti.o
                0x08010ef0                _init
 .init          0x08010ef4        0x8 /home/emanuel/Desktop/arm-gnu-toolchain-13.3.rel1-x86_64-arm-none-eabi/bin/../lib/gcc/arm-none-eabi/13.3.1/thumb/v6-m/nofp/crtn.o
 *(.fini)
 .fini          0x08010efc        0x4 /home/emanuel/Desktop/arm-gnu-toolchain-13.3.rel1-x86_64-arm-none-eabi/bin/../lib/gcc/arm-none-eabi/13.3.1/thumb/v6-m/nofp/crti.o
                0x08010efc                _fini
 .fini          0x08010f00        0x8 /home/emanuel/Desktop/arm-gnu-toolchain-13.3.rel1-x86_64-arm-none-eabi/bin/../lib/gcc/arm-none-eabi/13.3.1/thumb/v6-m/nofp/crtn.o
                0x08010f08                        . = ALIGN (0x4)
                0x08010f08                        _etext = .

.vfp11_veneer   0x08010f08        0x0
 .vfp11_veneer  0x08010f08        0x0 linker stubs

.v4_bx          0x08010f08        0x0
 .v4_bx         0x08010f08        0x0 linker stubs

.iplt           0x08010f08        0x0
 .iplt          0x08010f08        0x0 /home/emanuel/Desktop/arm-gnu-toolchain-13.3.rel1-x86_64-arm-none-eabi/bin/../lib/gcc/arm-none-eabi/13.3.1/thumb/v6-m/nofp/crtbegin.o

.rodata         0x08010f08     0x159c
                0x08010f08                        . = ALIGN (0x4)
 *(.rodata)
 .rodata        0x08010f08       0x5f ./Core/Src/debug_handler.o
 *fill*         0x08010f67        0x1 
 .rodata        0x08010f68       0x7e ./Core/Src/main.o
 *fill*         0x08010fe6        0x2 
 .rodata        0x08010fe8       0x23 ./Core/Src/main_task.o
 *fill*         0x0801100b        0x1 
 .rodata        0x0801100c       0x49 ./Core/Src/touchscreen_task.o
 *fill*         0x08011055        0x3 
 .rodata        0x08011058       0x55 ./External/ili9341/ili9341.o
 *fill*         0x080110ad        0x3 
 .rodata        0x080110b0        0x5 ./Middlewares/Third_Party/FreeRTOS/Source/tasks.o
 *fill*         0x080110b5        0x3 
 .rodata        0x080110b8        0xd ./Middlewares/Third_Party/FreeRTOS/Source/timers.o
 *(.rodata*)
 *fill*         0x080110c5        0x3 
 .rodata._ZL23debugTxQueue_attributes
                0x080110c8       0x18 ./Core/Src/debug_handler.o
 .rodata._ZL27debugTxSemaphore_attributes
                0x080110e0       0x10 ./Core/Src/debug_handler.o
 .rodata._ZL27debugRxSemaphore_attributes
                0x080110f0       0x10 ./Core/Src/debug_handler.o
 .rodata.mainTask_attributes
                0x08011100       0x24 ./Core/Src/main.o
                0x08011100                mainTask_attributes
 .rodata.debugTxTask_attributes
                0x08011124       0x24 ./Core/Src/main.o
                0x08011124                debugTxTask_attributes
 .rodata.touchTask_attributes
                0x08011148       0x24 ./Core/Src/main.o
                0x08011148                touchTask_attributes
 .rodata.displayTask_attributes
                0x0801116c       0x24 ./Core/Src/main.o
                0x0801116c                displayTask_attributes
 .rodata.spiMutex_attributes
                0x08011190       0x10 ./Core/Src/main.o
                0x08011190                spiMutex_attributes
 .rodata.touchSemaphore_attributes
                0x080111a0       0x10 ./Core/Src/main.o
                0x080111a0                touchSemaphore_attributes
 .rodata.screenSpiDoneEvent_attributes
                0x080111b0       0x10 ./Core/Src/main.o
                0x080111b0                screenSpiDoneEvent_attributes
 .rodata.touchSpiDoneEvent_attributes
                0x080111c0       0x10 ./Core/Src/main.o
                0x080111c0                touchSpiDoneEvent_attributes
 .rodata.AHBPrescTable
                0x080111d0       0x10 ./Core/Src/system_stm32l0xx.o
                0x080111d0                AHBPrescTable
 .rodata.APBPrescTable
                0x080111e0        0x8 ./Core/Src/system_stm32l0xx.o
                0x080111e0                APBPrescTable
 .rodata.PLLMulTable
                0x080111e8        0x9 ./Core/Src/system_stm32l0xx.o
                0x080111e8                PLLMulTable
 *fill*         0x080111f1        0x3 
 .rodata._ZL23displayQueue_attributes
                0x080111f4       0x18 ./Core/Src/touchscreen_task.o
 .rodata._ZL21touchQueue_attributes
                0x0801120c       0x18 ./Core/Src/touchscreen_task.o
 .rodata.HAL_UART_RegisterCallback