../Core/Src/main.c:429:13:mainHandler	8	static
../Core/Src/main.c:213:6:SystemClock_Config	136	static
../Core/Src/main.c:113:5:main	64	static
../Core/Src/main.c:407:6:HAL_SPI_TxCpltCallback	8	static
../Core/Src/main.c:404:6:HAL_SPI_TxRxCpltCallback	8	static
../Core/Src/main.c:410:6:HAL_SPI_RxCpltCallback	8	static
../Core/Src/main.c:413:6:HAL_SPI_ErrorCallback	8	static
../Core/Src/main.c:416:6:HAL_SPI_AbortCpltCallback	8	static
../Core/Src/main.c:448:6:HAL_TIM_PeriodElapsedCallback	8	static
../Core/Src/main.c:466:6:Error_Handler	0	static
