../Core/Src/debug_handler.cpp:69:6:void registerDebugCallbacks()	8	static
../Core/Src/debug_handler.cpp:75:6:void setupDebugRtosObjects()	8	static
../Core/Src/debug_handler.cpp:84:6:void JumpToBootloader()	8	static
../Core/Src/debug_handler.cpp:134:6:void debugRxHandler(void*)	24	static
../Core/Src/debug_handler.cpp:164:6:void debugRxCallback(UART_HandleTypeDef*, uint16_t)	16	static
../Core/Src/debug_handler.cpp:174:6:void debugTxDone(UART_HandleTypeDef*)	16	static
../Core/Src/debug_handler.cpp:179:6:void debugTxHandler(void*)	296	static
../Core/Src/debug_handler.cpp:205:6:)	28	static
../Core/Src/debug_handler.cpp:214:6:)	28	static
../Core/Src/debug_handler.cpp:221:1:void __static_initialization_and_destruction_0()	12	static
../Core/Src/debug_handler.cpp:221:1:cpp)	8	static
