../Core/Src/main.c:141:5:main	8	static
../Core/Src/main.c:260:6:SystemClock_Config	136	static
../Core/Src/main.c:308:13:MX_SPI1_Init	8	static
../Core/Src/main.c:346:13:MX_USART2_UART_Init	8	static
../Core/Src/main.c:379:13:MX_DMA_Init	16	static
../Core/Src/main.c:400:13:MX_GPIO_Init	56	static
../Core/Src/main.c:455:6:HAL_SPI_TxRxCpltCallback	16	static
../Core/Src/main.c:458:6:HAL_SPI_TxCpltCallback	16	static
../Core/Src/main.c:461:6:HAL_SPI_RxCpltCallback	16	static
../Core/Src/main.c:464:6:HAL_SPI_ErrorCallback	16	static
../Core/Src/main.c:467:6:HAL_SPI_AbortCpltCallback	16	static
../Core/Src/main.c:480:13:mainHandler	16	static
../Core/Src/main.c:499:6:HAL_TIM_PeriodElapsedCallback	16	static
../Core/Src/main.c:518:6:Error_Handler	8	static
