../Core/Src/touchscreen_task.cpp:29:6:void touchscreen_on()	8	static
../Core/Src/touchscreen_task.cpp:34:6:void touchscreen_off()	8	static
../Core/Src/touchscreen_task.cpp:39:6:void touchscreen_init()	8	static
../Core/Src/touchscreen_task.cpp:47:6:void touchscreen_deinit()	8	static
../Core/Src/touchscreen_task.cpp:58:6:void setupTouchscreenObjects()	8	static
../Core/Src/touchscreen_task.cpp:69:6:void touchscreen_draw_overlay(uint8_t, uint8_t, uint8_t*, uint16_t)	48	static
../Core/Src/touchscreen_task.cpp:82:6:void display_write_box(uint16_t, uint16_t, uint16_t, const char*, FontDef, uint16_t, uint16_t, uint8_t*, uint16_t)	72	static
../Core/Src/touchscreen_task.cpp:88:6:void display_draw_pixel(uint16_t, uint16_t, uint16_t)	24	static
../Core/Src/touchscreen_task.cpp:93:6:void displayHandler(void*)	496	dynamic
