Archive member included to satisfy reference by file (symbol)

/home/emanuel/Desktop/arm-gnu-toolchain-13.3.rel1-x86_64-arm-none-eabi/bin/../lib/gcc/arm-none-eabi/13.3.1/../../../../arm-none-eabi/lib/thumb/v6-m/nofp/libc_nano.a(libc_a-exit.o)
                              /home/emanuel/Desktop/arm-gnu-toolchain-13.3.rel1-x86_64-arm-none-eabi/bin/../lib/gcc/arm-none-eabi/13.3.1/../../../../arm-none-eabi/lib/thumb/v6-m/nofp/crt0.o (exit)
/home/emanuel/Desktop/arm-gnu-toolchain-13.3.rel1-x86_64-arm-none-eabi/bin/../lib/gcc/arm-none-eabi/13.3.1/../../../../arm-none-eabi/lib/thumb/v6-m/nofp/libc_nano.a(libc_a-errno.o)
                              ./Core/Src/syscalls.o (__errno)
/home/emanuel/Desktop/arm-gnu-toolchain-13.3.rel1-x86_64-arm-none-eabi/bin/../lib/gcc/arm-none-eabi/13.3.1/../../../../arm-none-eabi/lib/thumb/v6-m/nofp/libc_nano.a(libc_a-init.o)
                              /home/emanuel/Desktop/arm-gnu-toolchain-13.3.rel1-x86_64-arm-none-eabi/bin/../lib/gcc/arm-none-eabi/13.3.1/../../../../arm-none-eabi/lib/thumb/v6-m/nofp/crt0.o (__libc_init_array)
/home/emanuel/Desktop/arm-gnu-toolchain-13.3.rel1-x86_64-arm-none-eabi/bin/../lib/gcc/arm-none-eabi/13.3.1/../../../../arm-none-eabi/lib/thumb/v6-m/nofp/libc_nano.a(libc_a-nano-vfprintf_float.o)
                              (_printf_float)
/home/emanuel/Desktop/arm-gnu-toolchain-13.3.rel1-x86_64-arm-none-eabi/bin/../lib/gcc/arm-none-eabi/13.3.1/../../../../arm-none-eabi/lib/thumb/v6-m/nofp/libc_nano.a(libc_a-memset.o)
                              /home/emanuel/Desktop/arm-gnu-toolchain-13.3.rel1-x86_64-arm-none-eabi/bin/../lib/gcc/arm-none-eabi/13.3.1/../../../../arm-none-eabi/lib/thumb/v6-m/nofp/crt0.o (memset)
/home/emanuel/Desktop/arm-gnu-toolchain-13.3.rel1-x86_64-arm-none-eabi/bin/../lib/gcc/arm-none-eabi/13.3.1/../../../../arm-none-eabi/lib/thumb/v6-m/nofp/libc_nano.a(libc_a-localeconv.o)
                              /home/emanuel/Desktop/arm-gnu-toolchain-13.3.rel1-x86_64-arm-none-eabi/bin/../lib/gcc/arm-none-eabi/13.3.1/../../../../arm-none-eabi/lib/thumb/v6-m/nofp/libc_nano.a(libc_a-nano-vfprintf_float.o) (_localeconv_r)
/home/emanuel/Desktop/arm-gnu-toolchain-13.3.rel1-x86_64-arm-none-eabi/bin/../lib/gcc/arm-none-eabi/13.3.1/../../../../arm-none-eabi/lib/thumb/v6-m/nofp/libc_nano.a(libc_a-strcmp.o)
                              ./Core/Src/debug_handler.o (strcmp)
/home/emanuel/Desktop/arm-gnu-toolchain-13.3.rel1-x86_64-arm-none-eabi/bin/../lib/gcc/arm-none-eabi/13.3.1/../../../../arm-none-eabi/lib/thumb/v6-m/nofp/libc_nano.a(libc_a-nano-vfprintf_i.o)
                              /home/emanuel/Desktop/arm-gnu-toolchain-13.3.rel1-x86_64-arm-none-eabi/bin/../lib/gcc/arm-none-eabi/13.3.1/../../../../arm-none-eabi/lib/thumb/v6-m/nofp/libc_nano.a(libc_a-nano-vfprintf_float.o) (_printf_common)
/home/emanuel/Desktop/arm-gnu-toolchain-13.3.rel1-x86_64-arm-none-eabi/bin/../lib/gcc/arm-none-eabi/13.3.1/../../../../arm-none-eabi/lib/thumb/v6-m/nofp/libc_nano.a(libc_a-nano-vfscanf_float.o)
                              (_scanf_float)
/home/emanuel/Desktop/arm-gnu-toolchain-13.3.rel1-x86_64-arm-none-eabi/bin/../lib/gcc/arm-none-eabi/13.3.1/../../../../arm-none-eabi/lib/thumb/v6-m/nofp/libc_nano.a(libc_a-reent.o)
                              ./Middlewares/Third_Party/FreeRTOS/Source/tasks.o (_reclaim_reent)
/home/emanuel/Desktop/arm-gnu-toolchain-13.3.rel1-x86_64-arm-none-eabi/bin/../lib/gcc/arm-none-eabi/13.3.1/../../../../arm-none-eabi/lib/thumb/v6-m/nofp/libc_nano.a(libc_a-impure.o)
                              ./Middlewares/Third_Party/FreeRTOS/Source/tasks.o (_impure_ptr)
/home/emanuel/Desktop/arm-gnu-toolchain-13.3.rel1-x86_64-arm-none-eabi/bin/../lib/gcc/arm-none-eabi/13.3.1/../../../../arm-none-eabi/lib/thumb/v6-m/nofp/libc_nano.a(libc_a-memchr-stub.o)
                              /home/emanuel/Desktop/arm-gnu-toolchain-13.3.rel1-x86_64-arm-none-eabi/bin/../lib/gcc/arm-none-eabi/13.3.1/../../../../arm-none-eabi/lib/thumb/v6-m/nofp/libc_nano.a(libc_a-nano-vfprintf_i.o) (memchr)
/home/emanuel/Desktop/arm-gnu-toolchain-13.3.rel1-x86_64-arm-none-eabi/bin/../lib/gcc/arm-none-eabi/13.3.1/../../../../arm-none-eabi/lib/thumb/v6-m/nofp/libc_nano.a(libc_a-memcpy-stub.o)
                              ./External/ili9341/ili9341.o (memcpy)
/home/emanuel/Desktop/arm-gnu-toolchain-13.3.rel1-x86_64-arm-none-eabi/bin/../lib/gcc/arm-none-eabi/13.3.1/../../../../arm-none-eabi/lib/thumb/v6-m/nofp/libc_nano.a(libc_a-strlen.o)
                              /home/emanuel/Desktop/arm-gnu-toolchain-13.3.rel1-x86_64-arm-none-eabi/bin/../lib/gcc/arm-none-eabi/13.3.1/../../../../arm-none-eabi/lib/thumb/v6-m/nofp/libc_nano.a(libc_a-nano-vfprintf_float.o) (strlen)
/home/emanuel/Desktop/arm-gnu-toolchain-13.3.rel1-x86_64-arm-none-eabi/bin/../lib/gcc/arm-none-eabi/13.3.1/../../../../arm-none-eabi/lib/thumb/v6-m/nofp/libc_nano.a(libc_a-findfp.o)
                              ./Middlewares/Third_Party/FreeRTOS/Source/tasks.o (__sf)
[...]
Memory Configuration

Name             Origin             Length             Attributes
RAM              0x20000000         0x00005000         xrw
FLASH            0x08000000         0x00030000         xr
*default*        0x00000000         0xffffffff

Linker script and memory map

LOAD /home/emanuel/Desktop/arm-gnu-toolchain-13.3.rel1-x86_64-arm-none-eabi/bin/../lib/gcc/arm-none-eabi/13.3.1/thumb/v6-m/nofp/crti.o
LOAD /home/emanuel/Desktop/arm-gnu-toolchain-13.3.rel1-x86_64-arm-none-eabi/bin/../lib/gcc/arm-none-eabi/13.3.1/thumb/v6-m/nofp/crtbegin.o
LOAD /home/emanuel/Desktop/arm-gnu-toolchain-13.3.rel1-x86_64-arm-none-eabi/bin/../lib/gcc/arm-none-eabi/13.3.1/../../../../arm-none-eabi/lib/thumb/v6-m/nofp/crt0.o
LOAD ./Core/Src/debug_handler.o
LOAD ./Core/Src/freertos.o
LOAD ./Core/Src/main.o
LOAD ./Core/Src/main_task.o
LOAD ./Core/Src/stm32l0xx_hal_msp.o
LOAD ./Core/Src/stm32l0xx_hal_timebase_tim.o
LOAD ./Core/Src/stm32l0xx_it.o
LOAD ./Core/Src/syscalls.o
LOAD ./Core/Src/sysmem.o
LOAD ./Core/Src/system_stm32l0xx.o
LOAD ./Core/Src/touchscreen_task.o
LOAD ./Core/Src/uart_utilities.o
LOAD ./Core/Startup/startup_stm32l073rztx.o
LOAD ./Drivers/STM32L0xx_HAL_Driver/Src/stm32l0xx_hal.o
LOAD ./Drivers/STM32L0xx_HAL_Driver/Src/stm32l0xx_hal_cortex.o
LOAD ./Drivers/STM32L0xx_HAL_Driver/Src/stm32l0xx_hal_dma.o
LOAD ./Drivers/STM32L0xx_HAL_Driver/Src/stm32l0xx_hal_exti.o
LOAD ./Drivers/STM32L0xx_HAL_Driver/Src/stm32l0xx_hal_flash.o
LOAD ./Drivers/STM32L0xx_HAL_Driver/Src/stm32l0xx_hal_flash_ex.o
LOAD ./Drivers/STM32L0xx_HAL_Driver/Src/stm32l0xx_hal_flash_ramfunc.o
LOAD ./Drivers/STM32L0xx_HAL_Driver/Src/stm32l0xx_hal_gpio.o
LOAD ./Drivers/STM32L0xx_HAL_Driver/Src/stm32l0xx_hal_i2c.o
LOAD ./Drivers/STM32L0xx_HAL_Driver/Src/stm32l0xx_hal_i2c_ex.o
LOAD ./Drivers/STM32L0xx_HAL_Driver/Src/stm32l0xx_hal_pwr.o
LOAD ./Drivers/STM32L0xx_HAL_Driver/Src/stm32l0xx_hal_pwr_ex.o
LOAD ./Drivers/STM32L0xx_HAL_Driver/Src/stm32l0xx_hal_rcc.o
LOAD ./Drivers/STM32L0xx_HAL_Driver/Src/stm32l0xx_hal_rcc_ex.o
LOAD ./Drivers/STM32L0xx_HAL_Driver/Src/stm32l0xx_hal_spi.o
LOAD ./Drivers/STM32L0xx_HAL_Driver/Src/stm32l0xx_hal_tim.o
LOAD ./Drivers/STM32L0xx_HAL_Driver/Src/stm32l0xx_hal_tim_ex.o
LOAD ./Drivers/STM32L0xx_HAL_Driver/Src/stm32l0xx_hal_uart.o
LOAD ./Drivers/STM32L0xx_HAL_Driver/Src/stm32l0xx_hal_uart_ex.o
LOAD ./External/ili9341/fonts.o
LOAD ./External/ili9341/ili9341.o
LOAD ./External/ili9341/ili9341_touch.o
LOAD ./Middlewares/Third_Party/FreeRTOS/Source/CMSIS_RTOS_V2/cmsis_os2.o
LOAD ./Middlewares/Third_Party/FreeRTOS/Source/croutine.o
LOAD ./Middlewares/Third_Party/FreeRTOS/Source/event_groups.o
LOAD ./Middlewares/Third_Party/FreeRTOS/Source/list.o
LOAD ./Middlewares/Third_Party/FreeRTOS/Source/queue.o
LOAD ./Middlewares/Third_Party/FreeRTOS/Source/stream_buffer.o
LOAD ./Middlewares/Third_Party/FreeRTOS/Source/tasks.o
LOAD ./Middlewares/Third_Party/FreeRTOS/Source/timers.o
LOAD ./Middlewares/Third_Party/FreeRTOS/Source/portable/GCC/ARM_CM0/port.o
LOAD ./Middlewares/Third_Party/FreeRTOS/Source/portable/MemMang/heap_4.o
START GROUP
LOAD /home/emanuel/Desktop/arm-gnu-toolchain-13.3.rel1-x86_64-arm-none-eabi/bin/../lib/gcc/arm-none-eabi/13.3.1/../../../../arm-none-eabi/lib/thumb/v6-m/nofp/libstdc++_nano.a
LOAD /home/emanuel/Desktop/arm-gnu-toolchain-13.3.rel1-x86_64-arm-none-eabi/bin/../lib/gcc/arm-none-eabi/13.3.1/../../../../arm-none-eabi/lib/thumb/v6-m/nofp/libsupc++_nano.a
END GROUP
LOAD /home/emanuel/Desktop/arm-gnu-toolchain-13.3.rel1-x86_64-arm-none-eabi/bin/../lib/gcc/arm-none-eabi/13.3.1/../../../../arm-none-eabi/lib/thumb/v6-m/nofp/libstdc++_nano.a
LOAD /home/emanuel/Desktop/arm-gnu-toolchain-13.3.rel1-x86_64-arm-none-eabi/bin/../lib/gcc/arm-none-eabi/13.3.1/../../../../arm-none-eabi/lib/thumb/v6-m/nofp/libm.a
LOAD /home/emanuel/Desktop/arm-gnu-toolchain-13.3.rel1-x86_64-arm-none-eabi/bin/../lib/gcc/arm-none-eabi/13.3.1/../../../../arm-none-eabi/lib/thumb/v6-m/nofp/libc_nano.a
START GROUP
LOAD /home/emanuel/Desktop/arm-gnu-toolchain-13.3.rel1-x86_64-arm-none-eabi/bin/../lib/gcc/arm-none-eabi/13.3.1/thumb/v6-m/nofp/libgcc.a
LOAD /home/emanuel/Desktop/arm-gnu-toolchain-13.3.rel1-x86_64-arm-none-eabi/bin/../lib/gcc/arm-none-eabi/13.3.1/../../../../arm-none-eabi/lib/thumb/v6-m/nofp/libc_nano.a
END GROUP
START GROUP
LOAD /home/emanuel/Desktop/arm-gnu-toolchain-13.3.rel1-x86_64-arm-none-eabi/bin/../lib/gcc/arm-none-eabi/13.3.1/thumb/v6-m/nofp/libgcc.a
LOAD /home/emanuel/Desktop/arm-gnu-toolchain-13.3.rel1-x86_64-arm-none-eabi/bin/../lib/gcc/arm-none-eabi/13.3.1/../../../../arm-none-eabi/lib/thumb/v6-m/nofp/libc_nano.a
LOAD /home/emanuel/Desktop/arm-gnu-toolchain-13.3.rel1-x86_64-arm-none-eabi/bin/../lib/gcc/arm-none-eabi/13.3.1/../../../../arm-none-eabi/lib/thumb/v6-m/nofp/libnosys.a
END GROUP
START GROUP
LOAD /home/emanuel/Desktop/arm-gnu-toolchain-13.3.rel1-x86_64-arm-none-eabi/bin/../lib/gcc/arm-none-eabi/13.3.1/thumb/v6-m/nofp/libgcc.a
LOAD /home/emanuel/Desktop/arm-gnu-toolchain-13.3.rel1-x86_64-arm-none-eabi/bin/../lib/gcc/arm-none-eabi/13.3.1/../../../../arm-none-eabi/lib/thumb/v6-m/nofp/libc_nano.a
LOAD /home/emanuel/Desktop/arm-gnu-toolchain-13.3.rel1-x86_64-arm-none-eabi/bin/../lib/gcc/arm-none-eabi/13.3.1/../../../../arm-none-eabi/lib/thumb/v6-m/nofp/libnosys.a
END GROUP
LOAD /home/emanuel/Desktop/arm-gnu-toolchain-13.3.rel1-x86_64-arm-none-eabi/bin/../lib/gcc/arm-none-eabi/13.3.1/thumb/v6-m/nofp/crtend.o
LOAD /home/emanuel/Desktop/arm-gnu-toolchain-13.3.rel1-x86_64-arm-none-eabi/bin/../lib/gcc/arm-none-eabi/13.3.1/thumb/v6-m/nofp/crtn.o
                0x20005000                        _estack = (ORIGIN (RAM) + LENGTH (RAM))
                0x00000200                        _Min_Heap_Size = 0x200
                0x00000400                        _Min_Stack_Size = 0x400

.isr_vector     0x08000000       0xc0
                0x08000000                        . = ALIGN (0x4)
 *(.isr_vector)
 .isr_vector    0x08000000       0xc0 ./Core/Startup/startup_stm32l073rztx.o
                0x08000000                g_pfnVectors
                0x080000c0                        . = ALIGN (0x4)

.text           0x080000c0     0xc4d0
                0x080000c0                        . = ALIGN (0x4)
 *(.text)
 .text          0x080000c0       0x14 /home/emanuel/Desktop/arm-gnu-toolchain-13.3.rel1-x86_64-arm-none-eabi/bin/../lib/gcc/arm-none-eabi/13.3.1/../../../../arm-none-eabi/lib/thumb/v6-m/nofp/libc_nano.a(libc_a-strcmp.o)
                0x080000c0                strcmp
 .text          0x080000d4        0xe /home/emanuel/Desktop/arm-gnu-toolchain-13.3.rel1-x86_64-arm-none-eabi/bin/../lib/gcc/arm-none-eabi/13.3.1/../../../../arm-none-eabi/lib/thumb/v6-m/nofp/libc_nano.a(libc_a-strlen.o)
                0x080000d4                strlen
 *fill*         0x080000e2        0x2 
 .text          0x080000e4       0x14 /home/emanuel/Desktop/arm-gnu-toolchain-13.3.rel1-x86_64-arm-none-eabi/bin/../lib/gcc/arm-none-eabi/13.3.1/thumb/v6-m/nofp/libgcc.a(_thumb1_case_sqi.o)
                0x080000e4                __gnu_thumb1_case_sqi
 .text          0x080000f8       0x14 /home/emanuel/Desktop/arm-gnu-toolchain-13.3.rel1-x86_64-arm-none-eabi/bin/../lib/gcc/arm-none-eabi/13.3.1/thumb/v6-m/nofp/libgcc.a(_thumb1_case_uqi.o)
                0x080000f8                __gnu_thumb1_case_uqi
 .text          0x0800010c       0x14 /home/emanuel/Desktop/arm-gnu-toolchain-13.3.rel1-x86_64-arm-none-eabi/bin/../lib/gcc/arm-none-eabi/13.3.1/thumb/v6-m/nofp/libgcc.a(_thumb1_case_shi.o)
                0x0800010c                __gnu_thumb1_case_shi
 .text          0x08000120      0x114 /home/emanuel/Desktop/arm-gnu-toolchain-13.3.rel1-x86_64-arm-none-eabi/bin/../lib/gcc/arm-none-eabi/13.3.1/thumb/v6-m/nofp/libgcc.a(_udivsi3.o)
                0x08000120                __udivsi3
                0x08000120                __aeabi_uidiv
                0x0800022c                __aeabi_uidivmod
 .text          0x08000234      0x1d4 /home/emanuel/Desktop/arm-gnu-toolchain-13.3.rel1-x86_64-arm-none-eabi/bin/../lib/gcc/arm-none-eabi/13.3.1/thumb/v6-m/nofp/libgcc.a(_divsi3.o)
                0x08000234                __aeabi_idiv
                0x08000234                __divsi3
                0x08000400                __aeabi_idivmod
 .text          0x08000408        0x4 /home/emanuel/Desktop/arm-gnu-toolchain-13.3.rel1-x86_64-arm-none-eabi/bin/../lib/gcc/arm-none-eabi/13.3.1/thumb/v6-m/nofp/libgcc.a(_dvmd_tls.o)
                0x08000408                __aeabi_ldiv0
                0x08000408                __aeabi_idiv0
 .text          0x0800040c       0x7c /home/emanuel/Desktop/arm-gnu-toolchain-13.3.rel1-x86_64-arm-none-eabi/bin/../lib/gcc/arm-none-eabi/13.3.1/thumb/v6-m/nofp/libgcc.a(_arm_cmpdf2.o)
                0x0800040c                __aeabi_cdrcmple
                0x0800041c                __aeabi_cdcmple
                0x0800041c                __aeabi_cdcmpeq
                0x0800042c                __aeabi_dcmpeq
                0x08000438                __aeabi_dcmplt
                0x0800044c                __aeabi_dcmple
                0x08000460                __aeabi_dcmpgt
                0x08000474                __aeabi_dcmpge
 .text          0x08000488       0x40 /home/emanuel/Desktop/arm-gnu-toolchain-13.3.rel1-x86_64-arm-none-eabi/bin/../lib/gcc/arm-none-eabi/13.3.1/thumb/v6-m/nofp/libgcc.a(_aeabi_uldivmod.o)
                0x08000488                __aeabi_uldivmod
 .text          0x080004c8       0x3c /home/emanuel/Desktop/arm-gnu-toolchain-13.3.rel1-x86_64-arm-none-eabi/bin/../lib/gcc/arm-none-eabi/13.3.1/thumb/v6-m/nofp/libgcc.a(_clzsi2.o)
                0x080004c8                __clzsi2
 .text          0x08000504       0x18 /home/emanuel/Desktop/arm-gnu-toolchain-13.3.rel1-x86_64-arm-none-eabi/bin/../lib/gcc/arm-none-eabi/13.3.1/thumb/v6-m/nofp/libgcc.a(_clzdi2.o)
                0x08000504                __clzdi2
 *(.text*)
 .text.deregister_tm_clones
                0x0800051c       0x20 /home/emanuel/Desktop/arm-gnu-toolchain-13.3.rel1-x86_64-arm-none-eabi/bin/../lib/gcc/arm-none-eabi/13.3.1/thumb/v6-m/nofp/crtbegin.o
 .text.register_tm_clones
                0x0800053c       0x28 /home/emanuel/Desktop/arm-gnu-toolchain-13.3.rel1-x86_64-arm-none-eabi/bin/../lib/gcc/arm-none-eabi/13.3.1/thumb/v6-m/nofp/crtbegin.o
 .text.__do_global_dtors_aux
                0x08000564       0x2c /home/emanuel/Desktop/arm-gnu-toolchain-13.3.rel1-x86_64-arm-none-eabi/bin/../lib/gcc/arm-none-eabi/13.3.1/thumb/v6-m/nofp/crtbegin.o
 .text.frame_dummy
                0x08000590       0x24 /home/emanuel/Desktop/arm-gnu-toolchain-13.3.rel1-x86_64-arm-none-eabi/bin/../lib/gcc/arm-none-eabi/13.3.1/thumb/v6-m/nofp/crtbegin.o
 .text._Z15debugRxCallbackP20__UART_HandleTypeDeft
                0x080005b4       0x2c ./Core/Src/debug_handler.o
                0x080005b4                debugRxCallback(__UART_HandleTypeDef*, unsigned short)
 .text._Z11debugTxDoneP20__UART_HandleTypeDef
                0x080005e0       0x1c ./Core/Src/debug_handler.o
                0x080005e0                debugTxDone(__UART_HandleTypeDef*)
 .text.registerDebugCallbacks
                0x080005fc       0x24 ./Core/Src/debug_handler.o
                0x080005fc                registerDebugCallbacks
 .text.setupDebugRtosObjects
                0x08000620       0x48 ./Core/Src/debug_handler.o
                0x08000620                setupDebugRtosObjects
 .text.debugRxHandler
                0x08000668       0x5c ./Core/Src/debug_handler.o
                0x08000668                debugRxHandler
 .text.debugTxHandler
                0x080006c4       0x7c ./Core/Src/debug_handler.o
                0x080006c4                debugTxHandler
 .text._ZN5Debug6printfEPKcz
                0x08000740       0x34 ./Core/Src/debug_handler.o
                0x08000740                Debug::printf(char const*, ...)
 .text.startup._GLOBAL__sub_I_debug_buffer
                0x08000774       0x2c ./Core/Src/debug_handler.o
 .text.SystemClock_Config
                0x080007a0       0x8c ./Core/Src/main.o
                0x080007a0                SystemClock_Config
 .text.startup.main
                0x0800082c      0x1f0 ./Core/Src/main.o
                0x0800082c                main
 .text.HAL_SPI_TxCpltCallback
                0x08000a1c       0x1c ./Core/Src/main.o
                0x08000a1c                HAL_SPI_TxCpltCallback
 .text.HAL_SPI_TxRxCpltCallback
                0x08000a38        0x8 ./Core/Src/main.o
                0x08000a38                HAL_SPI_TxRxCpltCallback
 .text.HAL_SPI_RxCpltCallback
                0x08000a40        0x8 ./Core/Src/main.o
                0x08000a40                HAL_SPI_RxCpltCallback
 .text.HAL_SPI_ErrorCallback
                0x08000a48        0x8 ./Core/Src/main.o
                0x08000a48                HAL_SPI_ErrorCallback
 .text.HAL_SPI_AbortCpltCallback
                0x08000a50        0x8 ./Core/Src/main.o
                0x08000a50                HAL_SPI_AbortCpltCallback
 .text.HAL_TIM_PeriodElapsedCallback
                0x08000a58       0x14 ./Core/Src/main.o
                0x08000a58                HAL_TIM_PeriodElapsedCallback
 .text.Error_Handler
                0x08000a6c        0x4 ./Core/Src/main.o
                0x08000a6c                Error_Handler
 .text.mainHandler
                0x08000a70       0x98 ./Core/Src/main_task.o
                0x08000a70                mainHandler
 .text.HAL_MspInit
                0x08000b08       0x28 ./Core/Src/stm32l0xx_hal_msp.o
                0x08000b08                HAL_MspInit
 .text.HAL_SPI_MspInit
                0x08000b30       0xc4 ./Core/Src/stm32l0xx_hal_msp.o
                0x08000b30                HAL_SPI_MspInit
 .text.HAL_UART_MspInit
                0x08000bf4       0xd8 ./Core/Src/stm32l0xx_hal_msp.o
                0x08000bf4                HAL_UART_MspInit
 .text.HAL_InitTick
                0x08000ccc       0x9c ./Core/Src/stm32l0xx_hal_timebase_tim.o
                0x08000ccc                HAL_InitTick
 .text.NMI_Handler
                0x08000d68        0x2 ./Core/Src/stm32l0xx_it.o
                0x08000d68                NMI_Handler
 .text.HardFault_Handler
                0x08000d6a        0x2 ./Core/Src/stm32l0xx_it.o
                0x08000d6a                HardFault_Handler
 .text.DMA1_Channel2_3_IRQHandler
                0x08000d6c       0x18 ./Core/Src/stm32l0xx_it.o
                0x08000d6c                DMA1_Channel2_3_IRQHandler
 .text.DMA1_Channel4_5_6_7_IRQHandler
                0x08000d84       0x18 ./Core/Src/stm32l0xx_it.o
                0x08000d84                DMA1_Channel4_5_6_7_IRQHandler
 .text.TIM6_DAC_IRQHandler
                0x08000d9c       0x10 ./Core/Src/stm32l0xx_it.o
                0x08000d9c                TIM6_DAC_IRQHandler
 .text.USART2_IRQHandler
                0x08000dac       0x10 ./Core/Src/stm32l0xx_it.o
                0x08000dac                USART2_IRQHandler
 .text._getpid  0x08000dbc        0x4 ./Core/Src/syscalls.o
                0x08000dbc                _getpid
 .text._kill    0x08000dc0       0x10 ./Core/Src/syscalls.o
                0x08000dc0                _kill
 .text._exit    0x08000dd0        0xc ./Core/Src/syscalls.o
                0x08000dd0                _exit
 .text._read    0x08000ddc       0x1a ./Core/Src/syscalls.o
                0x08000ddc                _read
 .text._write   0x08000df6       0x1a ./Core/Src/syscalls.o
                0x08000df6                _write
 .text._close   0x08000e10        0x6 ./Core/Src/syscalls.o
                0x08000e10                _close
 .text._fstat   0x08000e16        0xa ./Core/Src/syscalls.o
                0x08000e16                _fstat
 .text._isatty  0x08000e20        0x4 ./Core/Src/syscalls.o
                0x08000e20                _isatty
 .text._lseek   0x08000e24        0x4 ./Core/Src/syscalls.o
                0x08000e24                _lseek
 .text._sbrk    0x08000e28       0x40 ./Core/Src/sysmem.o
                0x08000e28                _sbrk
 .text.SystemInit
                0x08000e68        0x2 ./Core/Src/system_stm32l0xx.o
                0x08000e68                SystemInit
 .text._Z16touchscreen_initv
                0x08000e6a       0x16 ./Core/Src/touchscreen_task.o
                0x08000e6a                touchscreen_init()
 .text._Z18touchscreen_deinitv
                0x08000e80        0xc ./Core/Src/touchscreen_task.o
                0x08000e80                touchscreen_deinit()
 .text.setupTouchscreenObjects
                0x08000e8c       0x1c ./Core/Src/touchscreen_task.o
                0x08000e8c                setupTouchscreenObjects
 .text.displayHandler
                0x08000ea8       0x60 ./Core/Src/touchscreen_task.o
                0x08000ea8                displayHandler
 .text.uartRxCallback
                0x08000f08      0x1d8 ./Core/Src/uart_utilities.o
                0x08000f08                uartRxCallback
 .text.Reset_Handler
                0x080010e0       0x50 ./Core/Startup/startup_stm32l073rztx.o
                0x080010e0                Reset_Handler
 .text.Default_Handler
                0x08001130        0x2 ./Core/Startup/startup_stm32l073rztx.o
                0x08001130                TSC_IRQHandler
                0x08001130                ADC1_COMP_IRQHandler
                0x08001130                PVD_IRQHandler
                0x08001130                I2C1_IRQHandler
                0x08001130                RCC_CRS_IRQHandler
                0x08001130                SPI1_IRQHandler
                0x08001130                EXTI2_3_IRQHandler
                0x08001130                I2C2_IRQHandler
                0x08001130                RTC_IRQHandler
                0x08001130                LCD_IRQHandler
                0x08001130                TIM3_IRQHandler
                0x08001130                EXTI4_15_IRQHandler
                0x08001130                DMA1_Channel1_IRQHandler
                0x08001130                USART4_5_IRQHandler
                0x08001130                Default_Handler
                0x08001130                TIM22_IRQHandler
                0x08001130                TIM7_IRQHandler
                0x08001130                EXTI0_1_IRQHandler
                0x08001130                USB_IRQHandler
                0x08001130                I2C3_IRQHandler
                0x08001130                SPI2_IRQHandler
                0x08001130                TIM21_IRQHandler
                0x08001130                WWDG_IRQHandler
                0x08001130                TIM2_IRQHandler
                0x08001130                FLASH_IRQHandler
                0x08001130                USART1_IRQHandler
                0x08001130                RNG_LPUART1_IRQHandler
                0x08001130                LPTIM1_IRQHandler
 *fill*         0x08001132        0x2 
 .text.HAL_Init
                0x08001134       0x28 ./Drivers/STM32L0xx_HAL_Driver/Src/stm32l0xx_hal.o
                0x08001134                HAL_Init
 .text.HAL_IncTick
                0x0800115c       0x18 ./Drivers/STM32L0xx_HAL_Driver/Src/stm32l0xx_hal.o
                0x0800115c                HAL_IncTick
 .text.HAL_GetTick
                0x08001174        0xc ./Drivers/STM32L0xx_HAL_Driver/Src/stm32l0xx_hal.o
                0x08001174                HAL_GetTick
 .text.HAL_NVIC_SetPriority
                0x08001180       0x54 ./Drivers/STM32L0xx_HAL_Driver/Src/stm32l0xx_hal_cortex.o
                0x08001180                HAL_NVIC_SetPriority
 .text.HAL_NVIC_EnableIRQ
                0x080011d4       0x18 ./Drivers/STM32L0xx_HAL_Driver/Src/stm32l0xx_hal_cortex.o
                0x080011d4                HAL_NVIC_EnableIRQ
 .text.HAL_NVIC_SystemReset
                0x080011ec       0x1c ./Drivers/STM32L0xx_HAL_Driver/Src/stm32l0xx_hal_cortex.o
                0x080011ec                HAL_NVIC_SystemReset
 .text.HAL_DMA_Init
                0x08001208       0x88 ./Drivers/STM32L0xx_HAL_Driver/Src/stm32l0xx_hal_dma.o
                0x08001208                HAL_DMA_Init
 .text.HAL_DMA_Start_IT
                0x08001290       0x7c ./Drivers/STM32L0xx_HAL_Driver/Src/stm32l0xx_hal_dma.o
                0x08001290                HAL_DMA_Start_IT
 .text.HAL_DMA_Abort
                0x0800130c       0x40 ./Drivers/STM32L0xx_HAL_Driver/Src/stm32l0xx_hal_dma.o
                0x0800130c                HAL_DMA_Abort
 .text.HAL_DMA_Abort_IT
                0x0800134c       0x46 ./Drivers/STM32L0xx_HAL_Driver/Src/stm32l0xx_hal_dma.o
                0x0800134c                HAL_DMA_Abort_IT
 .text.HAL_DMA_IRQHandler
                0x08001392       0x96 ./Drivers/STM32L0xx_HAL_Driver/Src/stm32l0xx_hal_dma.o
                0x08001392                HAL_DMA_IRQHandler
 .text.HAL_GPIO_Init
                0x08001428      0x180 ./Drivers/STM32L0xx_HAL_Driver/Src/stm32l0xx_hal_gpio.o
                0x08001428                HAL_GPIO_Init
 .text.HAL_GPIO_WritePin
                0x080015a8        0xc ./Drivers/STM32L0xx_HAL_Driver/Src/stm32l0xx_hal_gpio.o
                0x080015a8                HAL_GPIO_WritePin
 .text.HAL_RCC_GetSysClockFreq
                0x080015b4       0x84 ./Drivers/STM32L0xx_HAL_Driver/Src/stm32l0xx_hal_rcc.o
                0x080015b4                HAL_RCC_GetSysClockFreq
 .text.HAL_RCC_OscConfig
                0x08001638      0x514 ./Drivers/STM32L0xx_HAL_Driver/Src/stm32l0xx_hal_rcc.o
                0x08001638                HAL_RCC_OscConfig
 .text.HAL_RCC_ClockConfig
                0x08001b4c      0x19c ./Drivers/STM32L0xx_HAL_Driver/Src/stm32l0xx_hal_rcc.o
                0x08001b4c                HAL_RCC_ClockConfig
 .text.HAL_RCC_GetPCLK1Freq
                0x08001ce8       0x20 ./Drivers/STM32L0xx_HAL_Driver/Src/stm32l0xx_hal_rcc.o
                0x08001ce8                HAL_RCC_GetPCLK1Freq
 .text.HAL_RCC_GetPCLK2Freq
                0x08001d08       0x20 ./Drivers/STM32L0xx_HAL_Driver/Src/stm32l0xx_hal_rcc.o
                0x08001d08                HAL_RCC_GetPCLK2Freq
 .text.HAL_RCC_GetClockConfig
                0x08001d28       0x40 ./Drivers/STM32L0xx_HAL_Driver/Src/stm32l0xx_hal_rcc.o
                0x08001d28                HAL_RCC_GetClockConfig
 .text.HAL_RCCEx_PeriphCLKConfig
                0x08001d68      0x208 ./Drivers/STM32L0xx_HAL_Driver/Src/stm32l0xx_hal_rcc_ex.o
                0x08001d68                HAL_RCCEx_PeriphCLKConfig
 .text.SPI_DMAHalfTransmitCplt
                0x08001f70        0xa ./Drivers/STM32L0xx_HAL_Driver/Src/stm32l0xx_hal_spi.o
 .text.SPI_DMAError
                0x08001f7a       0x24 ./Drivers/STM32L0xx_HAL_Driver/Src/stm32l0xx_hal_spi.o
 *fill*         0x08001f9e        0x2 
 .text.SPI_WaitFlagStateUntilTimeout
                0x08001fa0       0xc0 ./Drivers/STM32L0xx_HAL_Driver/Src/stm32l0xx_hal_spi.o
 .text.SPI_EndRxTxTransaction
                0x08002060       0x7c ./Drivers/STM32L0xx_HAL_Driver/Src/stm32l0xx_hal_spi.o
 .text.SPI_DMATransmitCplt
                0x080020dc       0x6a ./Drivers/STM32L0xx_HAL_Driver/Src/stm32l0xx_hal_spi.o
 .text.HAL_SPI_TxHalfCpltCallback
                0x08002146        0x2 ./Drivers/STM32L0xx_HAL_Driver/Src/stm32l0xx_hal_spi.o
                0x08002146                HAL_SPI_TxHalfCpltCallback
 .text.HAL_SPI_RxHalfCpltCallback
                0x08002148        0x2 ./Drivers/STM32L0xx_HAL_Driver/Src/stm32l0xx_hal_spi.o
                0x08002148                HAL_SPI_RxHalfCpltCallback
 .text.HAL_SPI_TxRxHalfCpltCallback
                0x0800214a        0x2 ./Drivers/STM32L0xx_HAL_Driver/Src/stm32l0xx_hal_spi.o
                0x0800214a                HAL_SPI_TxRxHalfCpltCallback
 .text.HAL_SPI_Init
                0x0800214c      0x110 ./Drivers/STM32L0xx_HAL_Driver/Src/stm32l0xx_hal_spi.o
                0x0800214c                HAL_SPI_Init
 .text.HAL_SPI_Transmit
                0x0800225c      0x184 ./Drivers/STM32L0xx_HAL_Driver/Src/stm32l0xx_hal_spi.o
                0x0800225c                HAL_SPI_Transmit
 .text.HAL_SPI_Transmit_DMA
                0x080023e0       0xc0 ./Drivers/STM32L0xx_HAL_Driver/Src/stm32l0xx_hal_spi.o
                0x080023e0                HAL_SPI_Transmit_DMA
 .text.TIM_Base_SetConfig
                0x080024a0       0x5c ./Drivers/STM32L0xx_HAL_Driver/Src/stm32l0xx_hal_tim.o
 .text.HAL_TIM_Base_MspInit
                0x080024fc        0x2 ./Drivers/STM32L0xx_HAL_Driver/Src/stm32l0xx_hal_tim.o
                0x080024fc                HAL_TIM_Base_MspInit
 .text.HAL_TIM_Base_Init
                0x080024fe       0x48 ./Drivers/STM32L0xx_HAL_Driver/Src/stm32l0xx_hal_tim.o
                0x080024fe                HAL_TIM_Base_Init
 *fill*         0x08002546        0x2 
 .text.HAL_TIM_Base_Start_IT
                0x08002548       0x60 ./Drivers/STM32L0xx_HAL_Driver/Src/stm32l0xx_hal_tim.o
                0x08002548                HAL_TIM_Base_Start_IT
 .text.HAL_TIM_OC_DelayElapsedCallback
                0x080025a8        0x2 ./Drivers/STM32L0xx_HAL_Driver/Src/stm32l0xx_hal_tim.o
                0x080025a8                HAL_TIM_OC_DelayElapsedCallback
 .text.HAL_TIM_IC_CaptureCallback
                0x080025aa        0x2 ./Drivers/STM32L0xx_HAL_Driver/Src/stm32l0xx_hal_tim.o
                0x080025aa                HAL_TIM_IC_CaptureCallback
 .text.HAL_TIM_PWM_PulseFinishedCallback
                0x080025ac        0x2 ./Drivers/STM32L0xx_HAL_Driver/Src/stm32l0xx_hal_tim.o
                0x080025ac                HAL_TIM_PWM_PulseFinishedCallback
 .text.HAL_TIM_TriggerCallback
                0x080025ae        0x2 ./Drivers/STM32L0xx_HAL_Driver/Src/stm32l0xx_hal_tim.o
                0x080025ae                HAL_TIM_TriggerCallback
 .text.HAL_TIM_IRQHandler
                0x080025b0      0x106 ./Drivers/STM32L0xx_HAL_Driver/Src/stm32l0xx_hal_tim.o
                0x080025b0                HAL_TIM_IRQHandler
 .text.HAL_UARTEx_RxEventCallback
                0x080026b6        0x2 ./Drivers/STM32L0xx_HAL_Driver/Src/stm32l0xx_hal_uart.o
                0x080026b6                HAL_UARTEx_RxEventCallback
 .text.UART_EndRxTransfer
                0x080026b8       0x5c ./Drivers/STM32L0xx_HAL_Driver/Src/stm32l0xx_hal_uart.o
 .text.UART_DMATransmitCplt
                0x08002714       0x54 ./Drivers/STM32L0xx_HAL_Driver/Src/stm32l0xx_hal_uart.o
 .text.UART_DMATxHalfCplt
                0x08002768        0xe ./Drivers/STM32L0xx_HAL_Driver/Src/stm32l0xx_hal_uart.o
 *fill*         0x08002776        0x2 
 .text.UART_DMAReceiveCplt
                0x08002778       0xc0 ./Drivers/STM32L0xx_HAL_Driver/Src/stm32l0xx_hal_uart.o
 .text.UART_DMARxHalfCplt
                0x08002838       0x42 ./Drivers/STM32L0xx_HAL_Driver/Src/stm32l0xx_hal_uart.o
 .text.UART_DMAError
                0x0800287a       0x6c ./Drivers/STM32L0xx_HAL_Driver/Src/stm32l0xx_hal_uart.o
 .text.UART_DMAAbortOnError
                0x080028e6       0x14 ./Drivers/STM32L0xx_HAL_Driver/Src/stm32l0xx_hal_uart.o
 .text.HAL_UART_AbortReceiveCpltCallback
                0x080028fa        0x2 ./Drivers/STM32L0xx_HAL_Driver/Src/stm32l0xx_hal_uart.o
                0x080028fa                HAL_UART_AbortReceiveCpltCallback
 .text.HAL_UART_TxCpltCallback
                0x080028fc        0x2 ./Drivers/STM32L0xx_HAL_Driver/Src/stm32l0xx_hal_uart.o
                0x080028fc                HAL_UART_TxCpltCallback
 .text.HAL_UART_TxHalfCpltCallback
                0x080028fe        0x2 ./Drivers/STM32L0xx_HAL_Driver/Src/stm32l0xx_hal_uart.o
                0x080028fe                HAL_UART_TxHalfCpltCallback
 .text.HAL_UART_RxCpltCallback
                0x08002900        0x2 ./Drivers/STM32L0xx_HAL_Driver/Src/stm32l0xx_hal_uart.o
                0x08002900                HAL_UART_RxCpltCallback
 .text.HAL_UART_RxHalfCpltCallback
                0x08002902        0x2 ./Drivers/STM32L0xx_HAL_Driver/Src/stm32l0xx_hal_uart.o
                0x08002902                HAL_UART_RxHalfCpltCallback
 .text.HAL_UART_ErrorCallback
                0x08002904        0x2 ./Drivers/STM32L0xx_HAL_Driver/Src/stm32l0xx_hal_uart.o
                0x08002904                HAL_UART_ErrorCallback
 .text.HAL_UART_AbortCpltCallback
                0x08002906        0x2 ./Drivers/STM32L0xx_HAL_Driver/Src/stm32l0xx_hal_uart.o
                0x08002906                HAL_UART_AbortCpltCallback
 .text.HAL_UART_AbortTransmitCpltCallback
                0x08002908        0x2 ./Drivers/STM32L0xx_HAL_Driver/Src/stm32l0xx_hal_uart.o
                0x08002908                HAL_UART_AbortTransmitCpltCallback
 .text.HAL_UART_RegisterCallback
                0x0800290a       0x72 ./Drivers/STM32L0xx_HAL_Driver/Src/stm32l0xx_hal_uart.o
                0x0800290a                HAL_UART_RegisterCallback
 .text.HAL_UART_RegisterRxEventCallback
                0x0800297c       0x22 ./Drivers/STM32L0xx_HAL_Driver/Src/stm32l0xx_hal_uart.o
                0x0800297c                HAL_UART_RegisterRxEventCallback
 *fill*         0x0800299e        0x2 
 .text.HAL_UART_Transmit_DMA
                0x080029a0       0x9c ./Drivers/STM32L0xx_HAL_Driver/Src/stm32l0xx_hal_uart.o
                0x080029a0                HAL_UART_Transmit_DMA
 .text.HAL_UART_IRQHandler
                0x08002a3c      0x2d8 ./Drivers/STM32L0xx_HAL_Driver/Src/stm32l0xx_hal_uart.o
                0x08002a3c                HAL_UART_IRQHandler
 .text.UART_InitCallbacksToDefault
                0x08002d14       0x58 ./Drivers/STM32L0xx_HAL_Driver/Src/stm32l0xx_hal_uart.o
                0x08002d14                UART_InitCallbacksToDefault
 .text.UART_SetConfig
                0x08002d6c      0x208 ./Drivers/STM32L0xx_HAL_Driver/Src/stm32l0xx_hal_uart.o
                0x08002d6c                UART_SetConfig
 .text.UART_AdvFeatureConfig
                0x08002f74       0xd0 ./Drivers/STM32L0xx_HAL_Driver/Src/stm32l0xx_hal_uart.o
                0x08002f74                UART_AdvFeatureConfig
 .text.UART_WaitOnFlagUntilTimeout
                0x08003044       0x90 ./Drivers/STM32L0xx_HAL_Driver/Src/stm32l0xx_hal_uart.o
                0x08003044                UART_WaitOnFlagUntilTimeout
 .text.HAL_UART_Transmit
                0x080030d4       0xcc ./Drivers/STM32L0xx_HAL_Driver/Src/stm32l0xx_hal_uart.o
                0x080030d4                HAL_UART_Transmit
 .text.UART_CheckIdleState
                0x080031a0       0xc0 ./Drivers/STM32L0xx_HAL_Driver/Src/stm32l0xx_hal_uart.o
                0x080031a0                UART_CheckIdleState
 .text.HAL_UART_Init
                0x08003260       0x7c ./Drivers/STM32L0xx_HAL_Driver/Src/stm32l0xx_hal_uart.o
                0x08003260                HAL_UART_Init
 .text.UART_Start_Receive_DMA
                0x080032dc       0xa8 ./Drivers/STM32L0xx_HAL_Driver/Src/stm32l0xx_hal_uart.o
                0x080032dc                UART_Start_Receive_DMA
 .text.HAL_UARTEx_WakeupCallback
                0x08003384        0x2 ./Drivers/STM32L0xx_HAL_Driver/Src/stm32l0xx_hal_uart_ex.o
                0x08003384                HAL_UARTEx_WakeupCallback
 .text.HAL_UARTEx_ReceiveToIdle_DMA
                0x08003386       0x62 ./Drivers/STM32L0xx_HAL_Driver/Src/stm32l0xx_hal_uart_ex.o
                0x08003386                HAL_UARTEx_ReceiveToIdle_DMA
 .text.ILI9341_Select
                0x080033e8       0x14 ./External/ili9341/ili9341.o
 .text.ILI9341_WriteCommand
                0x080033fc       0x2c ./External/ili9341/ili9341.o
 .text.ILI9341_WriteData
                0x08003428       0x58 ./External/ili9341/ili9341.o
 .text.ILI9341_SetAddressWindow
                0x08003480       0x46 ./External/ili9341/ili9341.o
 *fill*         0x080034c6        0x2 
 .text.ILI9341_Unselect
                0x080034c8       0x14 ./External/ili9341/ili9341.o
                0x080034c8                ILI9341_Unselect
 .text.ILI9341_Init
                0x080034dc      0x21c ./External/ili9341/ili9341.o
                0x080034dc                ILI9341_Init
 .text.ILI9341_DrawImage
                0x080036f8       0x4a ./External/ili9341/ili9341.o
                0x080036f8                ILI9341_DrawImage
 *fill*         0x08003742        0x2 
 .text.ILI9341_TouchUnselect
                0x08003744       0x14 ./External/ili9341/ili9341_touch.o
                0x08003744                ILI9341_TouchUnselect
 .text.osKernelInitialize
                0x08003758       0x34 ./Middlewares/Third_Party/FreeRTOS/Source/CMSIS_RTOS_V2/cmsis_os2.o
                0x08003758                osKernelInitialize
 .text.osKernelStart
                0x0800378c       0x3c ./Middlewares/Third_Party/FreeRTOS/Source/CMSIS_RTOS_V2/cmsis_os2.o
                0x0800378c                osKernelStart
 .text.osKernelGetTickCount
                0x080037c8       0x2c ./Middlewares/Third_Party/FreeRTOS/Source/CMSIS_RTOS_V2/cmsis_os2.o
                0x080037c8                osKernelGetTickCount
 .text.osThreadNew
                0x080037f4       0xb8 ./Middlewares/Third_Party/FreeRTOS/Source/CMSIS_RTOS_V2/cmsis_os2.o
                0x080037f4                osThreadNew
 .text.osThreadGetId
                0x080038ac        0x8 ./Middlewares/Third_Party/FreeRTOS/Source/CMSIS_RTOS_V2/cmsis_os2.o
                0x080038ac                osThreadGetId
 .text.osThreadGetStackSpace
                0x080038b4       0x2c ./Middlewares/Third_Party/FreeRTOS/Source/CMSIS_RTOS_V2/cmsis_os2.o
                0x080038b4                osThreadGetStackSpace
 .text.osDelay  0x080038e0       0x30 ./Middlewares/Third_Party/FreeRTOS/Source/CMSIS_RTOS_V2/cmsis_os2.o
                0x080038e0                osDelay
 .text.osDelayUntil
                0x08003910       0x40 ./Middlewares/Third_Party/FreeRTOS/Source/CMSIS_RTOS_V2/cmsis_os2.o
                0x08003910                osDelayUntil
 .text.osEventFlagsNew
                0x08003950       0x44 ./Middlewares/Third_Party/FreeRTOS/Source/CMSIS_RTOS_V2/cmsis_os2.o
                0x08003950                osEventFlagsNew
 .text.osEventFlagsSet
                0x08003994       0x68 ./Middlewares/Third_Party/FreeRTOS/Source/CMSIS_RTOS_V2/cmsis_os2.o
                0x08003994                osEventFlagsSet
 .text.osEventFlagsClear
                0x080039fc       0x5c ./Middlewares/Third_Party/FreeRTOS/Source/CMSIS_RTOS_V2/cmsis_os2.o
                0x080039fc                osEventFlagsClear
 .text.osEventFlagsWait
                0x08003a58       0x68 ./Middlewares/Third_Party/FreeRTOS/Source/CMSIS_RTOS_V2/cmsis_os2.o
                0x08003a58                osEventFlagsWait
 .text.osSemaphoreNew
                0x08003ac0       0xac ./Middlewares/Third_Party/FreeRTOS/Source/CMSIS_RTOS_V2/cmsis_os2.o
                0x08003ac0                osSemaphoreNew
 .text.osSemaphoreAcquire
                0x08003b6c       0x6c ./Middlewares/Third_Party/FreeRTOS/Source/CMSIS_RTOS_V2/cmsis_os2.o
                0x08003b6c                osSemaphoreAcquire
 .text.osSemaphoreRelease
                0x08003bd8       0x60 ./Middlewares/Third_Party/FreeRTOS/Source/CMSIS_RTOS_V2/cmsis_os2.o
                0x08003bd8                osSemaphoreRelease
 .text.osSemaphoreGetCount
                0x08003c38       0x34 ./Middlewares/Third_Party/FreeRTOS/Source/CMSIS_RTOS_V2/cmsis_os2.o
                0x08003c38                osSemaphoreGetCount
 .text.osMessageQueueNew
                0x08003c6c       0x88 ./Middlewares/Third_Party/FreeRTOS/Source/CMSIS_RTOS_V2/cmsis_os2.o
                0x08003c6c                osMessageQueueNew
 .text.osMessageQueuePut
                0x08003cf4       0x78 ./Middlewares/Third_Party/FreeRTOS/Source/CMSIS_RTOS_V2/cmsis_os2.o
                0x08003cf4                osMessageQueuePut
 .text.osMessageQueueGet
                0x08003d6c       0x74 ./Middlewares/Third_Party/FreeRTOS/Source/CMSIS_RTOS_V2/cmsis_os2.o
                0x08003d6c                osMessageQueueGet
 .text.osMessageQueueGetCount
                0x08003de0        0x8 ./Middlewares/Third_Party/FreeRTOS/Source/CMSIS_RTOS_V2/cmsis_os2.o
                0x08003de0                osMessageQueueGetCount
 .text.osMessageQueueReset
                0x08003de8       0x38 ./Middlewares/Third_Party/FreeRTOS/Source/CMSIS_RTOS_V2/cmsis_os2.o
                0x08003de8                osMessageQueueReset
 .text.vApplicationGetIdleTaskMemory
                0x08003e20       0x18 ./Middlewares/Third_Party/FreeRTOS/Source/CMSIS_RTOS_V2/cmsis_os2.o
                0x08003e20                vApplicationGetIdleTaskMemory
 .text.vApplicationGetTimerTaskMemory
                0x08003e38       0x18 ./Middlewares/Third_Party/FreeRTOS/Source/CMSIS_RTOS_V2/cmsis_os2.o
                0x08003e38                vApplicationGetTimerTaskMemory
 .text.xEventGroupCreateStatic
                0x08003e50       0x28 ./Middlewares/Third_Party/FreeRTOS/Source/event_groups.o
                0x08003e50                xEventGroupCreateStatic
 .text.xEventGroupCreate
                0x08003e78       0x1a ./Middlewares/Third_Party/FreeRTOS/Source/event_groups.o
                0x08003e78                xEventGroupCreate
 .text.xEventGroupWaitBits
                0x08003e92       0xd0 ./Middlewares/Third_Party/FreeRTOS/Source/event_groups.o
                0x08003e92                xEventGroupWaitBits
 .text.xEventGroupClearBits
                0x08003f62       0x2e ./Middlewares/Third_Party/FreeRTOS/Source/event_groups.o
                0x08003f62                xEventGroupClearBits
 .text.vEventGroupClearBitsCallback
                0x08003f90        0x8 ./Middlewares/Third_Party/FreeRTOS/Source/event_groups.o
                0x08003f90                vEventGroupClearBitsCallback
 .text.xEventGroupClearBitsFromISR
                0x08003f98       0x18 ./Middlewares/Third_Party/FreeRTOS/Source/event_groups.o
                0x08003f98                xEventGroupClearBitsFromISR
 .text.xEventGroupGetBitsFromISR
                0x08003fb0       0x12 ./Middlewares/Third_Party/FreeRTOS/Source/event_groups.o
                0x08003fb0                xEventGroupGetBitsFromISR
 .text.xEventGroupSetBits
                0x08003fc2       0x7c ./Middlewares/Third_Party/FreeRTOS/Source/event_groups.o
                0x08003fc2                xEventGroupSetBits
 .text.vEventGroupSetBitsCallback
                0x0800403e        0x8 ./Middlewares/Third_Party/FreeRTOS/Source/event_groups.o
                0x0800403e                vEventGroupSetBitsCallback
 *fill*         0x08004046        0x2 
 .text.xEventGroupSetBitsFromISR
                0x08004048       0x18 ./Middlewares/Third_Party/FreeRTOS/Source/event_groups.o
                0x08004048                xEventGroupSetBitsFromISR
 .text.vListInitialise
                0x08004060       0x16 ./Middlewares/Third_Party/FreeRTOS/Source/list.o
                0x08004060                vListInitialise
 .text.vListInitialiseItem
                0x08004076        0x6 ./Middlewares/Third_Party/FreeRTOS/Source/list.o
                0x08004076                vListInitialiseItem
 .text.vListInsertEnd
                0x0800407c       0x16 ./Middlewares/Third_Party/FreeRTOS/Source/list.o
                0x0800407c                vListInsertEnd
 .text.vListInsert
                0x08004092       0x2e ./Middlewares/Third_Party/FreeRTOS/Source/list.o
                0x08004092                vListInsert
 .text.uxListRemove
                0x080040c0       0x20 ./Middlewares/Third_Party/FreeRTOS/Source/list.o
                0x080040c0                uxListRemove
 .text.prvIsQueueEmpty
                0x080040e0       0x14 ./Middlewares/Third_Party/FreeRTOS/Source/queue.o
 .text.prvCopyDataToQueue
                0x080040f4       0x70 ./Middlewares/Third_Party/FreeRTOS/Source/queue.o
 .text.prvCopyDataFromQueue
                0x08004164       0x24 ./Middlewares/Third_Party/FreeRTOS/Source/queue.o
 .text.prvUnlockQueue
                0x08004188       0x6a ./Middlewares/Third_Party/FreeRTOS/Source/queue.o
 .text.xQueueGenericReset
                0x080041f2       0x68 ./Middlewares/Third_Party/FreeRTOS/Source/queue.o
                0x080041f2                xQueueGenericReset
 .text.xQueueGenericCreateStatic
                0x0800425a       0x62 ./Middlewares/Third_Party/FreeRTOS/Source/queue.o
                0x0800425a                xQueueGenericCreateStatic
 .text.xQueueGenericCreate
                0x080042bc       0x46 ./Middlewares/Third_Party/FreeRTOS/Source/queue.o
                0x080042bc                xQueueGenericCreate
 .text.xQueueCreateCountingSemaphoreStatic
                0x08004302       0x2a ./Middlewares/Third_Party/FreeRTOS/Source/queue.o
                0x08004302                xQueueCreateCountingSemaphoreStatic
 .text.xQueueCreateCountingSemaphore
                0x0800432c       0x24 ./Middlewares/Third_Party/FreeRTOS/Source/queue.o
                0x0800432c                xQueueCreateCountingSemaphore
 .text.xQueueGenericSend
                0x08004350      0x11e ./Middlewares/Third_Party/FreeRTOS/Source/queue.o
                0x08004350                xQueueGenericSend
 .text.xQueueGenericSendFromISR
                0x0800446e       0x90 ./Middlewares/Third_Party/FreeRTOS/Source/queue.o
                0x0800446e                xQueueGenericSendFromISR
 .text.xQueueGiveFromISR
                0x080044fe       0x76 ./Middlewares/Third_Party/FreeRTOS/Source/queue.o
                0x080044fe                xQueueGiveFromISR
 .text.xQueueReceive
                0x08004574      0x10a ./Middlewares/Third_Party/FreeRTOS/Source/queue.o
                0x08004574                xQueueReceive
 .text.xQueueSemaphoreTake
                0x0800467e      0x144 ./Middlewares/Third_Party/FreeRTOS/Source/queue.o
                0x0800467e                xQueueSemaphoreTake
 .text.xQueueReceiveFromISR
                0x080047c2       0x7c ./Middlewares/Third_Party/FreeRTOS/Source/queue.o
                0x080047c2                xQueueReceiveFromISR
 .text.uxQueueMessagesWaiting
                0x0800483e       0x18 ./Middlewares/Third_Party/FreeRTOS/Source/queue.o
                0x0800483e                uxQueueMessagesWaiting
 .text.uxQueueMessagesWaitingFromISR
                0x08004856        0xc ./Middlewares/Third_Party/FreeRTOS/Source/queue.o
                0x08004856                uxQueueMessagesWaitingFromISR
 *fill*         0x08004862        0x2 
 .text.vQueueAddToRegistry
                0x08004864       0x24 ./Middlewares/Third_Party/FreeRTOS/Source/queue.o
                0x08004864                vQueueAddToRegistry
 .text.vQueueUnregisterQueue
                0x08004888       0x28 ./Middlewares/Third_Party/FreeRTOS/Source/queue.o
                0x08004888                vQueueUnregisterQueue
 .text.vQueueDelete
                0x080048b0       0x20 ./Middlewares/Third_Party/FreeRTOS/Source/queue.o
                0x080048b0                vQueueDelete
 .text.vQueueWaitForMessageRestricted
                0x080048d0       0x4a ./Middlewares/Third_Party/FreeRTOS/Source/queue.o
                0x080048d0                vQueueWaitForMessageRestricted
 *fill*         0x0800491a        0x2 
 .text.prvAddNewTaskToReadyList
                0x0800491c       0xe8 ./Middlewares/Third_Party/FreeRTOS/Source/tasks.o
 .text.prvAddCurrentTaskToDelayedList
                0x08004a04       0x70 ./Middlewares/Third_Party/FreeRTOS/Source/tasks.o
 .text.prvResetNextTaskUnblockTime
                0x08004a74       0x28 ./Middlewares/Third_Party/FreeRTOS/Source/tasks.o
 .text.prvDeleteTCB
                0x08004a9c       0x2e ./Middlewares/Third_Party/FreeRTOS/Source/tasks.o
 *fill*         0x08004aca        0x2 
 .text.prvIdleTask
                0x08004acc       0x54 ./Middlewares/Third_Party/FreeRTOS/Source/tasks.o
 .text.prvInitialiseNewTask.constprop.0
                0x08004b20       0xb4 ./Middlewares/Third_Party/FreeRTOS/Source/tasks.o
 .text.xTaskCreateStatic
                0x08004bd4       0x4c ./Middlewares/Third_Party/FreeRTOS/Source/tasks.o
                0x08004bd4                xTaskCreateStatic
 .text.xTaskCreate
                0x08004c20       0x5a ./Middlewares/Third_Party/FreeRTOS/Source/tasks.o
                0x08004c20                xTaskCreate
 *fill*         0x08004c7a        0x2 
 .text.vTaskStartScheduler
                0x08004c7c       0x80 ./Middlewares/Third_Party/FreeRTOS/Source/tasks.o
                0x08004c7c                vTaskStartScheduler
 .text.vTaskSuspendAll
                0x08004cfc       0x10 ./Middlewares/Third_Party/FreeRTOS/Source/tasks.o
                0x08004cfc                vTaskSuspendAll
 .text.xTaskGetTickCount
                0x08004d0c        0xc ./Middlewares/Third_Party/FreeRTOS/Source/tasks.o
                0x08004d0c                xTaskGetTickCount
 .text.xTaskGetTickCountFromISR
                0x08004d18        0xc ./Middlewares/Third_Party/FreeRTOS/Source/tasks.o
                0x08004d18                xTaskGetTickCountFromISR
 .text.xTaskIncrementTick
                0x08004d24      0x10c ./Middlewares/Third_Party/FreeRTOS/Source/tasks.o
                0x08004d24                xTaskIncrementTick
 .text.xTaskResumeAll
                0x08004e30       0xd0 ./Middlewares/Third_Party/FreeRTOS/Source/tasks.o
                0x08004e30                xTaskResumeAll
 .text.vTaskDelayUntil
                0x08004f00       0x64 ./Middlewares/Third_Party/FreeRTOS/Source/tasks.o
                0x08004f00                vTaskDelayUntil
 .text.vTaskDelay
                0x08004f64       0x34 ./Middlewares/Third_Party/FreeRTOS/Source/tasks.o
                0x08004f64                vTaskDelay
 .text.vTaskSwitchContext
                0x08004f98       0x78 ./Middlewares/Third_Party/FreeRTOS/Source/tasks.o
                0x08004f98                vTaskSwitchContext
 .text.vTaskPlaceOnEventList
                0x08005010       0x24 ./Middlewares/Third_Party/FreeRTOS/Source/tasks.o
                0x08005010                vTaskPlaceOnEventList
 .text.vTaskPlaceOnUnorderedEventList
                0x08005034       0x40 ./Middlewares/Third_Party/FreeRTOS/Source/tasks.o
                0x08005034                vTaskPlaceOnUnorderedEventList
 .text.vTaskPlaceOnEventListRestricted
                0x08005074       0x30 ./Middlewares/Third_Party/FreeRTOS/Source/tasks.o
                0x08005074                vTaskPlaceOnEventListRestricted
 .text.xTaskRemoveFromEventList
                0x080050a4       0x74 ./Middlewares/Third_Party/FreeRTOS/Source/tasks.o
                0x080050a4                xTaskRemoveFromEventList
 .text.vTaskRemoveFromUnorderedEventList
                0x08005118       0x70 ./Middlewares/Third_Party/FreeRTOS/Source/tasks.o
                0x08005118                vTaskRemoveFromUnorderedEventList
 .text.vTaskInternalSetTimeOutState
                0x08005188       0x18 ./Middlewares/Third_Party/FreeRTOS/Source/tasks.o
                0x08005188                vTaskInternalSetTimeOutState
 .text.xTaskCheckForTimeOut
                0x080051a0       0x60 ./Middlewares/Third_Party/FreeRTOS/Source/tasks.o
                0x080051a0                xTaskCheckForTimeOut
 .text.vTaskMissedYield
                0x08005200        0xc ./Middlewares/Third_Party/FreeRTOS/Source/tasks.o
                0x08005200                vTaskMissedYield
 .text.uxTaskGetStackHighWaterMark
                0x0800520c       0x20 ./Middlewares/Third_Party/FreeRTOS/Source/tasks.o
                0x0800520c                uxTaskGetStackHighWaterMark
 .text.xTaskGetCurrentTaskHandle
                0x0800522c        0xc ./Middlewares/Third_Party/FreeRTOS/Source/tasks.o
                0x0800522c                xTaskGetCurrentTaskHandle
 .text.xTaskGetSchedulerState
                0x08005238       0x20 ./Middlewares/Third_Party/FreeRTOS/Source/tasks.o
                0x08005238                xTaskGetSchedulerState
 .text.xTaskPriorityInherit
                0x08005258       0x7c ./Middlewares/Third_Party/FreeRTOS/Source/tasks.o
                0x08005258                xTaskPriorityInherit
 .text.xTaskPriorityDisinherit
                0x080052d4       0x6c ./Middlewares/Third_Party/FreeRTOS/Source/tasks.o
                0x080052d4                xTaskPriorityDisinherit
 .text.vTaskPriorityDisinheritAfterTimeout
                0x08005340       0x78 ./Middlewares/Third_Party/FreeRTOS/Source/tasks.o
                0x08005340                vTaskPriorityDisinheritAfterTimeout
 .text.uxTaskResetEventItemValue
                0x080053b8       0x18 ./Middlewares/Third_Party/FreeRTOS/Source/tasks.o
                0x080053b8                uxTaskResetEventItemValue
 .text.pvTaskIncrementMutexHeldCount
                0x080053d0       0x18 ./Middlewares/Third_Party/FreeRTOS/Source/tasks.o
                0x080053d0                pvTaskIncrementMutexHeldCount
 .text.prvInsertTimerInActiveList
                0x080053e8       0x3c ./Middlewares/Third_Party/FreeRTOS/Source/timers.o
 .text.prvCheckForValidListAndQueue
                0x08005424       0x68 ./Middlewares/Third_Party/FreeRTOS/Source/timers.o
 .text.xTimerCreateTimerTask
                0x0800548c       0x5c ./Middlewares/Third_Party/FreeRTOS/Source/timers.o
                0x0800548c                xTimerCreateTimerTask
 .text.xTimerGenericCommand
                0x080054e8       0x4c ./Middlewares/Third_Party/FreeRTOS/Source/timers.o
                0x080054e8                xTimerGenericCommand
 .text.prvSampleTimeNow
                0x08005534       0x94 ./Middlewares/Third_Party/FreeRTOS/Source/timers.o
 .text.prvTimerTask
                0x080055c8      0x17c ./Middlewares/Third_Party/FreeRTOS/Source/timers.o
 .text.xTimerPendFunctionCallFromISR
                0x08005744       0x28 ./Middlewares/Third_Party/FreeRTOS/Source/timers.o
                0x08005744                xTimerPendFunctionCallFromISR
 .text.prvTaskExitError
                0x0800576c       0x24 ./Middlewares/Third_Party/FreeRTOS/Source/portable/GCC/ARM_CM0/port.o
 .text.vPortStartFirstTask
                0x08005790       0x34 ./Middlewares/Third_Party/FreeRTOS/Source/portable/GCC/ARM_CM0/port.o
 .text.pxPortInitialiseStack
                0x080057c4       0x20 ./Middlewares/Third_Party/FreeRTOS/Source/portable/GCC/ARM_CM0/port.o
                0x080057c4                pxPortInitialiseStack
 .text.SVC_Handler
                0x080057e4        0x2 ./Middlewares/Third_Party/FreeRTOS/Source/portable/GCC/ARM_CM0/port.o
                0x080057e4                SVC_Handler
 *fill*         0x080057e6        0x2 
 .text.xPortStartScheduler
                0x080057e8       0x64 ./Middlewares/Third_Party/FreeRTOS/Source/portable/GCC/ARM_CM0/port.o
                0x080057e8                xPortStartScheduler
 .text.vPortYield
                0x0800584c       0x18 ./Middlewares/Third_Party/FreeRTOS/Source/portable/GCC/ARM_CM0/port.o
                0x0800584c                vPortYield
 .text.vPortEnterCritical
                0x08005864       0x18 ./Middlewares/Third_Party/FreeRTOS/Source/portable/GCC/ARM_CM0/port.o
                0x08005864                vPortEnterCritical
 .text.vPortExitCritical
                0x0800587c       0x1c ./Middlewares/Third_Party/FreeRTOS/Source/portable/GCC/ARM_CM0/port.o
                0x0800587c                vPortExitCritical
 .text.ulSetInterruptMaskFromISR
                0x08005898        0x8 ./Middlewares/Third_Party/FreeRTOS/Source/portable/GCC/ARM_CM0/port.o
                0x08005898                ulSetInterruptMaskFromISR
 .text.vClearInterruptMaskFromISR
                0x080058a0        0x6 ./Middlewares/Third_Party/FreeRTOS/Source/portable/GCC/ARM_CM0/port.o
                0x080058a0                vClearInterruptMaskFromISR
 *fill*         0x080058a6        0xa 
 .text.PendSV_Handler
                0x080058b0       0x44 ./Middlewares/Third_Party/FreeRTOS/Source/portable/GCC/ARM_CM0/port.o
                0x080058b0                PendSV_Handler
 .text.SysTick_Handler
                0x080058f4       0x24 ./Middlewares/Third_Party/FreeRTOS/Source/portable/GCC/ARM_CM0/port.o
                0x080058f4                SysTick_Handler
 .text.prvInsertBlockIntoFreeList
                0x08005918       0x48 ./Middlewares/Third_Party/FreeRTOS/Source/portable/MemMang/heap_4.o
 .text.pvPortMalloc
                0x08005960      0x104 ./Middlewares/Third_Party/FreeRTOS/Source/portable/MemMang/heap_4.o
                0x08005960                pvPortMalloc
 .text.vPortFree
                0x08005a64       0x48 ./Middlewares/Third_Party/FreeRTOS/Source/portable/MemMang/heap_4.o
                0x08005a64                vPortFree
 .text.__errno  0x08005aac        0xc /home/emanuel/Desktop/arm-gnu-toolchain-13.3.rel1-x86_64-arm-none-eabi/bin/../lib/gcc/arm-none-eabi/13.3.1/../../../../arm-none-eabi/lib/thumb/v6-m/nofp/libc_nano.a(libc_a-errno.o)
                0x08005aac                __errno
 .text.__libc_init_array
                0x08005ab8       0x48 /home/emanuel/Desktop/arm-gnu-toolchain-13.3.rel1-x86_64-arm-none-eabi/bin/../lib/gcc/arm-none-eabi/13.3.1/../../../../arm-none-eabi/lib/thumb/v6-m/nofp/libc_nano.a(libc_a-init.o)
                0x08005ab8                __libc_init_array
 .text.__cvt    0x08005b00       0xcc /home/emanuel/Desktop/arm-gnu-toolchain-13.3.rel1-x86_64-arm-none-eabi/bin/../lib/gcc/arm-none-eabi/13.3.1/../../../../arm-none-eabi/lib/thumb/v6-m/nofp/libc_nano.a(libc_a-nano-vfprintf_float.o)
                0x08005b00                __cvt
 .text.__exponent
                0x08005bcc       0x7e /home/emanuel/Desktop/arm-gnu-toolchain-13.3.rel1-x86_64-arm-none-eabi/bin/../lib/gcc/arm-none-eabi/13.3.1/../../../../arm-none-eabi/lib/thumb/v6-m/nofp/libc_nano.a(libc_a-nano-vfprintf_float.o)
                0x08005bcc                __exponent
 *fill*         0x08005c4a        0x2 
 .text._printf_float
                0x08005c4c      0x47c /home/emanuel/Desktop/arm-gnu-toolchain-13.3.rel1-x86_64-arm-none-eabi/bin/../lib/gcc/arm-none-eabi/13.3.1/../../../../arm-none-eabi/lib/thumb/v6-m/nofp/libc_nano.a(libc_a-nano-vfprintf_float.o)
                0x08005c4c                _printf_float
 .text.memset   0x080060c8       0x10 /home/emanuel/Desktop/arm-gnu-toolchain-13.3.rel1-x86_64-arm-none-eabi/bin/../lib/gcc/arm-none-eabi/13.3.1/../../../../arm-none-eabi/lib/thumb/v6-m/nofp/libc_nano.a(libc_a-memset.o)
                0x080060c8                memset
 .text._localeconv_r
                0x080060d8        0x8 /home/emanuel/Desktop/arm-gnu-toolchain-13.3.rel1-x86_64-arm-none-eabi/bin/../lib/gcc/arm-none-eabi/13.3.1/../../../../arm-none-eabi/lib/thumb/v6-m/nofp/libc_nano.a(libc_a-localeconv.o)
                0x080060d8                _localeconv_r
 .text._printf_common
                0x080060e0       0xde /home/emanuel/Desktop/arm-gnu-toolchain-13.3.rel1-x86_64-arm-none-eabi/bin/../lib/gcc/arm-none-eabi/13.3.1/../../../../arm-none-eabi/lib/thumb/v6-m/nofp/libc_nano.a(libc_a-nano-vfprintf_i.o)
                0x080060e0                _printf_common
 *fill*         0x080061be        0x2 
 .text._printf_i
                0x080061c0      0x218 /home/emanuel/Desktop/arm-gnu-toolchain-13.3.rel1-x86_64-arm-none-eabi/bin/../lib/gcc/arm-none-eabi/13.3.1/../../../../arm-none-eabi/lib/thumb/v6-m/nofp/libc_nano.a(libc_a-nano-vfprintf_i.o)
                0x080061c0                _printf_i
 .text._scanf_float
                0x080063d8      0x41c /home/emanuel/Desktop/arm-gnu-toolchain-13.3.rel1-x86_64-arm-none-eabi/bin/../lib/gcc/arm-none-eabi/13.3.1/../../../../arm-none-eabi/lib/thumb/v6-m/nofp/libc_nano.a(libc_a-nano-vfscanf_float.o)
                0x080063d8                _scanf_float
 .text._reclaim_reent
                0x080067f4       0xd4 /home/emanuel/Desktop/arm-gnu-toolchain-13.3.rel1-x86_64-arm-none-eabi/bin/../lib/gcc/arm-none-eabi/13.3.1/../../../../arm-none-eabi/lib/thumb/v6-m/nofp/libc_nano.a(libc_a-reent.o)
                0x080067f4                _reclaim_reent
 .text.memchr   0x080068c8       0x16 /home/emanuel/Desktop/arm-gnu-toolchain-13.3.rel1-x86_64-arm-none-eabi/bin/../lib/gcc/arm-none-eabi/13.3.1/../../../../arm-none-eabi/lib/thumb/v6-m/nofp/libc_nano.a(libc_a-memchr-stub.o)
                0x080068c8                memchr
 .text.memcpy   0x080068de       0x12 /home/emanuel/Desktop/arm-gnu-toolchain-13.3.rel1-x86_64-arm-none-eabi/bin/../lib/gcc/arm-none-eabi/13.3.1/../../../../arm-none-eabi/lib/thumb/v6-m/nofp/libc_nano.a(libc_a-memcpy-stub.o)
                0x080068de                memcpy
 .text.std      0x080068f0       0x6c /home/emanuel/Desktop/arm-gnu-toolchain-13.3.rel1-x86_64-arm-none-eabi/bin/../lib/gcc/arm-none-eabi/13.3.1/../../../../arm-none-eabi/lib/thumb/v6-m/nofp/libc_nano.a(libc_a-findfp.o)
 .text.stdio_exit_handler
                0x0800695c       0x1c /home/emanuel/Desktop/arm-gnu-toolchain-13.3.rel1-x86_64-arm-none-eabi/bin/../lib/gcc/arm-none-eabi/13.3.1/../../../../arm-none-eabi/lib/thumb/v6-m/nofp/libc_nano.a(libc_a-findfp.o)
 .text.cleanup_stdio
                0x08006978       0x3c /home/emanuel/Desktop/arm-gnu-toolchain-13.3.rel1-x86_64-arm-none-eabi/bin/../lib/gcc/arm-none-eabi/13.3.1/../../../../arm-none-eabi/lib/thumb/v6-m/nofp/libc_nano.a(libc_a-findfp.o)
 .text.global_stdio_init.part.0
                0x080069b4       0x3c /home/emanuel/Desktop/arm-gnu-toolchain-13.3.rel1-x86_64-arm-none-eabi/bin/../lib/gcc/arm-none-eabi/13.3.1/../../../../arm-none-eabi/lib/thumb/v6-m/nofp/libc_nano.a(libc_a-findfp.o)
 .text.__sfp_lock_acquire
                0x080069f0       0x10 /home/emanuel/Desktop/arm-gnu-toolchain-13.3.rel1-x86_64-arm-none-eabi/bin/../lib/gcc/arm-none-eabi/13.3.1/../../../../arm-none-eabi/lib/thumb/v6-m/nofp/libc_nano.a(libc_a-findfp.o)
                0x080069f0                __sfp_lock_acquire
 .text.__sfp_lock_release
                0x08006a00       0x10 /home/emanuel/Desktop/arm-gnu-toolchain-13.3.rel1-x86_64-arm-none-eabi/bin/../lib/gcc/arm-none-eabi/13.3.1/../../../../arm-none-eabi/lib/thumb/v6-m/nofp/libc_nano.a(libc_a-findfp.o)
                0x08006a00                __sfp_lock_release
 .text.__sinit  0x08006a10       0x30 /home/emanuel/Desktop/arm-gnu-toolchain-13.3.rel1-x86_64-arm-none-eabi/bin/../lib/gcc/arm-none-eabi/13.3.1/../../../../arm-none-eabi/lib/thumb/v6-m/nofp/libc_nano.a(libc_a-findfp.o)
                0x08006a10                __sinit
 .text.sprintf  0x08006a40       0x44 /home/emanuel/Desktop/arm-gnu-toolchain-13.3.rel1-x86_64-arm-none-eabi/bin/../lib/gcc/arm-none-eabi/13.3.1/../../../../arm-none-eabi/lib/thumb/v6-m/nofp/libc_nano.a(libc_a-sprintf.o)
                0x08006a40                sprintf
                0x08006a40                siprintf
 .text.__sread  0x08006a84       0x28 /home/emanuel/Desktop/arm-gnu-toolchain-13.3.rel1-x86_64-arm-none-eabi/bin/../lib/gcc/arm-none-eabi/13.3.1/../../../../arm-none-eabi/lib/thumb/v6-m/nofp/libc_nano.a(libc_a-stdio.o)
                0x08006a84                __sread
 .text.__swrite
                0x08006aac       0x38 /home/emanuel/Desktop/arm-gnu-toolchain-13.3.rel1-x86_64-arm-none-eabi/bin/../lib/gcc/arm-none-eabi/13.3.1/../../../../arm-none-eabi/lib/thumb/v6-m/nofp/libc_nano.a(libc_a-stdio.o)
                0x08006aac                __swrite
 .text.__sseek  0x08006ae4       0x2c /home/emanuel/Desktop/arm-gnu-toolchain-13.3.rel1-x86_64-arm-none-eabi/bin/../lib/gcc/arm-none-eabi/13.3.1/../../../../arm-none-eabi/lib/thumb/v6-m/nofp/libc_nano.a(libc_a-stdio.o)
                0x08006ae4                __sseek
 .text.__sclose
                0x08006b10        0xc /home/emanuel/Desktop/arm-gnu-toolchain-13.3.rel1-x86_64-arm-none-eabi/bin/../lib/gcc/arm-none-eabi/13.3.1/../../../../arm-none-eabi/lib/thumb/v6-m/nofp/libc_nano.a(libc_a-stdio.o)
                0x08006b10                __sclose
 .text.quorem   0x08006b1c      0x10a /home/emanuel/Desktop/arm-gnu-toolchain-13.3.rel1-x86_64-arm-none-eabi/bin/../lib/gcc/arm-none-eabi/13.3.1/../../../../arm-none-eabi/lib/thumb/v6-m/nofp/libc_nano.a(libc_a-dtoa.o)
 *fill*         0x08006c26        0x2 
 .text._dtoa_r  0x08006c28      0xbd8 /home/emanuel/Desktop/arm-gnu-toolchain-13.3.rel1-x86_64-arm-none-eabi/bin/../lib/gcc/arm-none-eabi/13.3.1/../../../../arm-none-eabi/lib/thumb/v6-m/nofp/libc_nano.a(libc_a-dtoa.o)
                0x08006c28                _dtoa_r
 .text._lseek_r
                0x08007800       0x28 /home/emanuel/Desktop/arm-gnu-toolchain-13.3.rel1-x86_64-arm-none-eabi/bin/../lib/gcc/arm-none-eabi/13.3.1/../../../../arm-none-eabi/lib/thumb/v6-m/nofp/libc_nano.a(libc_a-lseekr.o)
                0x08007800                _lseek_r
 .text._read_r  0x08007828       0x28 /home/emanuel/Desktop/arm-gnu-toolchain-13.3.rel1-x86_64-arm-none-eabi/bin/../lib/gcc/arm-none-eabi/13.3.1/../../../../arm-none-eabi/lib/thumb/v6-m/nofp/libc_nano.a(libc_a-readr.o)
                0x08007828                _read_r
 .text._fwalk_sglue
                0x08007850       0x38 /home/emanuel/Desktop/arm-gnu-toolchain-13.3.rel1-x86_64-arm-none-eabi/bin/../lib/gcc/arm-none-eabi/13.3.1/../../../../arm-none-eabi/lib/thumb/v6-m/nofp/libc_nano.a(libc_a-fwalk.o)
                0x08007850                _fwalk_sglue
 .text._vsnprintf_r
                0x08007888       0x5a /home/emanuel/Desktop/arm-gnu-toolchain-13.3.rel1-x86_64-arm-none-eabi/bin/../lib/gcc/arm-none-eabi/13.3.1/../../../../arm-none-eabi/lib/thumb/v6-m/nofp/libc_nano.a(libc_a-vsnprintf.o)
                0x08007888                _vsnprintf_r
                0x08007888                _vsniprintf_r
 *fill*         0x080078e2        0x2 
 .text.vsnprintf
                0x080078e4       0x18 /home/emanuel/Desktop/arm-gnu-toolchain-13.3.rel1-x86_64-arm-none-eabi/bin/../lib/gcc/arm-none-eabi/13.3.1/../../../../arm-none-eabi/lib/thumb/v6-m/nofp/libc_nano.a(libc_a-vsnprintf.o)
                0x080078e4                vsnprintf
                0x080078e4                vsniprintf
 .text.nanf     0x080078fc        0x8 /home/emanuel/Desktop/arm-gnu-toolchain-13.3.rel1-x86_64-arm-none-eabi/bin/../lib/gcc/arm-none-eabi/13.3.1/../../../../arm-none-eabi/lib/thumb/v6-m/nofp/libc_nano.a(libm_a-sf_nan.o)
                0x080078fc                nanf
 .text.sulp     0x08007904       0x30 /home/emanuel/Desktop/arm-gnu-toolchain-13.3.rel1-x86_64-arm-none-eabi/bin/../lib/gcc/arm-none-eabi/13.3.1/../../../../arm-none-eabi/lib/thumb/v6-m/nofp/libc_nano.a(libc_a-strtod.o)
 .text._strtod_l
                0x08007934      0xbfc /home/emanuel/Desktop/arm-gnu-toolchain-13.3.rel1-x86_64-arm-none-eabi/bin/../lib/gcc/arm-none-eabi/13.3.1/../../../../arm-none-eabi/lib/thumb/v6-m/nofp/libc_nano.a(libc_a-strtod.o)
                0x08007934                _strtod_l
 .text._strtod_r
                0x08008530       0x10 /home/emanuel/Desktop/arm-gnu-toolchain-13.3.rel1-x86_64-arm-none-eabi/bin/../lib/gcc/arm-none-eabi/13.3.1/../../../../arm-none-eabi/lib/thumb/v6-m/nofp/libc_nano.a(libc_a-strtod.o)
                0x08008530                _strtod_r
 .text._free_r  0x08008540       0x94 /home/emanuel/Desktop/arm-gnu-toolchain-13.3.rel1-x86_64-arm-none-eabi/bin/../lib/gcc/arm-none-eabi/13.3.1/../../../../arm-none-eabi/lib/thumb/v6-m/nofp/libc_nano.a(libc_a-freer.o)
                0x08008540                _free_r
 .text._strtol_l.isra.0
                0x080085d4      0x114 /home/emanuel/Desktop/arm-gnu-toolchain-13.3.rel1-x86_64-arm-none-eabi/bin/../lib/gcc/arm-none-eabi/13.3.1/../../../../arm-none-eabi/lib/thumb/v6-m/nofp/libc_nano.a(libc_a-strtol.o)
 .text._strtol_r
                0x080086e8        0x8 /home/emanuel/Desktop/arm-gnu-toolchain-13.3.rel1-x86_64-arm-none-eabi/bin/../lib/gcc/arm-none-eabi/13.3.1/../../../../arm-none-eabi/lib/thumb/v6-m/nofp/libc_nano.a(libc_a-strtol.o)
                0x080086e8                _strtol_r
 .text.rshift   0x080086f0       0xa6 /home/emanuel/Desktop/arm-gnu-toolchain-13.3.rel1-x86_64-arm-none-eabi/bin/../lib/gcc/arm-none-eabi/13.3.1/../../../../arm-none-eabi/lib/thumb/v6-m/nofp/libc_nano.a(libc_a-gdtoa-gethex.o)
 .text.__hexdig_fun
                0x08008796       0x2a /home/emanuel/Desktop/arm-gnu-toolchain-13.3.rel1-x86_64-arm-none-eabi/bin/../lib/gcc/arm-none-eabi/13.3.1/../../../../arm-none-eabi/lib/thumb/v6-m/nofp/libc_nano.a(libc_a-gdtoa-gethex.o)
                0x08008796                __hexdig_fun
 .text.__gethex
                0x080087c0      0x448 /home/emanuel/Desktop/arm-gnu-toolchain-13.3.rel1-x86_64-arm-none-eabi/bin/../lib/gcc/arm-none-eabi/13.3.1/../../../../arm-none-eabi/lib/thumb/v6-m/nofp/libc_nano.a(libc_a-gdtoa-gethex.o)
                0x080087c0                __gethex
 .text.L_shift  0x08008c08       0x24 /home/emanuel/Desktop/arm-gnu-toolchain-13.3.rel1-x86_64-arm-none-eabi/bin/../lib/gcc/arm-none-eabi/13.3.1/../../../../arm-none-eabi/lib/thumb/v6-m/nofp/libc_nano.a(libc_a-gdtoa-hexnan.o)
 .text.__match  0x08008c2c       0x28 /home/emanuel/Desktop/arm-gnu-toolchain-13.3.rel1-x86_64-arm-none-eabi/bin/../lib/gcc/arm-none-eabi/13.3.1/../../../../arm-none-eabi/lib/thumb/v6-m/nofp/libc_nano.a(libc_a-gdtoa-hexnan.o)
                0x08008c2c                __match
 .text.__hexnan
                0x08008c54      0x150 /home/emanuel/Desktop/arm-gnu-toolchain-13.3.rel1-x86_64-arm-none-eabi/bin/../lib/gcc/arm-none-eabi/13.3.1/../../../../arm-none-eabi/lib/thumb/v6-m/nofp/libc_nano.a(libc_a-gdtoa-hexnan.o)
                0x08008c54                __hexnan
 .text._write_r
                0x08008da4       0x28 /home/emanuel/Desktop/arm-gnu-toolchain-13.3.rel1-x86_64-arm-none-eabi/bin/../lib/gcc/arm-none-eabi/13.3.1/../../../../arm-none-eabi/lib/thumb/v6-m/nofp/libc_nano.a(libc_a-writer.o)
                0x08008da4                _write_r
 .text.__ssputs_r
                0x08008dcc       0xc0 /home/emanuel/Desktop/arm-gnu-toolchain-13.3.rel1-x86_64-arm-none-eabi/bin/../lib/gcc/arm-none-eabi/13.3.1/../../../../arm-none-eabi/lib/thumb/v6-m/nofp/libc_nano.a(libc_a-nano-svfprintf.o)
                0x08008dcc                __ssputs_r
 .text._svfprintf_r
                0x08008e8c      0x1fc /home/emanuel/Desktop/arm-gnu-toolchain-13.3.rel1-x86_64-arm-none-eabi/bin/../lib/gcc/arm-none-eabi/13.3.1/../../../../arm-none-eabi/lib/thumb/v6-m/nofp/libc_nano.a(libc_a-nano-svfprintf.o)
                0x08008e8c                _svfprintf_r
                0x08008e8c                _svfiprintf_r
 .text.memmove  0x08009088       0x24 /home/emanuel/Desktop/arm-gnu-toolchain-13.3.rel1-x86_64-arm-none-eabi/bin/../lib/gcc/arm-none-eabi/13.3.1/../../../../arm-none-eabi/lib/thumb/v6-m/nofp/libc_nano.a(libc_a-memmove.o)
                0x08009088                memmove
 .text.__ascii_wctomb
                0x080090ac       0x1a /home/emanuel/Desktop/arm-gnu-toolchain-13.3.rel1-x86_64-arm-none-eabi/bin/../lib/gcc/arm-none-eabi/13.3.1/../../../../arm-none-eabi/lib/thumb/v6-m/nofp/libc_nano.a(libc_a-wctomb_r.o)
                0x080090ac                __ascii_wctomb
 .text.__retarget_lock_init_recursive
                0x080090c6        0x2 /home/emanuel/Desktop/arm-gnu-toolchain-13.3.rel1-x86_64-arm-none-eabi/bin/../lib/gcc/arm-none-eabi/13.3.1/../../../../arm-none-eabi/lib/thumb/v6-m/nofp/libc_nano.a(libc_a-lock.o)
                0x080090c6                __retarget_lock_init_recursive
 .text.__retarget_lock_acquire_recursive
                0x080090c8        0x2 /home/emanuel/Desktop/arm-gnu-toolchain-13.3.rel1-x86_64-arm-none-eabi/bin/../lib/gcc/arm-none-eabi/13.3.1/../../../../arm-none-eabi/lib/thumb/v6-m/nofp/libc_nano.a(libc_a-lock.o)
                0x080090c8                __retarget_lock_acquire_recursive
 .text.__retarget_lock_release_recursive
                0x080090ca        0x2 /home/emanuel/Desktop/arm-gnu-toolchain-13.3.rel1-x86_64-arm-none-eabi/bin/../lib/gcc/arm-none-eabi/13.3.1/../../../../arm-none-eabi/lib/thumb/v6-m/nofp/libc_nano.a(libc_a-lock.o)
                0x080090ca                __retarget_lock_release_recursive
 .text.__sflush_r
                0x080090cc      0x10c /home/emanuel/Desktop/arm-gnu-toolchain-13.3.rel1-x86_64-arm-none-eabi/bin/../lib/gcc/arm-none-eabi/13.3.1/../../../../arm-none-eabi/lib/thumb/v6-m/nofp/libc_nano.a(libc_a-fflush.o)
                0x080090cc                __sflush_r
 .text._fflush_r
                0x080091d8       0x56 /home/emanuel/Desktop/arm-gnu-toolchain-13.3.rel1-x86_64-arm-none-eabi/bin/../lib/gcc/arm-none-eabi/13.3.1/../../../../arm-none-eabi/lib/thumb/v6-m/nofp/libc_nano.a(libc_a-fflush.o)
                0x080091d8                _fflush_r
 *fill*         0x0800922e        0x2 
 .text.malloc   0x08009230       0x14 /home/emanuel/Desktop/arm-gnu-toolchain-13.3.rel1-x86_64-arm-none-eabi/bin/../lib/gcc/arm-none-eabi/13.3.1/../../../../arm-none-eabi/lib/thumb/v6-m/nofp/libc_nano.a(libc_a-malloc.o)
                0x08009230                malloc
 .text.sbrk_aligned
                0x08009244       0x44 /home/emanuel/Desktop/arm-gnu-toolchain-13.3.rel1-x86_64-arm-none-eabi/bin/../lib/gcc/arm-none-eabi/13.3.1/../../../../arm-none-eabi/lib/thumb/v6-m/nofp/libc_nano.a(libc_a-mallocr.o)
 .text._malloc_r
                0x08009288      0x100 /home/emanuel/Desktop/arm-gnu-toolchain-13.3.rel1-x86_64-arm-none-eabi/bin/../lib/gcc/arm-none-eabi/13.3.1/../../../../arm-none-eabi/lib/thumb/v6-m/nofp/libc_nano.a(libc_a-mallocr.o)
                0x08009288                _malloc_r
 .text._close_r
                0x08009388       0x24 /home/emanuel/Desktop/arm-gnu-toolchain-13.3.rel1-x86_64-arm-none-eabi/bin/../lib/gcc/arm-none-eabi/13.3.1/../../../../arm-none-eabi/lib/thumb/v6-m/nofp/libc_nano.a(libc_a-closer.o)
                0x08009388                _close_r
 .text.__ascii_mbtowc
                0x080093ac       0x24 /home/emanuel/Desktop/arm-gnu-toolchain-13.3.rel1-x86_64-arm-none-eabi/bin/../lib/gcc/arm-none-eabi/13.3.1/../../../../arm-none-eabi/lib/thumb/v6-m/nofp/libc_nano.a(libc_a-mbtowc_r.o)
                0x080093ac                __ascii_mbtowc
 .text.__assert_func
                0x080093d0       0x3c /home/emanuel/Desktop/arm-gnu-toolchain-13.3.rel1-x86_64-arm-none-eabi/bin/../lib/gcc/arm-none-eabi/13.3.1/../../../../arm-none-eabi/lib/thumb/v6-m/nofp/libc_nano.a(libc_a-assert.o)
                0x080093d0                __assert_func
 .text.fprintf  0x0800940c       0x20 /home/emanuel/Desktop/arm-gnu-toolchain-13.3.rel1-x86_64-arm-none-eabi/bin/../lib/gcc/arm-none-eabi/13.3.1/../../../../arm-none-eabi/lib/thumb/v6-m/nofp/libc_nano.a(libc_a-fprintf.o)
                0x0800940c                fprintf
                0x0800940c                fiprintf
 .text.strncmp  0x0800942c       0x22 /home/emanuel/Desktop/arm-gnu-toolchain-13.3.rel1-x86_64-arm-none-eabi/bin/../lib/gcc/arm-none-eabi/13.3.1/../../../../arm-none-eabi/lib/thumb/v6-m/nofp/libc_nano.a(libc_a-strncmp.o)
                0x0800942c                strncmp
 *fill*         0x0800944e        0x2 
 .text.__malloc_lock
                0x08009450       0x10 /home/emanuel/Desktop/arm-gnu-toolchain-13.3.rel1-x86_64-arm-none-eabi/bin/../lib/gcc/arm-none-eabi/13.3.1/../../../../arm-none-eabi/lib/thumb/v6-m/nofp/libc_nano.a(libc_a-mlock.o)
                0x08009450                __malloc_lock
 .text.__malloc_unlock
                0x08009460       0x10 /home/emanuel/Desktop/arm-gnu-toolchain-13.3.rel1-x86_64-arm-none-eabi/bin/../lib/gcc/arm-none-eabi/13.3.1/../../../../arm-none-eabi/lib/thumb/v6-m/nofp/libc_nano.a(libc_a-mlock.o)
                0x08009460                __malloc_unlock
 .text._Balloc  0x08009470       0x88 /home/emanuel/Desktop/arm-gnu-toolchain-13.3.rel1-x86_64-arm-none-eabi/bin/../lib/gcc/arm-none-eabi/13.3.1/../../../../arm-none-eabi/lib/thumb/v6-m/nofp/libc_nano.a(libc_a-mprec.o)
                0x08009470                _Balloc
 .text._Bfree   0x080094f8       0x48 /home/emanuel/Desktop/arm-gnu-toolchain-13.3.rel1-x86_64-arm-none-eabi/bin/../lib/gcc/arm-none-eabi/13.3.1/../../../../arm-none-eabi/lib/thumb/v6-m/nofp/libc_nano.a(libc_a-mprec.o)
                0x080094f8                _Bfree
 .text.__multadd
                0x08009540       0x88 /home/emanuel/Desktop/arm-gnu-toolchain-13.3.rel1-x86_64-arm-none-eabi/bin/../lib/gcc/arm-none-eabi/13.3.1/../../../../arm-none-eabi/lib/thumb/v6-m/nofp/libc_nano.a(libc_a-mprec.o)
                0x08009540                __multadd
 .text.__s2b    0x080095c8       0x98 /home/emanuel/Desktop/arm-gnu-toolchain-13.3.rel1-x86_64-arm-none-eabi/bin/../lib/gcc/arm-none-eabi/13.3.1/../../../../arm-none-eabi/lib/thumb/v6-m/nofp/libc_nano.a(libc_a-mprec.o)
                0x080095c8                __s2b
 .text.__hi0bits
                0x08009660       0x42 /home/emanuel/Desktop/arm-gnu-toolchain-13.3.rel1-x86_64-arm-none-eabi/bin/../lib/gcc/arm-none-eabi/13.3.1/../../../../arm-none-eabi/lib/thumb/v6-m/nofp/libc_nano.a(libc_a-mprec.o)
                0x08009660                __hi0bits
 .text.__lo0bits
                0x080096a2       0x5c /home/emanuel/Desktop/arm-gnu-toolchain-13.3.rel1-x86_64-arm-none-eabi/bin/../lib/gcc/arm-none-eabi/13.3.1/../../../../arm-none-eabi/lib/thumb/v6-m/nofp/libc_nano.a(libc_a-mprec.o)
                0x080096a2                __lo0bits
 *fill*         0x080096fe        0x2 
 .text.__i2b    0x08009700       0x30 /home/emanuel/Desktop/arm-gnu-toolchain-13.3.rel1-x86_64-arm-none-eabi/bin/../lib/gcc/arm-none-eabi/13.3.1/../../../../arm-none-eabi/lib/thumb/v6-m/nofp/libc_nano.a(libc_a-mprec.o)
                0x08009700                __i2b
 .text.__multiply
                0x08009730      0x154 /home/emanuel/Desktop/arm-gnu-toolchain-13.3.rel1-x86_64-arm-none-eabi/bin/../lib/gcc/arm-none-eabi/13.3.1/../../../../arm-none-eabi/lib/thumb/v6-m/nofp/libc_nano.a(libc_a-mprec.o)
                0x08009730                __multiply
 .text.__pow5mult
                0x08009884       0xb8 /home/emanuel/Desktop/arm-gnu-toolchain-13.3.rel1-x86_64-arm-none-eabi/bin/../lib/gcc/arm-none-eabi/13.3.1/../../../../arm-none-eabi/lib/thumb/v6-m/nofp/libc_nano.a(libc_a-mprec.o)
                0x08009884                __pow5mult
 .text.__lshift
                0x0800993c       0xd8 /home/emanuel/Desktop/arm-gnu-toolchain-13.3.rel1-x86_64-arm-none-eabi/bin/../lib/gcc/arm-none-eabi/13.3.1/../../../../arm-none-eabi/lib/thumb/v6-m/nofp/libc_nano.a(libc_a-mprec.o)
                0x0800993c                __lshift
 .text.__mcmp   0x08009a14       0x36 /home/emanuel/Desktop/arm-gnu-toolchain-13.3.rel1-x86_64-arm-none-eabi/bin/../lib/gcc/arm-none-eabi/13.3.1/../../../../arm-none-eabi/lib/thumb/v6-m/nofp/libc_nano.a(libc_a-mprec.o)
                0x08009a14                __mcmp
 *fill*         0x08009a4a        0x2 
 .text.__mdiff  0x08009a4c      0x134 /home/emanuel/Desktop/arm-gnu-toolchain-13.3.rel1-x86_64-arm-none-eabi/bin/../lib/gcc/arm-none-eabi/13.3.1/../../../../arm-none-eabi/lib/thumb/v6-m/nofp/libc_nano.a(libc_a-mprec.o)
                0x08009a4c                __mdiff
 .text.__ulp    0x08009b80       0x40 /home/emanuel/Desktop/arm-gnu-toolchain-13.3.rel1-x86_64-arm-none-eabi/bin/../lib/gcc/arm-none-eabi/13.3.1/../../../../arm-none-eabi/lib/thumb/v6-m/nofp/libc_nano.a(libc_a-mprec.o)
                0x08009b80                __ulp
 .text.__b2d    0x08009bc0       0x98 /home/emanuel/Desktop/arm-gnu-toolchain-13.3.rel1-x86_64-arm-none-eabi/bin/../lib/gcc/arm-none-eabi/13.3.1/../../../../arm-none-eabi/lib/thumb/v6-m/nofp/libc_nano.a(libc_a-mprec.o)
                0x08009bc0                __b2d
 .text.__d2b    0x08009c58       0xc0 /home/emanuel/Desktop/arm-gnu-toolchain-13.3.rel1-x86_64-arm-none-eabi/bin/../lib/gcc/arm-none-eabi/13.3.1/../../../../arm-none-eabi/lib/thumb/v6-m/nofp/libc_nano.a(libc_a-mprec.o)
                0x08009c58                __d2b
 .text.__ratio  0x08009d18       0x54 /home/emanuel/Desktop/arm-gnu-toolchain-13.3.rel1-x86_64-arm-none-eabi/bin/../lib/gcc/arm-none-eabi/13.3.1/../../../../arm-none-eabi/lib/thumb/v6-m/nofp/libc_nano.a(libc_a-mprec.o)
                0x08009d18                __ratio
 .text.__copybits
                0x08009d6c       0x42 /home/emanuel/Desktop/arm-gnu-toolchain-13.3.rel1-x86_64-arm-none-eabi/bin/../lib/gcc/arm-none-eabi/13.3.1/../../../../arm-none-eabi/lib/thumb/v6-m/nofp/libc_nano.a(libc_a-mprec.o)
                0x08009d6c                __copybits
 .text.__any_on
                0x08009dae       0x46 /home/emanuel/Desktop/arm-gnu-toolchain-13.3.rel1-x86_64-arm-none-eabi/bin/../lib/gcc/arm-none-eabi/13.3.1/../../../../arm-none-eabi/lib/thumb/v6-m/nofp/libc_nano.a(libc_a-mprec.o)
                0x08009dae                __any_on
 .text._calloc_r
                0x08009df4       0x5a /home/emanuel/Desktop/arm-gnu-toolchain-13.3.rel1-x86_64-arm-none-eabi/bin/../lib/gcc/arm-none-eabi/13.3.1/../../../../arm-none-eabi/lib/thumb/v6-m/nofp/libc_nano.a(libc_a-callocr.o)
                0x08009df4                _calloc_r
 *fill*         0x08009e4e        0x2 
 .text._sbrk_r  0x08009e50       0x24 /home/emanuel/Desktop/arm-gnu-toolchain-13.3.rel1-x86_64-arm-none-eabi/bin/../lib/gcc/arm-none-eabi/13.3.1/../../../../arm-none-eabi/lib/thumb/v6-m/nofp/libc_nano.a(libc_a-sbrkr.o)
                0x08009e50                _sbrk_r
 .text.nan      0x08009e74        0xc /home/emanuel/Desktop/arm-gnu-toolchain-13.3.rel1-x86_64-arm-none-eabi/bin/../lib/gcc/arm-none-eabi/13.3.1/../../../../arm-none-eabi/lib/thumb/v6-m/nofp/libc_nano.a(libm_a-s_nan.o)
                0x08009e74                nan
 .text._realloc_r
                0x08009e80       0x60 /home/emanuel/Desktop/arm-gnu-toolchain-13.3.rel1-x86_64-arm-none-eabi/bin/../lib/gcc/arm-none-eabi/13.3.1/../../../../arm-none-eabi/lib/thumb/v6-m/nofp/libc_nano.a(libc_a-reallocr.o)
                0x08009e80                _realloc_r
 .text.__sfputc_r
                0x08009ee0       0x2a /home/emanuel/Desktop/arm-gnu-toolchain-13.3.rel1-x86_64-arm-none-eabi/bin/../lib/gcc/arm-none-eabi/13.3.1/../../../../arm-none-eabi/lib/thumb/v6-m/nofp/libc_nano.a(libc_a-nano-vfprintf.o)
 .text.__sfputs_r
                0x08009f0a       0x24 /home/emanuel/Desktop/arm-gnu-toolchain-13.3.rel1-x86_64-arm-none-eabi/bin/../lib/gcc/arm-none-eabi/13.3.1/../../../../arm-none-eabi/lib/thumb/v6-m/nofp/libc_nano.a(libc_a-nano-vfprintf.o)
                0x08009f0a                __sfputs_r
 *fill*         0x08009f2e        0x2 
 .text._vfprintf_r
                0x08009f30      0x238 /home/emanuel/Desktop/arm-gnu-toolchain-13.3.rel1-x86_64-arm-none-eabi/bin/../lib/gcc/arm-none-eabi/13.3.1/../../../../arm-none-eabi/lib/thumb/v6-m/nofp/libc_nano.a(libc_a-nano-vfprintf.o)
                0x08009f30                _vfiprintf_r
                0x08009f30                _vfprintf_r
 .text.__swsetup_r
                0x0800a168       0xbc /home/emanuel/Desktop/arm-gnu-toolchain-13.3.rel1-x86_64-arm-none-eabi/bin/../lib/gcc/arm-none-eabi/13.3.1/../../../../arm-none-eabi/lib/thumb/v6-m/nofp/libc_nano.a(libc_a-wsetup.o)
                0x0800a168                __swsetup_r
 .text.abort    0x0800a224        0xe /home/emanuel/Desktop/arm-gnu-toolchain-13.3.rel1-x86_64-arm-none-eabi/bin/../lib/gcc/arm-none-eabi/13.3.1/../../../../arm-none-eabi/lib/thumb/v6-m/nofp/libc_nano.a(libc_a-abort.o)
                0x0800a224                abort
 .text._raise_r
                0x0800a232       0x52 /home/emanuel/Desktop/arm-gnu-toolchain-13.3.rel1-x86_64-arm-none-eabi/bin/../lib/gcc/arm-none-eabi/13.3.1/../../../../arm-none-eabi/lib/thumb/v6-m/nofp/libc_nano.a(libc_a-signal.o)
                0x0800a232                _raise_r
 .text.raise    0x0800a284       0x14 /home/emanuel/Desktop/arm-gnu-toolchain-13.3.rel1-x86_64-arm-none-eabi/bin/../lib/gcc/arm-none-eabi/13.3.1/../../../../arm-none-eabi/lib/thumb/v6-m/nofp/libc_nano.a(libc_a-signal.o)
                0x0800a284                raise
 .text._malloc_usable_size_r
                0x0800a298       0x10 /home/emanuel/Desktop/arm-gnu-toolchain-13.3.rel1-x86_64-arm-none-eabi/bin/../lib/gcc/arm-none-eabi/13.3.1/../../../../arm-none-eabi/lib/thumb/v6-m/nofp/libc_nano.a(libc_a-msizer.o)
                0x0800a298                _malloc_usable_size_r
 .text._kill_r  0x0800a2a8       0x24 /home/emanuel/Desktop/arm-gnu-toolchain-13.3.rel1-x86_64-arm-none-eabi/bin/../lib/gcc/arm-none-eabi/13.3.1/../../../../arm-none-eabi/lib/thumb/v6-m/nofp/libc_nano.a(libc_a-signalr.o)
                0x0800a2a8                _kill_r
 .text._getpid_r
                0x0800a2cc        0x8 /home/emanuel/Desktop/arm-gnu-toolchain-13.3.rel1-x86_64-arm-none-eabi/bin/../lib/gcc/arm-none-eabi/13.3.1/../../../../arm-none-eabi/lib/thumb/v6-m/nofp/libc_nano.a(libc_a-signalr.o)
                0x0800a2cc                _getpid_r
 .text.__swbuf_r
                0x0800a2d4       0x84 /home/emanuel/Desktop/arm-gnu-toolchain-13.3.rel1-x86_64-arm-none-eabi/bin/../lib/gcc/arm-none-eabi/13.3.1/../../../../arm-none-eabi/lib/thumb/v6-m/nofp/libc_nano.a(libc_a-wbuf.o)
                0x0800a2d4                __swbuf_r
 .text.__swhatbuf_r
                0x0800a358       0x54 /home/emanuel/Desktop/arm-gnu-toolchain-13.3.rel1-x86_64-arm-none-eabi/bin/../lib/gcc/arm-none-eabi/13.3.1/../../../../arm-none-eabi/lib/thumb/v6-m/nofp/libc_nano.a(libc_a-makebuf.o)
                0x0800a358                __swhatbuf_r
 .text.__smakebuf_r
                0x0800a3ac       0x82 /home/emanuel/Desktop/arm-gnu-toolchain-13.3.rel1-x86_64-arm-none-eabi/bin/../lib/gcc/arm-none-eabi/13.3.1/../../../../arm-none-eabi/lib/thumb/v6-m/nofp/libc_nano.a(libc_a-makebuf.o)
                0x0800a3ac                __smakebuf_r
 *fill*         0x0800a42e        0x2 
 .text._fstat_r
                0x0800a430       0x24 /home/emanuel/Desktop/arm-gnu-toolchain-13.3.rel1-x86_64-arm-none-eabi/bin/../lib/gcc/arm-none-eabi/13.3.1/../../../../arm-none-eabi/lib/thumb/v6-m/nofp/libc_nano.a(libc_a-fstatr.o)
                0x0800a430                _fstat_r
 .text._isatty_r
                0x0800a454       0x24 /home/emanuel/Desktop/arm-gnu-toolchain-13.3.rel1-x86_64-arm-none-eabi/bin/../lib/gcc/arm-none-eabi/13.3.1/../../../../arm-none-eabi/lib/thumb/v6-m/nofp/libc_nano.a(libc_a-isattyr.o)
                0x0800a454                _isatty_r
 .text.__fixunsdfsi
                0x0800a478       0x3c /home/emanuel/Desktop/arm-gnu-toolchain-13.3.rel1-x86_64-arm-none-eabi/bin/../lib/gcc/arm-none-eabi/13.3.1/thumb/v6-m/nofp/libgcc.a(_fixunsdfsi.o)
                0x0800a478                __fixunsdfsi
                0x0800a478                __aeabi_d2uiz
 .text.__fixdfdi
                0x0800a4b4       0x38 /home/emanuel/Desktop/arm-gnu-toolchain-13.3.rel1-x86_64-arm-none-eabi/bin/../lib/gcc/arm-none-eabi/13.3.1/thumb/v6-m/nofp/libgcc.a(_fixdfdi.o)
                0x0800a4b4                __aeabi_d2lz
                0x0800a4b4                __fixdfdi
 .text.__fixunsdfdi
                0x0800a4ec       0x3c /home/emanuel/Desktop/arm-gnu-toolchain-13.3.rel1-x86_64-arm-none-eabi/bin/../lib/gcc/arm-none-eabi/13.3.1/thumb/v6-m/nofp/libgcc.a(_fixunsdfdi.o)
                0x0800a4ec                __aeabi_d2ulz
                0x0800a4ec                __fixunsdfdi
 .text.__floatdidf
                0x0800a528       0x2c /home/emanuel/Desktop/arm-gnu-toolchain-13.3.rel1-x86_64-arm-none-eabi/bin/../lib/gcc/arm-none-eabi/13.3.1/thumb/v6-m/nofp/libgcc.a(_floatdidf.o)
                0x0800a528                __floatdidf
                0x0800a528                __aeabi_l2d
 .text.__udivmoddi4
                0x0800a554      0x198 /home/emanuel/Desktop/arm-gnu-toolchain-13.3.rel1-x86_64-arm-none-eabi/bin/../lib/gcc/arm-none-eabi/13.3.1/thumb/v6-m/nofp/libgcc.a(_udivmoddi4.o)
                0x0800a554                __udivmoddi4
 .text.__aeabi_dadd
                0x0800a6ec      0x730 /home/emanuel/Desktop/arm-gnu-toolchain-13.3.rel1-x86_64-arm-none-eabi/bin/../lib/gcc/arm-none-eabi/13.3.1/thumb/v6-m/nofp/libgcc.a(adddf3.o)
                0x0800a6ec                __aeabi_dadd
 .text.__aeabi_ddiv
                0x0800ae1c      0x604 /home/emanuel/Desktop/arm-gnu-toolchain-13.3.rel1-x86_64-arm-none-eabi/bin/../lib/gcc/arm-none-eabi/13.3.1/thumb/v6-m/nofp/libgcc.a(divdf3.o)
                0x0800ae1c                __aeabi_ddiv
 .text.__eqdf2  0x0800b420       0x88 /home/emanuel/Desktop/arm-gnu-toolchain-13.3.rel1-x86_64-arm-none-eabi/bin/../lib/gcc/arm-none-eabi/13.3.1/thumb/v6-m/nofp/libgcc.a(eqdf2.o)
                0x0800b420                __eqdf2
                0x0800b420                __nedf2
 .text.__gedf2  0x0800b4a8       0xe0 /home/emanuel/Desktop/arm-gnu-toolchain-13.3.rel1-x86_64-arm-none-eabi/bin/../lib/gcc/arm-none-eabi/13.3.1/thumb/v6-m/nofp/libgcc.a(gedf2.o)
                0x0800b4a8                __gtdf2
                0x0800b4a8                __gedf2
 .text.__ledf2  0x0800b588       0xdc /home/emanuel/Desktop/arm-gnu-toolchain-13.3.rel1-x86_64-arm-none-eabi/bin/../lib/gcc/arm-none-eabi/13.3.1/thumb/v6-m/nofp/libgcc.a(ledf2.o)
                0x0800b588                __ltdf2
                0x0800b588                __ledf2
 .text.__aeabi_dmul
                0x0800b664      0x598 /home/emanuel/Desktop/arm-gnu-toolchain-13.3.rel1-x86_64-arm-none-eabi/bin/../lib/gcc/arm-none-eabi/13.3.1/thumb/v6-m/nofp/libgcc.a(muldf3.o)
                0x0800b664                __aeabi_dmul
 .text.__aeabi_dsub
                0x0800bbfc      0x710 /home/emanuel/Desktop/arm-gnu-toolchain-13.3.rel1-x86_64-arm-none-eabi/bin/../lib/gcc/arm-none-eabi/13.3.1/thumb/v6-m/nofp/libgcc.a(subdf3.o)
                0x0800bbfc                __aeabi_dsub
 .text.__aeabi_dcmpun
                0x0800c30c       0x44 /home/emanuel/Desktop/arm-gnu-toolchain-13.3.rel1-x86_64-arm-none-eabi/bin/../lib/gcc/arm-none-eabi/13.3.1/thumb/v6-m/nofp/libgcc.a(unorddf2.o)
                0x0800c30c                __aeabi_dcmpun
 .text.__aeabi_d2iz
                0x0800c350       0x78 /home/emanuel/Desktop/arm-gnu-toolchain-13.3.rel1-x86_64-arm-none-eabi/bin/../lib/gcc/arm-none-eabi/13.3.1/thumb/v6-m/nofp/libgcc.a(fixdfsi.o)
                0x0800c350                __aeabi_d2iz
 .text.__aeabi_i2d
                0x0800c3c8       0x5c /home/emanuel/Desktop/arm-gnu-toolchain-13.3.rel1-x86_64-arm-none-eabi/bin/../lib/gcc/arm-none-eabi/13.3.1/thumb/v6-m/nofp/libgcc.a(floatsidf.o)
                0x0800c3c8                __aeabi_i2d
 .text.__aeabi_ui2d
                0x0800c424       0x48 /home/emanuel/Desktop/arm-gnu-toolchain-13.3.rel1-x86_64-arm-none-eabi/bin/../lib/gcc/arm-none-eabi/13.3.1/thumb/v6-m/nofp/libgcc.a(floatunsidf.o)
                0x0800c424                __aeabi_ui2d
 .text.__aeabi_d2f
                0x0800c46c      0x10c /home/emanuel/Desktop/arm-gnu-toolchain-13.3.rel1-x86_64-arm-none-eabi/bin/../lib/gcc/arm-none-eabi/13.3.1/thumb/v6-m/nofp/libgcc.a(truncdfsf2.o)
                0x0800c46c                __aeabi_d2f
 *(.glue_7)
 .glue_7        0x0800c578        0x0 linker stubs
 *(.glue_7t)
 .glue_7t       0x0800c578        0x0 linker stubs
 *(.eh_frame)
 .eh_frame      0x0800c578        0x0 /home/emanuel/Desktop/arm-gnu-toolchain-13.3.rel1-x86_64-arm-none-eabi/bin/../lib/gcc/arm-none-eabi/13.3.1/thumb/v6-m/nofp/crtbegin.o
 *(.init)
 .init          0x0800c578        0x4 /home/emanuel/Desktop/arm-gnu-toolchain-13.3.rel1-x86_64-arm-none-eabi/bin/../lib/gcc/arm-none-eabi/13.3.1/thumb/v6-m/nofp/crti.o
                0x0800c578                _init
 .init          0x0800c57c        0x8 /home/emanuel/Desktop/arm-gnu-toolchain-13.3.rel1-x86_64-arm-none-eabi/bin/../lib/gcc/arm-none-eabi/13.3.1/thumb/v6-m/nofp/crtn.o
 *(.fini)
 .fini          0x0800c584        0x4 /home/emanuel/Desktop/arm-gnu-toolchain-13.3.rel1-x86_64-arm-none-eabi/bin/../lib/gcc/arm-none-eabi/13.3.1/thumb/v6-m/nofp/crti.o
                0x0800c584                _fini
 .fini          0x0800c588        0x8 /home/emanuel/Desktop/arm-gnu-toolchain-13.3.rel1-x86_64-arm-none-eabi/bin/../lib/gcc/arm-none-eabi/13.3.1/thumb/v6-m/nofp/crtn.o
                0x0800c590                        . = ALIGN (0x4)
                0x0800c590                        _etext = .

.vfp11_veneer   0x0800c590        0x0
 .vfp11_veneer  0x0800c590        0x0 linker stubs

.v4_bx          0x0800c590        0x0
 .v4_bx         0x0800c590        0x0 linker stubs

.iplt           0x0800c590        0x0
 .iplt          0x0800c590        0x0 /home/emanuel/Desktop/arm-gnu-toolchain-13.3.rel1-x86_64-arm-none-eabi/bin/../lib/gcc/arm-none-eabi/13.3.1/thumb/v6-m/nofp/crtbegin.o

.rodata         0x0800c590    0x1c8cc
                0x0800c590                        . = ALIGN (0x4)
 *(.rodata)
 .rodata        0x0800c590       0x1a ./External/ili9341/ili9341.o
 *(.rodata*)
 .rodata.debugRxHandler.str1.1
                0x0800c5aa      0x303 ./Core/Src/debug_handler.o
                                  0xb (size before relaxing)
 .rodata.debugTxHandler.str1.1
                0x0800c8ad       0x33 ./Core/Src/debug_handler.o
 .rodata.str1.1
                0x0800c8ad       0x2f ./Core/Src/debug_handler.o
 *fill*         0x0800c8ad        0x3 
 .rodata._ZL27debugRxSemaphore_attributes
                0x0800c8b0       0x10 ./Core/Src/debug_handler.o
 .rodata._ZL27debugTxSemaphore_attributes
                0x0800c8c0       0x10 ./Core/Src/debug_handler.o
 .rodata._ZL23debugTxQueue_attributes
                0x0800c8d0       0x18 ./Core/Src/debug_handler.o
 .rodata.str1.1
                0x0800c8e8       0x44 ./Core/Src/main.o
 .rodata.touchscreenTask_attributes
                0x0800c8e8       0x24 ./Core/Src/main.o
                0x0800c8e8                touchscreenTask_attributes
 .rodata.screenSpiDoneEvent_attributes
                0x0800c90c       0x10 ./Core/Src/main.o
                0x0800c90c                screenSpiDoneEvent_attributes
 .rodata.debugRxTask_attributes
                0x0800c91c       0x24 ./Core/Src/main.o
                0x0800c91c                debugRxTask_attributes
 .rodata.debugTxTask_attributes
                0x0800c940       0x24 ./Core/Src/main.o
                0x0800c940                debugTxTask_attributes
 .rodata.mainTask_attributes
                0x0800c964       0x24 ./Core/Src/main.o
                0x0800c964                mainTask_attributes
 .rodata.mainHandler.str1.1
                0x0800c988       0x2b ./Core/Src/main_task.o
 .rodata.PLLMulTable
                0x0800c988        0x9 ./Core/Src/system_stm32l0xx.o
                0x0800c988                PLLMulTable
 .rodata.APBPrescTable
                0x0800c991        0x8 ./Core/Src/system_stm32l0xx.o
                0x0800c991                APBPrescTable
 .rodata.AHBPrescTable
                0x0800c999       0x10 ./Core/Src/system_stm32l0xx.o
                0x0800c999                AHBPrescTable
 .rodata.displayHandler.str1.1
                0x0800c9a9        0xe ./Core/Src/touchscreen_task.o
 .rodata.str1.1
                0x0800c9a9        0xd ./Core/Src/touchscreen_task.o
 *fill*         0x0800c9a9        0x3 
 .rodata._ZL23displayQueue_attributes
                0x0800c9ac       0x18 ./Core/Src/touchscreen_task.o
 .rodata._ZL16test_img_240x240
                0x0800c9c4    0x1c200 ./Core/Src/touchscreen_task.o
 .rodata.ILI9341_Init.str1.1
                0x08028bc4       0x24 ./External/ili9341/ili9341.o
 .rodata.vTaskStartScheduler.str1.1
                0x08028bc4        0x5 ./Middlewares/Third_Party/FreeRTOS/Source/tasks.o
 .rodata.prvCheckForValidListAndQueue.str1.1
                0x08028bc4        0x5 ./Middlewares/Third_Party/FreeRTOS/Source/timers.o
 .rodata.xTimerCreateTimerTask.str1.1
                0x08028bc4        0x8 ./Middlewares/Third_Party/FreeRTOS/Source/timers.o
 .rodata._printf_float.str1.1
                0x08028bc4       0x12 /home/emanuel/Desktop/arm-gnu-toolchain-13.3.rel1-x86_64-arm-none-eabi/bin/../lib/gcc/arm-none-eabi/13.3.1/../../../../arm-none-eabi/lib/thumb/v6-m/nofp/libc_nano.a(libc_a-nano-vfprintf_float.o)
 .rodata._printf_i.str1.1
                0x08028bc4       0x22 /home/emanuel/Desktop/arm-gnu-toolchain-13.3.rel1-x86_64-arm-none-eabi/bin/../lib/gcc/arm-none-eabi/13.3.1/../../../../arm-none-eabi/lib/thumb/v6-m/nofp/libc_nano.a(libc_a-nano-vfprintf_i.o)
 .rodata._scanf_float.str1.1
                0x08028bc4        0x6 /home/emanuel/Desktop/arm-gnu-toolchain-13.3.rel1-x86_64-arm-none-eabi/bin/../lib/gcc/arm-none-eabi/13.3.1/../../../../arm-none-eabi/lib/thumb/v6-m/nofp/libc_nano.a(libc_a-nano-vfscanf_float.o)
 .rodata._dtoa_r.str1.1
                0x08028bc4       0x90 /home/emanuel/Desktop/arm-gnu-toolchain-13.3.rel1-x86_64-arm-none-eabi/bin/../lib/gcc/arm-none-eabi/13.3.1/../../../../arm-none-eabi/lib/thumb/v6-m/nofp/libc_nano.a(libc_a-dtoa.o)
 .rodata._strtod_l.str1.1
                0x08028bc4        0xf /home/emanuel/Desktop/arm-gnu-toolchain-13.3.rel1-x86_64-arm-none-eabi/bin/../lib/gcc/arm-none-eabi/13.3.1/../../../../arm-none-eabi/lib/thumb/v6-m/nofp/libc_nano.a(libc_a-strtod.o)
 .rodata.fpinan.0
                0x08028bc4       0x14 /home/emanuel/Desktop/arm-gnu-toolchain-13.3.rel1-x86_64-arm-none-eabi/bin/../lib/gcc/arm-none-eabi/13.3.1/../../../../arm-none-eabi/lib/thumb/v6-m/nofp/libc_nano.a(libc_a-strtod.o)
 .rodata.fpi.1  0x08028bd8       0x14 /home/emanuel/Desktop/arm-gnu-toolchain-13.3.rel1-x86_64-arm-none-eabi/bin/../lib/gcc/arm-none-eabi/13.3.1/../../../../arm-none-eabi/lib/thumb/v6-m/nofp/libc_nano.a(libc_a-strtod.o)
 *fill*         0x08028bec        0x4 
 .rodata.tinytens
                0x08028bf0       0x28 /home/emanuel/Desktop/arm-gnu-toolchain-13.3.rel1-x86_64-arm-none-eabi/bin/../lib/gcc/arm-none-eabi/13.3.1/../../../../arm-none-eabi/lib/thumb/v6-m/nofp/libc_nano.a(libc_a-strtod.o)
 .rodata.__gethex.str1.1
                0x08028c18       0x74 /home/emanuel/Desktop/arm-gnu-toolchain-13.3.rel1-x86_64-arm-none-eabi/bin/../lib/gcc/arm-none-eabi/13.3.1/../../../../arm-none-eabi/lib/thumb/v6-m/nofp/libc_nano.a(libc_a-gdtoa-gethex.o)
 .rodata._setlocale_r.str1.1
                0x08028c18        0x9 /home/emanuel/Desktop/arm-gnu-toolchain-13.3.rel1-x86_64-arm-none-eabi/bin/../lib/gcc/arm-none-eabi/13.3.1/../../../../arm-none-eabi/lib/thumb/v6-m/nofp/libc_nano.a(libc_a-locale.o)
 .rodata.str1.1
                0x08028c18        0x2 /home/emanuel/Desktop/arm-gnu-toolchain-13.3.rel1-x86_64-arm-none-eabi/bin/../lib/gcc/arm-none-eabi/13.3.1/../../../../arm-none-eabi/lib/thumb/v6-m/nofp/libc_nano.a(libc_a-locale.o)
 .rodata._svfprintf_r.str1.1
                0x08028c18       0x11 /home/emanuel/Desktop/arm-gnu-toolchain-13.3.rel1-x86_64-arm-none-eabi/bin/../lib/gcc/arm-none-eabi/13.3.1/../../../../arm-none-eabi/lib/thumb/v6-m/nofp/libc_nano.a(libc_a-nano-svfprintf.o)
 .rodata.__assert_func.str1.1
                0x08028c18       0x3d /home/emanuel/Desktop/arm-gnu-toolchain-13.3.rel1-x86_64-arm-none-eabi/bin/../lib/gcc/arm-none-eabi/13.3.1/../../../../arm-none-eabi/lib/thumb/v6-m/nofp/libc_nano.a(libc_a-assert.o)
 .rodata._Balloc.str1.1