../External/ili9341/ili9341.c:8:13:ILI9341_Select	8	static
../External/ili9341/ili9341.c:24:13:ILI9341_WriteCommand	16	static
../External/ili9341/ili9341.c:29:13:ILI9341_WriteData	24	static
../External/ili9341/ili9341.c:43:13:ILI9341_SetAddressWindow	40	static
../External/ili9341/ili9341.c:12:6:ILI9341_Unselect	8	static
../External/ili9341/ili9341.c:286:6:ILI9341_FillRectangle.part.0	32	static
../External/ili9341/ili9341.c:62:6:ILI9341_Init	32	static
../External/ili9341/ili9341.c:217:6:ILI9341_DrawPixel	24	static
../External/ili9341/ili9341.c:260:6:ILI9341_WriteString	72	static
../External/ili9341/ili9341.c:286:6:ILI9341_FillRectangle	32	static
../External/ili9341/ili9341.c:314:6:ILI9341_FillScreen	24	static
../External/ili9341/ili9341.c:318:6:ILI9341_DrawImage	24	static
../External/ili9341/ili9341.c:329:6:ILI9341_InvertColors	8	static
